ARM GAS  C:\Users\GCRIST~1\AppData\Local\Temp\ccnejcoD.s 			page 1


   1              		.syntax unified
   2              		.cpu cortex-m0plus
   3              		.fpu softvfp
   4              		.eabi_attribute 20, 1
   5              		.eabi_attribute 21, 1
   6              		.eabi_attribute 23, 3
   7              		.eabi_attribute 24, 1
   8              		.eabi_attribute 25, 1
   9              		.eabi_attribute 26, 1
  10              		.eabi_attribute 30, 1
  11              		.eabi_attribute 34, 0
  12              		.eabi_attribute 18, 4
  13              		.thumb
  14              		.syntax unified
  15              		.file	"cyfitter_cfg.c"
  16              		.text
  17              	.Ltext0:
  18              		.cfi_sections	.debug_frame
  19              		.section	.psocinit,"ax",%progbits
  20              		.align	2
  21              		.code	16
  22              		.thumb_func
  23              		.type	ClockSetup, %function
  24              	ClockSetup:
  25              	.LFB4:
  26              		.file 1 "Generated_Source\\PSoC4\\cyfitter_cfg.c"
   1:Generated_Source\PSoC4/cyfitter_cfg.c **** 
   2:Generated_Source\PSoC4/cyfitter_cfg.c **** /*******************************************************************************
   3:Generated_Source\PSoC4/cyfitter_cfg.c **** * File Name: cyfitter_cfg.c
   4:Generated_Source\PSoC4/cyfitter_cfg.c **** * 
   5:Generated_Source\PSoC4/cyfitter_cfg.c **** * PSoC Creator  4.3
   6:Generated_Source\PSoC4/cyfitter_cfg.c **** *
   7:Generated_Source\PSoC4/cyfitter_cfg.c **** * Description:
   8:Generated_Source\PSoC4/cyfitter_cfg.c **** * This file contains device initialization code.
   9:Generated_Source\PSoC4/cyfitter_cfg.c **** * Except for the user defined sections in CyClockStartupError(), this file should not be modified.
  10:Generated_Source\PSoC4/cyfitter_cfg.c **** * This file is automatically generated by PSoC Creator.
  11:Generated_Source\PSoC4/cyfitter_cfg.c **** *
  12:Generated_Source\PSoC4/cyfitter_cfg.c **** ********************************************************************************
  13:Generated_Source\PSoC4/cyfitter_cfg.c **** * Copyright (c) 2007-2019 Cypress Semiconductor.  All rights reserved.
  14:Generated_Source\PSoC4/cyfitter_cfg.c **** * You may use this file only in accordance with the license, terms, conditions, 
  15:Generated_Source\PSoC4/cyfitter_cfg.c **** * disclaimers, and limitations in the end user license agreement accompanying 
  16:Generated_Source\PSoC4/cyfitter_cfg.c **** * the software package with which this file was provided.
  17:Generated_Source\PSoC4/cyfitter_cfg.c **** ********************************************************************************/
  18:Generated_Source\PSoC4/cyfitter_cfg.c **** 
  19:Generated_Source\PSoC4/cyfitter_cfg.c **** #include <string.h>
  20:Generated_Source\PSoC4/cyfitter_cfg.c **** #include "cytypes.h"
  21:Generated_Source\PSoC4/cyfitter_cfg.c **** #include "cydevice_trm.h"
  22:Generated_Source\PSoC4/cyfitter_cfg.c **** #include "cyfitter.h"
  23:Generated_Source\PSoC4/cyfitter_cfg.c **** #include "CyLib.h"
  24:Generated_Source\PSoC4/cyfitter_cfg.c **** #include "CyLFClk.h"
  25:Generated_Source\PSoC4/cyfitter_cfg.c **** #include "cyfitter_cfg.h"
  26:Generated_Source\PSoC4/cyfitter_cfg.c **** #include "cyapicallbacks.h"
  27:Generated_Source\PSoC4/cyfitter_cfg.c **** 
  28:Generated_Source\PSoC4/cyfitter_cfg.c **** 
  29:Generated_Source\PSoC4/cyfitter_cfg.c **** #if defined(__GNUC__) || defined(__ARMCC_VERSION)
  30:Generated_Source\PSoC4/cyfitter_cfg.c ****     #define CYPACKED 
  31:Generated_Source\PSoC4/cyfitter_cfg.c ****     #define CYPACKED_ATTR __attribute__ ((packed))
ARM GAS  C:\Users\GCRIST~1\AppData\Local\Temp\ccnejcoD.s 			page 2


  32:Generated_Source\PSoC4/cyfitter_cfg.c ****     #define CYALIGNED __attribute__ ((aligned))
  33:Generated_Source\PSoC4/cyfitter_cfg.c ****     #define CY_CFG_UNUSED __attribute__ ((unused))
  34:Generated_Source\PSoC4/cyfitter_cfg.c ****     #ifndef CY_CFG_SECTION
  35:Generated_Source\PSoC4/cyfitter_cfg.c ****         #define CY_CFG_SECTION __attribute__ ((section(".psocinit")))
  36:Generated_Source\PSoC4/cyfitter_cfg.c ****     #endif
  37:Generated_Source\PSoC4/cyfitter_cfg.c ****     
  38:Generated_Source\PSoC4/cyfitter_cfg.c ****     #if defined(__ARMCC_VERSION)
  39:Generated_Source\PSoC4/cyfitter_cfg.c ****         #define CY_CFG_MEMORY_BARRIER() __memory_changed()
  40:Generated_Source\PSoC4/cyfitter_cfg.c ****     #else
  41:Generated_Source\PSoC4/cyfitter_cfg.c ****         #define CY_CFG_MEMORY_BARRIER() __sync_synchronize()
  42:Generated_Source\PSoC4/cyfitter_cfg.c ****     #endif
  43:Generated_Source\PSoC4/cyfitter_cfg.c ****     
  44:Generated_Source\PSoC4/cyfitter_cfg.c **** #elif defined(__ICCARM__)
  45:Generated_Source\PSoC4/cyfitter_cfg.c ****     #include <intrinsics.h>
  46:Generated_Source\PSoC4/cyfitter_cfg.c **** 
  47:Generated_Source\PSoC4/cyfitter_cfg.c ****     #define CYPACKED __packed
  48:Generated_Source\PSoC4/cyfitter_cfg.c ****     #define CYPACKED_ATTR 
  49:Generated_Source\PSoC4/cyfitter_cfg.c ****     #define CYALIGNED _Pragma("data_alignment=4")
  50:Generated_Source\PSoC4/cyfitter_cfg.c ****     #define CY_CFG_UNUSED _Pragma("diag_suppress=Pe177")
  51:Generated_Source\PSoC4/cyfitter_cfg.c ****     #define CY_CFG_SECTION _Pragma("location=\".psocinit\"")
  52:Generated_Source\PSoC4/cyfitter_cfg.c ****     
  53:Generated_Source\PSoC4/cyfitter_cfg.c ****     #define CY_CFG_MEMORY_BARRIER() __DMB()
  54:Generated_Source\PSoC4/cyfitter_cfg.c ****     
  55:Generated_Source\PSoC4/cyfitter_cfg.c **** #else
  56:Generated_Source\PSoC4/cyfitter_cfg.c ****     #error Unsupported toolchain
  57:Generated_Source\PSoC4/cyfitter_cfg.c **** #endif
  58:Generated_Source\PSoC4/cyfitter_cfg.c **** 
  59:Generated_Source\PSoC4/cyfitter_cfg.c **** #ifndef CYCODE
  60:Generated_Source\PSoC4/cyfitter_cfg.c ****     #define CYCODE
  61:Generated_Source\PSoC4/cyfitter_cfg.c **** #endif
  62:Generated_Source\PSoC4/cyfitter_cfg.c **** #ifndef CYDATA
  63:Generated_Source\PSoC4/cyfitter_cfg.c ****     #define CYDATA
  64:Generated_Source\PSoC4/cyfitter_cfg.c **** #endif
  65:Generated_Source\PSoC4/cyfitter_cfg.c **** #ifndef CYFAR
  66:Generated_Source\PSoC4/cyfitter_cfg.c ****     #define CYFAR
  67:Generated_Source\PSoC4/cyfitter_cfg.c **** #endif
  68:Generated_Source\PSoC4/cyfitter_cfg.c **** #ifndef CYXDATA
  69:Generated_Source\PSoC4/cyfitter_cfg.c ****     #define CYXDATA
  70:Generated_Source\PSoC4/cyfitter_cfg.c **** #endif
  71:Generated_Source\PSoC4/cyfitter_cfg.c **** 
  72:Generated_Source\PSoC4/cyfitter_cfg.c **** 
  73:Generated_Source\PSoC4/cyfitter_cfg.c **** CY_CFG_UNUSED
  74:Generated_Source\PSoC4/cyfitter_cfg.c **** static void CYMEMZERO(void *s, size_t n);
  75:Generated_Source\PSoC4/cyfitter_cfg.c **** CY_CFG_UNUSED
  76:Generated_Source\PSoC4/cyfitter_cfg.c **** static void CYMEMZERO(void *s, size_t n)
  77:Generated_Source\PSoC4/cyfitter_cfg.c **** {
  78:Generated_Source\PSoC4/cyfitter_cfg.c **** 	(void)memset(s, 0, n);
  79:Generated_Source\PSoC4/cyfitter_cfg.c **** }
  80:Generated_Source\PSoC4/cyfitter_cfg.c **** CY_CFG_UNUSED
  81:Generated_Source\PSoC4/cyfitter_cfg.c **** static void CYCONFIGCPY(void *dest, const void *src, size_t n);
  82:Generated_Source\PSoC4/cyfitter_cfg.c **** CY_CFG_UNUSED
  83:Generated_Source\PSoC4/cyfitter_cfg.c **** static void CYCONFIGCPY(void *dest, const void *src, size_t n)
  84:Generated_Source\PSoC4/cyfitter_cfg.c **** {
  85:Generated_Source\PSoC4/cyfitter_cfg.c **** 	(void)memcpy(dest, src, n);
  86:Generated_Source\PSoC4/cyfitter_cfg.c **** }
  87:Generated_Source\PSoC4/cyfitter_cfg.c **** CY_CFG_UNUSED
  88:Generated_Source\PSoC4/cyfitter_cfg.c **** static void CYCONFIGCPYCODE(void *dest, const void *src, size_t n);
ARM GAS  C:\Users\GCRIST~1\AppData\Local\Temp\ccnejcoD.s 			page 3


  89:Generated_Source\PSoC4/cyfitter_cfg.c **** CY_CFG_UNUSED
  90:Generated_Source\PSoC4/cyfitter_cfg.c **** static void CYCONFIGCPYCODE(void *dest, const void *src, size_t n)
  91:Generated_Source\PSoC4/cyfitter_cfg.c **** {
  92:Generated_Source\PSoC4/cyfitter_cfg.c **** 	(void)memcpy(dest, src, n);
  93:Generated_Source\PSoC4/cyfitter_cfg.c **** }
  94:Generated_Source\PSoC4/cyfitter_cfg.c **** 
  95:Generated_Source\PSoC4/cyfitter_cfg.c **** 
  96:Generated_Source\PSoC4/cyfitter_cfg.c **** 
  97:Generated_Source\PSoC4/cyfitter_cfg.c **** 
  98:Generated_Source\PSoC4/cyfitter_cfg.c **** /* Clock startup error codes                                                   */
  99:Generated_Source\PSoC4/cyfitter_cfg.c **** #define CYCLOCKSTART_NO_ERROR    0u
 100:Generated_Source\PSoC4/cyfitter_cfg.c **** #define CYCLOCKSTART_XTAL_ERROR  1u
 101:Generated_Source\PSoC4/cyfitter_cfg.c **** #define CYCLOCKSTART_32KHZ_ERROR 2u
 102:Generated_Source\PSoC4/cyfitter_cfg.c **** #define CYCLOCKSTART_PLL_ERROR   3u
 103:Generated_Source\PSoC4/cyfitter_cfg.c **** #define CYCLOCKSTART_FLL_ERROR   4u
 104:Generated_Source\PSoC4/cyfitter_cfg.c **** #define CYCLOCKSTART_WCO_ERROR   5u
 105:Generated_Source\PSoC4/cyfitter_cfg.c **** 
 106:Generated_Source\PSoC4/cyfitter_cfg.c **** 
 107:Generated_Source\PSoC4/cyfitter_cfg.c **** #ifdef CY_NEED_CYCLOCKSTARTUPERROR
 108:Generated_Source\PSoC4/cyfitter_cfg.c **** /*******************************************************************************
 109:Generated_Source\PSoC4/cyfitter_cfg.c **** * Function Name: CyClockStartupError
 110:Generated_Source\PSoC4/cyfitter_cfg.c **** ********************************************************************************
 111:Generated_Source\PSoC4/cyfitter_cfg.c **** * Summary:
 112:Generated_Source\PSoC4/cyfitter_cfg.c **** *  If an error is encountered during clock configuration (crystal startup error,
 113:Generated_Source\PSoC4/cyfitter_cfg.c **** *  PLL lock error, etc.), the system will end up here.  Unless reimplemented by
 114:Generated_Source\PSoC4/cyfitter_cfg.c **** *  the customer, this function will stop in an infinite loop.
 115:Generated_Source\PSoC4/cyfitter_cfg.c **** *
 116:Generated_Source\PSoC4/cyfitter_cfg.c **** * Parameters:
 117:Generated_Source\PSoC4/cyfitter_cfg.c **** *   void
 118:Generated_Source\PSoC4/cyfitter_cfg.c **** *
 119:Generated_Source\PSoC4/cyfitter_cfg.c **** * Return:
 120:Generated_Source\PSoC4/cyfitter_cfg.c **** *   void
 121:Generated_Source\PSoC4/cyfitter_cfg.c **** *
 122:Generated_Source\PSoC4/cyfitter_cfg.c **** *******************************************************************************/
 123:Generated_Source\PSoC4/cyfitter_cfg.c **** CY_CFG_UNUSED
 124:Generated_Source\PSoC4/cyfitter_cfg.c **** static void CyClockStartupError(uint8 errorCode);
 125:Generated_Source\PSoC4/cyfitter_cfg.c **** CY_CFG_UNUSED
 126:Generated_Source\PSoC4/cyfitter_cfg.c **** static void CyClockStartupError(uint8 errorCode)
 127:Generated_Source\PSoC4/cyfitter_cfg.c **** {
 128:Generated_Source\PSoC4/cyfitter_cfg.c ****     /* To remove the compiler warning if errorCode not used.                */
 129:Generated_Source\PSoC4/cyfitter_cfg.c ****     errorCode = errorCode;
 130:Generated_Source\PSoC4/cyfitter_cfg.c **** 
 131:Generated_Source\PSoC4/cyfitter_cfg.c ****     /* If we have a clock startup error (bad MHz crystal, PLL lock, etc.),  */
 132:Generated_Source\PSoC4/cyfitter_cfg.c ****     /* we will end up here to allow the customer to implement something to  */
 133:Generated_Source\PSoC4/cyfitter_cfg.c ****     /* deal with the clock condition.                                       */
 134:Generated_Source\PSoC4/cyfitter_cfg.c **** 
 135:Generated_Source\PSoC4/cyfitter_cfg.c **** #ifdef CY_CFG_CLOCK_STARTUP_ERROR_CALLBACK
 136:Generated_Source\PSoC4/cyfitter_cfg.c ****     CY_CFG_Clock_Startup_ErrorCallback();
 137:Generated_Source\PSoC4/cyfitter_cfg.c **** #else
 138:Generated_Source\PSoC4/cyfitter_cfg.c ****     /*  If not using CY_CFG_CLOCK_STARTUP_ERROR_CALLBACK, place your clock startup code here. */
 139:Generated_Source\PSoC4/cyfitter_cfg.c ****     /* `#START CyClockStartupError` */
 140:Generated_Source\PSoC4/cyfitter_cfg.c **** 
 141:Generated_Source\PSoC4/cyfitter_cfg.c **** 
 142:Generated_Source\PSoC4/cyfitter_cfg.c **** 
 143:Generated_Source\PSoC4/cyfitter_cfg.c ****     /* `#END` */
 144:Generated_Source\PSoC4/cyfitter_cfg.c **** 
 145:Generated_Source\PSoC4/cyfitter_cfg.c ****     while(1) {}
ARM GAS  C:\Users\GCRIST~1\AppData\Local\Temp\ccnejcoD.s 			page 4


 146:Generated_Source\PSoC4/cyfitter_cfg.c **** #endif /* CY_CFG_CLOCK_STARTUP_ERROR_CALLBACK */
 147:Generated_Source\PSoC4/cyfitter_cfg.c **** }
 148:Generated_Source\PSoC4/cyfitter_cfg.c **** #endif
 149:Generated_Source\PSoC4/cyfitter_cfg.c **** 
 150:Generated_Source\PSoC4/cyfitter_cfg.c **** 
 151:Generated_Source\PSoC4/cyfitter_cfg.c **** 
 152:Generated_Source\PSoC4/cyfitter_cfg.c **** /*******************************************************************************
 153:Generated_Source\PSoC4/cyfitter_cfg.c **** * Function Name: ClockSetup
 154:Generated_Source\PSoC4/cyfitter_cfg.c **** ********************************************************************************
 155:Generated_Source\PSoC4/cyfitter_cfg.c **** *
 156:Generated_Source\PSoC4/cyfitter_cfg.c **** * Summary:
 157:Generated_Source\PSoC4/cyfitter_cfg.c **** *   Performs the initialization of all of the clocks in the device based on the
 158:Generated_Source\PSoC4/cyfitter_cfg.c **** *   settings in the Clock tab of the DWR.  This includes enabling the requested
 159:Generated_Source\PSoC4/cyfitter_cfg.c **** *   clocks and setting the necessary dividers to produce the desired frequency. 
 160:Generated_Source\PSoC4/cyfitter_cfg.c **** *
 161:Generated_Source\PSoC4/cyfitter_cfg.c **** * Parameters:
 162:Generated_Source\PSoC4/cyfitter_cfg.c **** *   void
 163:Generated_Source\PSoC4/cyfitter_cfg.c **** *
 164:Generated_Source\PSoC4/cyfitter_cfg.c **** * Return:
 165:Generated_Source\PSoC4/cyfitter_cfg.c **** *   void
 166:Generated_Source\PSoC4/cyfitter_cfg.c **** *
 167:Generated_Source\PSoC4/cyfitter_cfg.c **** *******************************************************************************/
 168:Generated_Source\PSoC4/cyfitter_cfg.c **** static void ClockSetup(void);
 169:Generated_Source\PSoC4/cyfitter_cfg.c **** CY_CFG_SECTION
 170:Generated_Source\PSoC4/cyfitter_cfg.c **** static void ClockSetup(void)
 171:Generated_Source\PSoC4/cyfitter_cfg.c **** {
  27              		.loc 1 171 0
  28              		.cfi_startproc
  29              		@ args = 0, pretend = 0, frame = 0
  30              		@ frame_needed = 0, uses_anonymous_args = 0
  31 0000 10B5     		push	{r4, lr}
  32              		.cfi_def_cfa_offset 8
  33              		.cfi_offset 4, -8
  34              		.cfi_offset 14, -4
 172:Generated_Source\PSoC4/cyfitter_cfg.c **** 
 173:Generated_Source\PSoC4/cyfitter_cfg.c **** 	/* Set Flash Cycles based on max possible frequency in case a glitch occurs during ClockSetup(). *
 174:Generated_Source\PSoC4/cyfitter_cfg.c **** 	CY_SET_REG32((void CYXDATA *)(CYREG_CPUSS_FLASH_CTL), (0x0012u));
  35              		.loc 1 174 0
  36 0002 184C     		ldr	r4, .L2
  37 0004 1223     		movs	r3, #18
  38 0006 2360     		str	r3, [r4]
 175:Generated_Source\PSoC4/cyfitter_cfg.c **** 	/* Update IMO to new clock speed. */
 176:Generated_Source\PSoC4/cyfitter_cfg.c **** 	CySysClkWriteImoFreq(24u);
  39              		.loc 1 176 0
  40 0008 1820     		movs	r0, #24
  41 000a FFF7FEFF 		bl	CySysClkWriteImoFreq
  42              	.LVL0:
 177:Generated_Source\PSoC4/cyfitter_cfg.c **** 
 178:Generated_Source\PSoC4/cyfitter_cfg.c **** 	/* Setup phase aligned clocks */
 179:Generated_Source\PSoC4/cyfitter_cfg.c **** 	CY_SET_REG32((void *)CYREG_PERI_DIV_16_CTL0, 0x00000100u);
  43              		.loc 1 179 0
  44 000e 8022     		movs	r2, #128
  45 0010 5200     		lsls	r2, r2, #1
  46 0012 154B     		ldr	r3, .L2+4
  47 0014 1A60     		str	r2, [r3]
 180:Generated_Source\PSoC4/cyfitter_cfg.c **** 	CY_SET_REG32((void *)CYREG_PERI_DIV_CMD, 0x8000FF40u);
  48              		.loc 1 180 0
ARM GAS  C:\Users\GCRIST~1\AppData\Local\Temp\ccnejcoD.s 			page 5


  49 0016 8023     		movs	r3, #128
  50 0018 DB05     		lsls	r3, r3, #23
  51 001a 1449     		ldr	r1, .L2+8
  52 001c 1960     		str	r1, [r3]
 181:Generated_Source\PSoC4/cyfitter_cfg.c **** 	CY_SET_REG32((void *)CYREG_PERI_DIV_16_CTL1, 0x00000100u);
  53              		.loc 1 181 0
  54 001e 1449     		ldr	r1, .L2+12
  55 0020 0A60     		str	r2, [r1]
 182:Generated_Source\PSoC4/cyfitter_cfg.c **** 	CY_SET_REG32((void *)CYREG_PERI_DIV_CMD, 0x8000FF41u);
  56              		.loc 1 182 0
  57 0022 144A     		ldr	r2, .L2+16
  58 0024 1A60     		str	r2, [r3]
 183:Generated_Source\PSoC4/cyfitter_cfg.c **** 	CY_SET_REG32((void *)CYREG_PERI_DIV_16_CTL2, 0x00001000u);
  59              		.loc 1 183 0
  60 0026 8021     		movs	r1, #128
  61 0028 4901     		lsls	r1, r1, #5
  62 002a 134A     		ldr	r2, .L2+20
  63 002c 1160     		str	r1, [r2]
 184:Generated_Source\PSoC4/cyfitter_cfg.c **** 	CY_SET_REG32((void *)CYREG_PERI_DIV_CMD, 0x8000FF42u);
  64              		.loc 1 184 0
  65 002e 134A     		ldr	r2, .L2+24
  66 0030 1A60     		str	r2, [r3]
 185:Generated_Source\PSoC4/cyfitter_cfg.c **** 
 186:Generated_Source\PSoC4/cyfitter_cfg.c **** 	/* CYDEV_CLK_SELECT Starting address: CYDEV_CLK_SELECT */
 187:Generated_Source\PSoC4/cyfitter_cfg.c **** 	CY_SET_REG32((void *)(CYREG_CLK_SELECT), 0x00000020u);
  67              		.loc 1 187 0
  68 0032 2022     		movs	r2, #32
  69 0034 124B     		ldr	r3, .L2+28
  70 0036 1A60     		str	r2, [r3]
 188:Generated_Source\PSoC4/cyfitter_cfg.c **** 
 189:Generated_Source\PSoC4/cyfitter_cfg.c **** 	/* CYDEV_PERI_PCLK_CTL12 Starting address: CYDEV_PERI_PCLK_CTL12 */
 190:Generated_Source\PSoC4/cyfitter_cfg.c **** 	CY_SET_REG32((void *)(CYREG_PERI_PCLK_CTL12), 0x00000041u);
  71              		.loc 1 190 0
  72 0038 2132     		adds	r2, r2, #33
  73 003a 124B     		ldr	r3, .L2+32
  74 003c 1A60     		str	r2, [r3]
 191:Generated_Source\PSoC4/cyfitter_cfg.c **** 
 192:Generated_Source\PSoC4/cyfitter_cfg.c **** 	/* CYDEV_PERI_PCLK_CTL1 Starting address: CYDEV_PERI_PCLK_CTL1 */
 193:Generated_Source\PSoC4/cyfitter_cfg.c **** 	CY_SET_REG32((void *)(CYREG_PERI_PCLK_CTL1), 0x00000042u);
  75              		.loc 1 193 0
  76 003e 0132     		adds	r2, r2, #1
  77 0040 114B     		ldr	r3, .L2+36
  78 0042 1A60     		str	r2, [r3]
 194:Generated_Source\PSoC4/cyfitter_cfg.c **** 
 195:Generated_Source\PSoC4/cyfitter_cfg.c **** 	(void)CyIntSetVector(11u, &CySysTimerIsr);
  79              		.loc 1 195 0
  80 0044 1149     		ldr	r1, .L2+40
  81 0046 0B20     		movs	r0, #11
  82 0048 FFF7FEFF 		bl	CyIntSetVector
  83              	.LVL1:
 196:Generated_Source\PSoC4/cyfitter_cfg.c **** 	CyIntEnable(11u);
  84              		.loc 1 196 0
  85 004c 0B20     		movs	r0, #11
  86 004e FFF7FEFF 		bl	CyIntEnable
  87              	.LVL2:
 197:Generated_Source\PSoC4/cyfitter_cfg.c **** 	CY_SET_REG32((void *)(CYREG_WCO_WDT_CONFIG), 0x00000000u);
  88              		.loc 1 197 0
ARM GAS  C:\Users\GCRIST~1\AppData\Local\Temp\ccnejcoD.s 			page 6


  89 0052 0022     		movs	r2, #0
  90 0054 0E4B     		ldr	r3, .L2+44
  91 0056 1A60     		str	r2, [r3]
 198:Generated_Source\PSoC4/cyfitter_cfg.c **** 	CySysClkSetTimerSource(CY_SYS_CLK_TIMER_SRC_ILO);
  92              		.loc 1 198 0
  93 0058 0020     		movs	r0, #0
  94 005a FFF7FEFF 		bl	CySysClkSetTimerSource
  95              	.LVL3:
 199:Generated_Source\PSoC4/cyfitter_cfg.c **** 	/* Set Flash Cycles based on newly configured 24.00MHz HFCLK. */
 200:Generated_Source\PSoC4/cyfitter_cfg.c **** 	CY_SET_REG32((void CYXDATA *)(CYREG_CPUSS_FLASH_CTL), (0x0011u));
  96              		.loc 1 200 0
  97 005e 1123     		movs	r3, #17
  98 0060 2360     		str	r3, [r4]
 201:Generated_Source\PSoC4/cyfitter_cfg.c **** }
  99              		.loc 1 201 0
 100              		@ sp needed
 101 0062 10BD     		pop	{r4, pc}
 102              	.L3:
 103              		.align	2
 104              	.L2:
 105 0064 30001040 		.word	1074790448
 106 0068 00030040 		.word	1073742592
 107 006c 40FF0080 		.word	-2147418304
 108 0070 04030040 		.word	1073742596
 109 0074 41FF0080 		.word	-2147418303
 110 0078 08030040 		.word	1073742600
 111 007c 42FF0080 		.word	-2147418302
 112 0080 28000340 		.word	1073938472
 113 0084 30010040 		.word	1073742128
 114 0088 04010040 		.word	1073742084
 115 008c 00000000 		.word	CySysTimerIsr
 116 0090 0C020640 		.word	1074135564
 117              		.cfi_endproc
 118              	.LFE4:
 119              		.size	ClockSetup, .-ClockSetup
 120              		.section	.text.SetAnalogRoutingPumps,"ax",%progbits
 121              		.align	2
 122              		.global	SetAnalogRoutingPumps
 123              		.code	16
 124              		.thumb_func
 125              		.type	SetAnalogRoutingPumps, %function
 126              	SetAnalogRoutingPumps:
 127              	.LFB6:
 202:Generated_Source\PSoC4/cyfitter_cfg.c **** 
 203:Generated_Source\PSoC4/cyfitter_cfg.c **** 
 204:Generated_Source\PSoC4/cyfitter_cfg.c **** /* Analog API Functions */
 205:Generated_Source\PSoC4/cyfitter_cfg.c **** 
 206:Generated_Source\PSoC4/cyfitter_cfg.c **** 
 207:Generated_Source\PSoC4/cyfitter_cfg.c **** /*******************************************************************************
 208:Generated_Source\PSoC4/cyfitter_cfg.c **** * Function Name: AnalogSetDefault
 209:Generated_Source\PSoC4/cyfitter_cfg.c **** ********************************************************************************
 210:Generated_Source\PSoC4/cyfitter_cfg.c **** *
 211:Generated_Source\PSoC4/cyfitter_cfg.c **** * Summary:
 212:Generated_Source\PSoC4/cyfitter_cfg.c **** *  Sets up the analog portions of the chip to default values based on chip
 213:Generated_Source\PSoC4/cyfitter_cfg.c **** *  configuration options from the project.
 214:Generated_Source\PSoC4/cyfitter_cfg.c **** *
 215:Generated_Source\PSoC4/cyfitter_cfg.c **** * Parameters:
ARM GAS  C:\Users\GCRIST~1\AppData\Local\Temp\ccnejcoD.s 			page 7


 216:Generated_Source\PSoC4/cyfitter_cfg.c **** *  void
 217:Generated_Source\PSoC4/cyfitter_cfg.c **** *
 218:Generated_Source\PSoC4/cyfitter_cfg.c **** * Return:
 219:Generated_Source\PSoC4/cyfitter_cfg.c **** *  void
 220:Generated_Source\PSoC4/cyfitter_cfg.c **** *
 221:Generated_Source\PSoC4/cyfitter_cfg.c **** *******************************************************************************/
 222:Generated_Source\PSoC4/cyfitter_cfg.c **** static void AnalogSetDefault(void);
 223:Generated_Source\PSoC4/cyfitter_cfg.c **** static void AnalogSetDefault(void)
 224:Generated_Source\PSoC4/cyfitter_cfg.c **** {
 225:Generated_Source\PSoC4/cyfitter_cfg.c **** 	CY_SET_XTND_REG32((void CYFAR *)CYREG_CTB0_CTB_CTRL, 0x80000000u);
 226:Generated_Source\PSoC4/cyfitter_cfg.c **** 	CY_SET_XTND_REG32((void CYFAR *)CYREG_CTB0_OA0_SW, 0x20000001u);
 227:Generated_Source\PSoC4/cyfitter_cfg.c **** 	CY_SET_XTND_REG32((void CYFAR *)CYREG_ART_CTRL, 0x80000000u);
 228:Generated_Source\PSoC4/cyfitter_cfg.c **** 	CY_SET_XTND_REG32((void CYFAR *)CYREG_ART_SARMUXVPLUS_SW, 0x01000001u);
 229:Generated_Source\PSoC4/cyfitter_cfg.c **** 	CY_SET_XTND_REG32((void CYFAR *)CYREG_PASS_PASS_CTRL, 0x00000003u);
 230:Generated_Source\PSoC4/cyfitter_cfg.c **** 	CY_SET_XTND_REG32((void CYFAR *)CYREG_PASS_PRB_CTRL, 0x80000001u);
 231:Generated_Source\PSoC4/cyfitter_cfg.c **** 	CY_SET_XTND_REG32((void CYFAR *)CYREG_PASS_PRB_REF0, 0x000000F1u);
 232:Generated_Source\PSoC4/cyfitter_cfg.c **** 	CY_SET_XTND_REG32((void CYFAR *)CYREG_PASS_DSAB_DSAB_CTRL, 0x00000020u);
 233:Generated_Source\PSoC4/cyfitter_cfg.c **** 	SetAnalogRoutingPumps(1);
 234:Generated_Source\PSoC4/cyfitter_cfg.c **** }
 235:Generated_Source\PSoC4/cyfitter_cfg.c **** 
 236:Generated_Source\PSoC4/cyfitter_cfg.c **** 
 237:Generated_Source\PSoC4/cyfitter_cfg.c **** /*******************************************************************************
 238:Generated_Source\PSoC4/cyfitter_cfg.c **** * Function Name: SetAnalogRoutingPumps
 239:Generated_Source\PSoC4/cyfitter_cfg.c **** ********************************************************************************
 240:Generated_Source\PSoC4/cyfitter_cfg.c **** *
 241:Generated_Source\PSoC4/cyfitter_cfg.c **** * Summary:
 242:Generated_Source\PSoC4/cyfitter_cfg.c **** * Enables or disables the analog pumps feeding analog routing switches.
 243:Generated_Source\PSoC4/cyfitter_cfg.c **** * Intended to be called at startup, based on the Vdda system configuration;
 244:Generated_Source\PSoC4/cyfitter_cfg.c **** * may be called during operation when the user informs us that the Vdda voltage crossed the pump th
 245:Generated_Source\PSoC4/cyfitter_cfg.c **** *
 246:Generated_Source\PSoC4/cyfitter_cfg.c **** * Parameters:
 247:Generated_Source\PSoC4/cyfitter_cfg.c **** *  enabled - 1 to enable the pumps, 0 to disable the pumps
 248:Generated_Source\PSoC4/cyfitter_cfg.c **** *
 249:Generated_Source\PSoC4/cyfitter_cfg.c **** * Return:
 250:Generated_Source\PSoC4/cyfitter_cfg.c **** *  void
 251:Generated_Source\PSoC4/cyfitter_cfg.c **** *
 252:Generated_Source\PSoC4/cyfitter_cfg.c **** *******************************************************************************/
 253:Generated_Source\PSoC4/cyfitter_cfg.c **** void SetAnalogRoutingPumps(uint8 enabled)
 254:Generated_Source\PSoC4/cyfitter_cfg.c **** {
 128              		.loc 1 254 0
 129              		.cfi_startproc
 130              		@ args = 0, pretend = 0, frame = 0
 131              		@ frame_needed = 0, uses_anonymous_args = 0
 132              		@ link register save eliminated.
 133              	.LVL4:
 255:Generated_Source\PSoC4/cyfitter_cfg.c **** 	uint32 regValue = CY_GET_XTND_REG32((void *)(CYREG_SAR_PUMP_CTRL));
 134              		.loc 1 255 0
 135 0000 064B     		ldr	r3, .L7
 136 0002 1B68     		ldr	r3, [r3]
 137              	.LVL5:
 256:Generated_Source\PSoC4/cyfitter_cfg.c **** 	if (enabled != 0u)
 138              		.loc 1 256 0
 139 0004 0028     		cmp	r0, #0
 140 0006 03D0     		beq	.L5
 257:Generated_Source\PSoC4/cyfitter_cfg.c **** 	{
 258:Generated_Source\PSoC4/cyfitter_cfg.c **** 		regValue |= 0x80000000u;
 141              		.loc 1 258 0
ARM GAS  C:\Users\GCRIST~1\AppData\Local\Temp\ccnejcoD.s 			page 8


 142 0008 8022     		movs	r2, #128
 143 000a 1206     		lsls	r2, r2, #24
 144 000c 1343     		orrs	r3, r2
 145              	.LVL6:
 146 000e 01E0     		b	.L6
 147              	.L5:
 259:Generated_Source\PSoC4/cyfitter_cfg.c **** 	}
 260:Generated_Source\PSoC4/cyfitter_cfg.c **** 	else
 261:Generated_Source\PSoC4/cyfitter_cfg.c **** 	{
 262:Generated_Source\PSoC4/cyfitter_cfg.c **** 		regValue &= ~0x80000000u;
 148              		.loc 1 262 0
 149 0010 5B00     		lsls	r3, r3, #1
 150              	.LVL7:
 151 0012 5B08     		lsrs	r3, r3, #1
 152              	.LVL8:
 153              	.L6:
 263:Generated_Source\PSoC4/cyfitter_cfg.c **** 	}
 264:Generated_Source\PSoC4/cyfitter_cfg.c **** 	CY_SET_XTND_REG32((void *)(CYREG_SAR_PUMP_CTRL), regValue);
 154              		.loc 1 264 0
 155 0014 014A     		ldr	r2, .L7
 156 0016 1360     		str	r3, [r2]
 265:Generated_Source\PSoC4/cyfitter_cfg.c **** }
 157              		.loc 1 265 0
 158              		@ sp needed
 159 0018 7047     		bx	lr
 160              	.L8:
 161 001a C046     		.align	2
 162              	.L7:
 163 001c 80033A40 		.word	1077543808
 164              		.cfi_endproc
 165              	.LFE6:
 166              		.size	SetAnalogRoutingPumps, .-SetAnalogRoutingPumps
 167              		.section	.text.AnalogSetDefault,"ax",%progbits
 168              		.align	2
 169              		.code	16
 170              		.thumb_func
 171              		.type	AnalogSetDefault, %function
 172              	AnalogSetDefault:
 173              	.LFB5:
 224:Generated_Source\PSoC4/cyfitter_cfg.c **** 	CY_SET_XTND_REG32((void CYFAR *)CYREG_CTB0_CTB_CTRL, 0x80000000u);
 174              		.loc 1 224 0
 175              		.cfi_startproc
 176              		@ args = 0, pretend = 0, frame = 0
 177              		@ frame_needed = 0, uses_anonymous_args = 0
 178 0000 10B5     		push	{r4, lr}
 179              		.cfi_def_cfa_offset 8
 180              		.cfi_offset 4, -8
 181              		.cfi_offset 14, -4
 225:Generated_Source\PSoC4/cyfitter_cfg.c **** 	CY_SET_XTND_REG32((void CYFAR *)CYREG_CTB0_OA0_SW, 0x20000001u);
 182              		.loc 1 225 0
 183 0002 8023     		movs	r3, #128
 184 0004 1B06     		lsls	r3, r3, #24
 185 0006 0D4A     		ldr	r2, .L10
 186 0008 1360     		str	r3, [r2]
 226:Generated_Source\PSoC4/cyfitter_cfg.c **** 	CY_SET_XTND_REG32((void CYFAR *)CYREG_ART_CTRL, 0x80000000u);
 187              		.loc 1 226 0
 188 000a 0D49     		ldr	r1, .L10+4
ARM GAS  C:\Users\GCRIST~1\AppData\Local\Temp\ccnejcoD.s 			page 9


 189 000c 0D4A     		ldr	r2, .L10+8
 190 000e 1160     		str	r1, [r2]
 227:Generated_Source\PSoC4/cyfitter_cfg.c **** 	CY_SET_XTND_REG32((void CYFAR *)CYREG_ART_SARMUXVPLUS_SW, 0x01000001u);
 191              		.loc 1 227 0
 192 0010 0D4A     		ldr	r2, .L10+12
 193 0012 1360     		str	r3, [r2]
 228:Generated_Source\PSoC4/cyfitter_cfg.c **** 	CY_SET_XTND_REG32((void CYFAR *)CYREG_PASS_PASS_CTRL, 0x00000003u);
 194              		.loc 1 228 0
 195 0014 0D4A     		ldr	r2, .L10+16
 196 0016 0E4B     		ldr	r3, .L10+20
 197 0018 1A60     		str	r2, [r3]
 229:Generated_Source\PSoC4/cyfitter_cfg.c **** 	CY_SET_XTND_REG32((void CYFAR *)CYREG_PASS_PRB_CTRL, 0x80000001u);
 198              		.loc 1 229 0
 199 001a 0322     		movs	r2, #3
 200 001c 0D4B     		ldr	r3, .L10+24
 201 001e 1A60     		str	r2, [r3]
 230:Generated_Source\PSoC4/cyfitter_cfg.c **** 	CY_SET_XTND_REG32((void CYFAR *)CYREG_PASS_PRB_REF0, 0x000000F1u);
 202              		.loc 1 230 0
 203 0020 0D4A     		ldr	r2, .L10+28
 204 0022 0E4B     		ldr	r3, .L10+32
 205 0024 1A60     		str	r2, [r3]
 231:Generated_Source\PSoC4/cyfitter_cfg.c **** 	CY_SET_XTND_REG32((void CYFAR *)CYREG_PASS_DSAB_DSAB_CTRL, 0x00000020u);
 206              		.loc 1 231 0
 207 0026 F122     		movs	r2, #241
 208 0028 0D4B     		ldr	r3, .L10+36
 209 002a 1A60     		str	r2, [r3]
 232:Generated_Source\PSoC4/cyfitter_cfg.c **** 	SetAnalogRoutingPumps(1);
 210              		.loc 1 232 0
 211 002c D13A     		subs	r2, r2, #209
 212 002e 0D4B     		ldr	r3, .L10+40
 213 0030 1A60     		str	r2, [r3]
 233:Generated_Source\PSoC4/cyfitter_cfg.c **** }
 214              		.loc 1 233 0
 215 0032 0120     		movs	r0, #1
 216 0034 FFF7FEFF 		bl	SetAnalogRoutingPumps
 217              	.LVL9:
 234:Generated_Source\PSoC4/cyfitter_cfg.c **** 
 218              		.loc 1 234 0
 219              		@ sp needed
 220 0038 10BD     		pop	{r4, pc}
 221              	.L11:
 222 003a C046     		.align	2
 223              	.L10:
 224 003c 00003040 		.word	1076887552
 225 0040 01000020 		.word	536870913
 226 0044 80003040 		.word	1076887680
 227 0048 00003840 		.word	1077411840
 228 004c 01000001 		.word	16777217
 229 0050 10003840 		.word	1077411856
 230 0054 08013F40 		.word	1077870856
 231 0058 01000080 		.word	-2147483647
 232 005c 00023F40 		.word	1077871104
 233 0060 04023F40 		.word	1077871108
 234 0064 000E3F40 		.word	1077874176
 235              		.cfi_endproc
 236              	.LFE5:
 237              		.size	AnalogSetDefault, .-AnalogSetDefault
ARM GAS  C:\Users\GCRIST~1\AppData\Local\Temp\ccnejcoD.s 			page 10


 238              		.section	.psocinit
 239              		.align	2
 240              		.global	cyfitter_cfg
 241              		.code	16
 242              		.thumb_func
 243              		.type	cyfitter_cfg, %function
 244              	cyfitter_cfg:
 245              	.LFB7:
 266:Generated_Source\PSoC4/cyfitter_cfg.c **** 
 267:Generated_Source\PSoC4/cyfitter_cfg.c **** 
 268:Generated_Source\PSoC4/cyfitter_cfg.c **** 
 269:Generated_Source\PSoC4/cyfitter_cfg.c **** 
 270:Generated_Source\PSoC4/cyfitter_cfg.c **** /*******************************************************************************
 271:Generated_Source\PSoC4/cyfitter_cfg.c **** * Function Name: cyfitter_cfg
 272:Generated_Source\PSoC4/cyfitter_cfg.c **** ********************************************************************************
 273:Generated_Source\PSoC4/cyfitter_cfg.c **** * Summary:
 274:Generated_Source\PSoC4/cyfitter_cfg.c **** *  This function is called by the start-up code for the selected device. It
 275:Generated_Source\PSoC4/cyfitter_cfg.c **** *  performs all of the necessary device configuration based on the design
 276:Generated_Source\PSoC4/cyfitter_cfg.c **** *  settings.  This includes settings from the Design Wide Resources (DWR) such
 277:Generated_Source\PSoC4/cyfitter_cfg.c **** *  as Clocks and Pins as well as any component configuration that is necessary.
 278:Generated_Source\PSoC4/cyfitter_cfg.c **** *
 279:Generated_Source\PSoC4/cyfitter_cfg.c **** * Parameters:
 280:Generated_Source\PSoC4/cyfitter_cfg.c **** *   void
 281:Generated_Source\PSoC4/cyfitter_cfg.c **** *
 282:Generated_Source\PSoC4/cyfitter_cfg.c **** * Return:
 283:Generated_Source\PSoC4/cyfitter_cfg.c **** *   void
 284:Generated_Source\PSoC4/cyfitter_cfg.c **** *
 285:Generated_Source\PSoC4/cyfitter_cfg.c **** *******************************************************************************/
 286:Generated_Source\PSoC4/cyfitter_cfg.c **** CY_CFG_SECTION
 287:Generated_Source\PSoC4/cyfitter_cfg.c **** void cyfitter_cfg(void)
 288:Generated_Source\PSoC4/cyfitter_cfg.c **** {
 246              		.loc 1 288 0
 247              		.cfi_startproc
 248              		@ args = 0, pretend = 0, frame = 0
 249              		@ frame_needed = 0, uses_anonymous_args = 0
 250 0094 10B5     		push	{r4, lr}
 251              		.cfi_def_cfa_offset 8
 252              		.cfi_offset 4, -8
 253              		.cfi_offset 14, -4
 289:Generated_Source\PSoC4/cyfitter_cfg.c **** 	/* Disable interrupts by default. Let user enable if/when they want. */
 290:Generated_Source\PSoC4/cyfitter_cfg.c **** 	CyGlobalIntDisable;
 254              		.loc 1 290 0
 255              		.syntax divided
 256              	@ 290 "Generated_Source\PSoC4\cyfitter_cfg.c" 1
 257 0096 72B6     		CPSID   i
 258              	@ 0 "" 2
 291:Generated_Source\PSoC4/cyfitter_cfg.c **** 
 292:Generated_Source\PSoC4/cyfitter_cfg.c **** 	{
 293:Generated_Source\PSoC4/cyfitter_cfg.c **** 		/* HSIOM Starting address: CYDEV_HSIOM_BASE */
 294:Generated_Source\PSoC4/cyfitter_cfg.c **** 		CY_SET_REG32((void *)(CYDEV_HSIOM_BASE), 0x009900EEu);
 259              		.loc 1 294 0
 260              		.thumb
 261              		.syntax unified
 262 0098 104A     		ldr	r2, .L13
 263 009a 114B     		ldr	r3, .L13+4
 264 009c 1A60     		str	r2, [r3]
 295:Generated_Source\PSoC4/cyfitter_cfg.c **** 		CY_SET_REG32((void *)(CYREG_HSIOM_PORT_SEL3), 0x00000600u);
ARM GAS  C:\Users\GCRIST~1\AppData\Local\Temp\ccnejcoD.s 			page 11


 265              		.loc 1 295 0
 266 009e C022     		movs	r2, #192
 267 00a0 D200     		lsls	r2, r2, #3
 268 00a2 104B     		ldr	r3, .L13+8
 269 00a4 1A60     		str	r2, [r3]
 296:Generated_Source\PSoC4/cyfitter_cfg.c **** 
 297:Generated_Source\PSoC4/cyfitter_cfg.c **** 		/* PASS_SAR_TRIG_SEL Starting address: CYDEV_PASS_SAR_TRIG_SEL */
 298:Generated_Source\PSoC4/cyfitter_cfg.c **** 		CY_SET_REG32((void *)(CYREG_PASS_SAR_TRIG_SEL), 0x00000000u);
 270              		.loc 1 298 0
 271 00a6 0022     		movs	r2, #0
 272 00a8 0F4B     		ldr	r3, .L13+12
 273 00aa 1A60     		str	r2, [r3]
 299:Generated_Source\PSoC4/cyfitter_cfg.c **** 
 300:Generated_Source\PSoC4/cyfitter_cfg.c **** 	}
 301:Generated_Source\PSoC4/cyfitter_cfg.c **** 
 302:Generated_Source\PSoC4/cyfitter_cfg.c **** 	/* Perform second pass device configuration. These items must be configured in specific order afte
 303:Generated_Source\PSoC4/cyfitter_cfg.c **** 	/* IOPINS0_0 Starting address: CYDEV_GPIO_PRT0_BASE */
 304:Generated_Source\PSoC4/cyfitter_cfg.c **** 	CY_SET_REG32((void *)(CYDEV_GPIO_PRT0_BASE), 0x00000020u);
 274              		.loc 1 304 0
 275 00ac 2023     		movs	r3, #32
 276 00ae 0F4A     		ldr	r2, .L13+16
 277 00b0 1360     		str	r3, [r2]
 305:Generated_Source\PSoC4/cyfitter_cfg.c **** 	CY_SET_REG32((void *)(CYREG_GPIO_PRT0_PC), 0x00031036u);
 278              		.loc 1 305 0
 279 00b2 0F49     		ldr	r1, .L13+20
 280 00b4 0F4A     		ldr	r2, .L13+24
 281 00b6 1160     		str	r1, [r2]
 306:Generated_Source\PSoC4/cyfitter_cfg.c **** 	CY_SET_REG32((void *)(CYREG_GPIO_PRT0_PC2), 0x00000020u);
 282              		.loc 1 306 0
 283 00b8 0F4A     		ldr	r2, .L13+28
 284 00ba 1360     		str	r3, [r2]
 307:Generated_Source\PSoC4/cyfitter_cfg.c **** 
 308:Generated_Source\PSoC4/cyfitter_cfg.c **** 	/* IOPINS0_2 Starting address: CYDEV_GPIO_PRT2_BASE */
 309:Generated_Source\PSoC4/cyfitter_cfg.c **** 	CY_SET_REG32((void *)(CYDEV_GPIO_PRT2_BASE), 0x00000080u);
 285              		.loc 1 309 0
 286 00bc 6033     		adds	r3, r3, #96
 287 00be 0F4A     		ldr	r2, .L13+32
 288 00c0 1360     		str	r3, [r2]
 310:Generated_Source\PSoC4/cyfitter_cfg.c **** 	CY_SET_REG32((void *)(CYREG_GPIO_PRT2_PC2), 0x00000080u);
 289              		.loc 1 310 0
 290 00c2 0F4A     		ldr	r2, .L13+36
 291 00c4 1360     		str	r3, [r2]
 311:Generated_Source\PSoC4/cyfitter_cfg.c **** 
 312:Generated_Source\PSoC4/cyfitter_cfg.c **** 	/* IOPINS0_3 Starting address: CYDEV_GPIO_PRT3_BASE */
 313:Generated_Source\PSoC4/cyfitter_cfg.c **** 	CY_SET_REG32((void *)(CYDEV_GPIO_PRT3_BASE), 0x00000004u);
 292              		.loc 1 313 0
 293 00c6 7C3B     		subs	r3, r3, #124
 294 00c8 0E4A     		ldr	r2, .L13+40
 295 00ca 1360     		str	r3, [r2]
 314:Generated_Source\PSoC4/cyfitter_cfg.c **** 	CY_SET_REG32((void *)(CYREG_GPIO_PRT3_PC2), 0x00000004u);
 296              		.loc 1 314 0
 297 00cc 0E4A     		ldr	r2, .L13+44
 298 00ce 1360     		str	r3, [r2]
 315:Generated_Source\PSoC4/cyfitter_cfg.c **** 
 316:Generated_Source\PSoC4/cyfitter_cfg.c **** 
 317:Generated_Source\PSoC4/cyfitter_cfg.c **** 	/* Setup clocks based on selections from Clock DWR */
 318:Generated_Source\PSoC4/cyfitter_cfg.c **** 	ClockSetup();
ARM GAS  C:\Users\GCRIST~1\AppData\Local\Temp\ccnejcoD.s 			page 12


 299              		.loc 1 318 0
 300 00d0 FFF796FF 		bl	ClockSetup
 301              	.LVL10:
 319:Generated_Source\PSoC4/cyfitter_cfg.c **** 
 320:Generated_Source\PSoC4/cyfitter_cfg.c **** 	/* Perform basic analog initialization to defaults */
 321:Generated_Source\PSoC4/cyfitter_cfg.c **** 	AnalogSetDefault();
 302              		.loc 1 321 0
 303 00d4 FFF7FEFF 		bl	AnalogSetDefault
 304              	.LVL11:
 322:Generated_Source\PSoC4/cyfitter_cfg.c **** 
 323:Generated_Source\PSoC4/cyfitter_cfg.c **** }
 305              		.loc 1 323 0
 306              		@ sp needed
 307 00d8 10BD     		pop	{r4, pc}
 308              	.L14:
 309 00da C046     		.align	2
 310              	.L13:
 311 00dc EE009900 		.word	10027246
 312 00e0 00000240 		.word	1073872896
 313 00e4 00030240 		.word	1073873664
 314 00e8 04013F40 		.word	1077870852
 315 00ec 00000440 		.word	1074003968
 316 00f0 36100300 		.word	200758
 317 00f4 08000440 		.word	1074003976
 318 00f8 18000440 		.word	1074003992
 319 00fc 00020440 		.word	1074004480
 320 0100 18020440 		.word	1074004504
 321 0104 00030440 		.word	1074004736
 322 0108 18030440 		.word	1074004760
 323              		.cfi_endproc
 324              	.LFE7:
 325              		.size	cyfitter_cfg, .-cyfitter_cfg
 326              		.text
 327              	.Letext0:
 328              		.file 2 "Generated_Source\\PSoC4\\cytypes.h"
 329              		.file 3 "Generated_Source\\PSoC4\\CyLib.h"
 330              		.file 4 "Generated_Source\\PSoC4\\CyLFClk.h"
 331              		.section	.debug_info,"",%progbits
 332              	.Ldebug_info0:
 333 0000 BE010000 		.4byte	0x1be
 334 0004 0400     		.2byte	0x4
 335 0006 00000000 		.4byte	.Ldebug_abbrev0
 336 000a 04       		.byte	0x4
 337 000b 01       		.uleb128 0x1
 338 000c C6010000 		.4byte	.LASF25
 339 0010 0C       		.byte	0xc
 340 0011 64020000 		.4byte	.LASF26
 341 0015 06000000 		.4byte	.LASF27
 342 0019 00000000 		.4byte	.Ldebug_ranges0+0
 343 001d 00000000 		.4byte	0
 344 0021 00000000 		.4byte	.Ldebug_line0
 345 0025 02       		.uleb128 0x2
 346 0026 04       		.byte	0x4
 347 0027 05       		.byte	0x5
 348 0028 696E7400 		.ascii	"int\000"
 349 002c 03       		.uleb128 0x3
 350 002d 04       		.byte	0x4
ARM GAS  C:\Users\GCRIST~1\AppData\Local\Temp\ccnejcoD.s 			page 13


 351 002e 07       		.byte	0x7
 352 002f 4A010000 		.4byte	.LASF0
 353 0033 03       		.uleb128 0x3
 354 0034 08       		.byte	0x8
 355 0035 05       		.byte	0x5
 356 0036 77010000 		.4byte	.LASF1
 357 003a 03       		.uleb128 0x3
 358 003b 08       		.byte	0x8
 359 003c 04       		.byte	0x4
 360 003d BA010000 		.4byte	.LASF2
 361 0041 03       		.uleb128 0x3
 362 0042 01       		.byte	0x1
 363 0043 06       		.byte	0x6
 364 0044 58020000 		.4byte	.LASF3
 365 0048 03       		.uleb128 0x3
 366 0049 01       		.byte	0x1
 367 004a 08       		.byte	0x8
 368 004b E7000000 		.4byte	.LASF4
 369 004f 03       		.uleb128 0x3
 370 0050 02       		.byte	0x2
 371 0051 05       		.byte	0x5
 372 0052 92010000 		.4byte	.LASF5
 373 0056 03       		.uleb128 0x3
 374 0057 02       		.byte	0x2
 375 0058 07       		.byte	0x7
 376 0059 CE000000 		.4byte	.LASF6
 377 005d 03       		.uleb128 0x3
 378 005e 04       		.byte	0x4
 379 005f 05       		.byte	0x5
 380 0060 B1010000 		.4byte	.LASF7
 381 0064 03       		.uleb128 0x3
 382 0065 04       		.byte	0x4
 383 0066 07       		.byte	0x7
 384 0067 F5000000 		.4byte	.LASF8
 385 006b 03       		.uleb128 0x3
 386 006c 08       		.byte	0x8
 387 006d 07       		.byte	0x7
 388 006e 57010000 		.4byte	.LASF9
 389 0072 03       		.uleb128 0x3
 390 0073 04       		.byte	0x4
 391 0074 07       		.byte	0x7
 392 0075 6E010000 		.4byte	.LASF10
 393 0079 03       		.uleb128 0x3
 394 007a 01       		.byte	0x1
 395 007b 08       		.byte	0x8
 396 007c 85010000 		.4byte	.LASF11
 397 0080 04       		.uleb128 0x4
 398 0081 07010000 		.4byte	.LASF12
 399 0085 02       		.byte	0x2
 400 0086 F701     		.2byte	0x1f7
 401 0088 48000000 		.4byte	0x48
 402 008c 04       		.uleb128 0x4
 403 008d 43010000 		.4byte	.LASF13
 404 0091 02       		.byte	0x2
 405 0092 F901     		.2byte	0x1f9
 406 0094 64000000 		.4byte	0x64
 407 0098 03       		.uleb128 0x3
ARM GAS  C:\Users\GCRIST~1\AppData\Local\Temp\ccnejcoD.s 			page 14


 408 0099 04       		.byte	0x4
 409 009a 04       		.byte	0x4
 410 009b E1000000 		.4byte	.LASF14
 411 009f 03       		.uleb128 0x3
 412 00a0 08       		.byte	0x8
 413 00a1 04       		.byte	0x4
 414 00a2 30010000 		.4byte	.LASF15
 415 00a6 04       		.uleb128 0x4
 416 00a7 00000000 		.4byte	.LASF16
 417 00ab 02       		.byte	0x2
 418 00ac A302     		.2byte	0x2a3
 419 00ae B2000000 		.4byte	0xb2
 420 00b2 05       		.uleb128 0x5
 421 00b3 8C000000 		.4byte	0x8c
 422 00b7 06       		.uleb128 0x6
 423 00b8 C3000000 		.4byte	.LASF17
 424 00bc 01       		.byte	0x1
 425 00bd AA       		.byte	0xaa
 426 00be 00000000 		.4byte	.LFB4
 427 00c2 94000000 		.4byte	.LFE4-.LFB4
 428 00c6 01       		.uleb128 0x1
 429 00c7 9C       		.byte	0x9c
 430 00c8 15010000 		.4byte	0x115
 431 00cc 07       		.uleb128 0x7
 432 00cd 0E000000 		.4byte	.LVL0
 433 00d1 95010000 		.4byte	0x195
 434 00d5 DF000000 		.4byte	0xdf
 435 00d9 08       		.uleb128 0x8
 436 00da 01       		.uleb128 0x1
 437 00db 50       		.byte	0x50
 438 00dc 01       		.uleb128 0x1
 439 00dd 48       		.byte	0x48
 440 00de 00       		.byte	0
 441 00df 07       		.uleb128 0x7
 442 00e0 4C000000 		.4byte	.LVL1
 443 00e4 A0010000 		.4byte	0x1a0
 444 00e8 F2000000 		.4byte	0xf2
 445 00ec 08       		.uleb128 0x8
 446 00ed 01       		.uleb128 0x1
 447 00ee 50       		.byte	0x50
 448 00ef 01       		.uleb128 0x1
 449 00f0 3B       		.byte	0x3b
 450 00f1 00       		.byte	0
 451 00f2 07       		.uleb128 0x7
 452 00f3 52000000 		.4byte	.LVL2
 453 00f7 AB010000 		.4byte	0x1ab
 454 00fb 05010000 		.4byte	0x105
 455 00ff 08       		.uleb128 0x8
 456 0100 01       		.uleb128 0x1
 457 0101 50       		.byte	0x50
 458 0102 01       		.uleb128 0x1
 459 0103 3B       		.byte	0x3b
 460 0104 00       		.byte	0
 461 0105 09       		.uleb128 0x9
 462 0106 5E000000 		.4byte	.LVL3
 463 010a B6010000 		.4byte	0x1b6
 464 010e 08       		.uleb128 0x8
ARM GAS  C:\Users\GCRIST~1\AppData\Local\Temp\ccnejcoD.s 			page 15


 465 010f 01       		.uleb128 0x1
 466 0110 50       		.byte	0x50
 467 0111 01       		.uleb128 0x1
 468 0112 30       		.byte	0x30
 469 0113 00       		.byte	0
 470 0114 00       		.byte	0
 471 0115 0A       		.uleb128 0xa
 472 0116 1A010000 		.4byte	.LASF19
 473 011a 01       		.byte	0x1
 474 011b FD       		.byte	0xfd
 475 011c 00000000 		.4byte	.LFB6
 476 0120 20000000 		.4byte	.LFE6-.LFB6
 477 0124 01       		.uleb128 0x1
 478 0125 9C       		.byte	0x9c
 479 0126 47010000 		.4byte	0x147
 480 012a 0B       		.uleb128 0xb
 481 012b 8A010000 		.4byte	.LASF28
 482 012f 01       		.byte	0x1
 483 0130 FD       		.byte	0xfd
 484 0131 80000000 		.4byte	0x80
 485 0135 01       		.uleb128 0x1
 486 0136 50       		.byte	0x50
 487 0137 0C       		.uleb128 0xc
 488 0138 8A020000 		.4byte	.LASF29
 489 013c 01       		.byte	0x1
 490 013d FF       		.byte	0xff
 491 013e 8C000000 		.4byte	0x8c
 492 0142 00000000 		.4byte	.LLST0
 493 0146 00       		.byte	0
 494 0147 06       		.uleb128 0x6
 495 0148 8C000000 		.4byte	.LASF18
 496 014c 01       		.byte	0x1
 497 014d DF       		.byte	0xdf
 498 014e 00000000 		.4byte	.LFB5
 499 0152 68000000 		.4byte	.LFE5-.LFB5
 500 0156 01       		.uleb128 0x1
 501 0157 9C       		.byte	0x9c
 502 0158 6C010000 		.4byte	0x16c
 503 015c 09       		.uleb128 0x9
 504 015d 38000000 		.4byte	.LVL9
 505 0161 15010000 		.4byte	0x115
 506 0165 08       		.uleb128 0x8
 507 0166 01       		.uleb128 0x1
 508 0167 50       		.byte	0x50
 509 0168 01       		.uleb128 0x1
 510 0169 31       		.byte	0x31
 511 016a 00       		.byte	0
 512 016b 00       		.byte	0
 513 016c 0D       		.uleb128 0xd
 514 016d 0D010000 		.4byte	.LASF20
 515 0171 01       		.byte	0x1
 516 0172 1F01     		.2byte	0x11f
 517 0174 94000000 		.4byte	.LFB7
 518 0178 78000000 		.4byte	.LFE7-.LFB7
 519 017c 01       		.uleb128 0x1
 520 017d 9C       		.byte	0x9c
 521 017e 95010000 		.4byte	0x195
ARM GAS  C:\Users\GCRIST~1\AppData\Local\Temp\ccnejcoD.s 			page 16


 522 0182 0E       		.uleb128 0xe
 523 0183 D4000000 		.4byte	.LVL10
 524 0187 B7000000 		.4byte	0xb7
 525 018b 0E       		.uleb128 0xe
 526 018c D8000000 		.4byte	.LVL11
 527 0190 47010000 		.4byte	0x147
 528 0194 00       		.byte	0
 529 0195 0F       		.uleb128 0xf
 530 0196 9C010000 		.4byte	.LASF21
 531 019a 9C010000 		.4byte	.LASF21
 532 019e 03       		.byte	0x3
 533 019f 6C       		.byte	0x6c
 534 01a0 0F       		.uleb128 0xf
 535 01a1 B4000000 		.4byte	.LASF22
 536 01a5 B4000000 		.4byte	.LASF22
 537 01a9 03       		.byte	0x3
 538 01aa D0       		.byte	0xd0
 539 01ab 0F       		.uleb128 0xf
 540 01ac 37010000 		.4byte	.LASF23
 541 01b0 37010000 		.4byte	.LASF23
 542 01b4 03       		.byte	0x3
 543 01b5 D6       		.byte	0xd6
 544 01b6 0F       		.uleb128 0xf
 545 01b7 9D000000 		.4byte	.LASF24
 546 01bb 9D000000 		.4byte	.LASF24
 547 01bf 04       		.byte	0x4
 548 01c0 9F       		.byte	0x9f
 549 01c1 00       		.byte	0
 550              		.section	.debug_abbrev,"",%progbits
 551              	.Ldebug_abbrev0:
 552 0000 01       		.uleb128 0x1
 553 0001 11       		.uleb128 0x11
 554 0002 01       		.byte	0x1
 555 0003 25       		.uleb128 0x25
 556 0004 0E       		.uleb128 0xe
 557 0005 13       		.uleb128 0x13
 558 0006 0B       		.uleb128 0xb
 559 0007 03       		.uleb128 0x3
 560 0008 0E       		.uleb128 0xe
 561 0009 1B       		.uleb128 0x1b
 562 000a 0E       		.uleb128 0xe
 563 000b 55       		.uleb128 0x55
 564 000c 17       		.uleb128 0x17
 565 000d 11       		.uleb128 0x11
 566 000e 01       		.uleb128 0x1
 567 000f 10       		.uleb128 0x10
 568 0010 17       		.uleb128 0x17
 569 0011 00       		.byte	0
 570 0012 00       		.byte	0
 571 0013 02       		.uleb128 0x2
 572 0014 24       		.uleb128 0x24
 573 0015 00       		.byte	0
 574 0016 0B       		.uleb128 0xb
 575 0017 0B       		.uleb128 0xb
 576 0018 3E       		.uleb128 0x3e
 577 0019 0B       		.uleb128 0xb
 578 001a 03       		.uleb128 0x3
ARM GAS  C:\Users\GCRIST~1\AppData\Local\Temp\ccnejcoD.s 			page 17


 579 001b 08       		.uleb128 0x8
 580 001c 00       		.byte	0
 581 001d 00       		.byte	0
 582 001e 03       		.uleb128 0x3
 583 001f 24       		.uleb128 0x24
 584 0020 00       		.byte	0
 585 0021 0B       		.uleb128 0xb
 586 0022 0B       		.uleb128 0xb
 587 0023 3E       		.uleb128 0x3e
 588 0024 0B       		.uleb128 0xb
 589 0025 03       		.uleb128 0x3
 590 0026 0E       		.uleb128 0xe
 591 0027 00       		.byte	0
 592 0028 00       		.byte	0
 593 0029 04       		.uleb128 0x4
 594 002a 16       		.uleb128 0x16
 595 002b 00       		.byte	0
 596 002c 03       		.uleb128 0x3
 597 002d 0E       		.uleb128 0xe
 598 002e 3A       		.uleb128 0x3a
 599 002f 0B       		.uleb128 0xb
 600 0030 3B       		.uleb128 0x3b
 601 0031 05       		.uleb128 0x5
 602 0032 49       		.uleb128 0x49
 603 0033 13       		.uleb128 0x13
 604 0034 00       		.byte	0
 605 0035 00       		.byte	0
 606 0036 05       		.uleb128 0x5
 607 0037 35       		.uleb128 0x35
 608 0038 00       		.byte	0
 609 0039 49       		.uleb128 0x49
 610 003a 13       		.uleb128 0x13
 611 003b 00       		.byte	0
 612 003c 00       		.byte	0
 613 003d 06       		.uleb128 0x6
 614 003e 2E       		.uleb128 0x2e
 615 003f 01       		.byte	0x1
 616 0040 03       		.uleb128 0x3
 617 0041 0E       		.uleb128 0xe
 618 0042 3A       		.uleb128 0x3a
 619 0043 0B       		.uleb128 0xb
 620 0044 3B       		.uleb128 0x3b
 621 0045 0B       		.uleb128 0xb
 622 0046 27       		.uleb128 0x27
 623 0047 19       		.uleb128 0x19
 624 0048 11       		.uleb128 0x11
 625 0049 01       		.uleb128 0x1
 626 004a 12       		.uleb128 0x12
 627 004b 06       		.uleb128 0x6
 628 004c 40       		.uleb128 0x40
 629 004d 18       		.uleb128 0x18
 630 004e 9742     		.uleb128 0x2117
 631 0050 19       		.uleb128 0x19
 632 0051 01       		.uleb128 0x1
 633 0052 13       		.uleb128 0x13
 634 0053 00       		.byte	0
 635 0054 00       		.byte	0
ARM GAS  C:\Users\GCRIST~1\AppData\Local\Temp\ccnejcoD.s 			page 18


 636 0055 07       		.uleb128 0x7
 637 0056 898201   		.uleb128 0x4109
 638 0059 01       		.byte	0x1
 639 005a 11       		.uleb128 0x11
 640 005b 01       		.uleb128 0x1
 641 005c 31       		.uleb128 0x31
 642 005d 13       		.uleb128 0x13
 643 005e 01       		.uleb128 0x1
 644 005f 13       		.uleb128 0x13
 645 0060 00       		.byte	0
 646 0061 00       		.byte	0
 647 0062 08       		.uleb128 0x8
 648 0063 8A8201   		.uleb128 0x410a
 649 0066 00       		.byte	0
 650 0067 02       		.uleb128 0x2
 651 0068 18       		.uleb128 0x18
 652 0069 9142     		.uleb128 0x2111
 653 006b 18       		.uleb128 0x18
 654 006c 00       		.byte	0
 655 006d 00       		.byte	0
 656 006e 09       		.uleb128 0x9
 657 006f 898201   		.uleb128 0x4109
 658 0072 01       		.byte	0x1
 659 0073 11       		.uleb128 0x11
 660 0074 01       		.uleb128 0x1
 661 0075 31       		.uleb128 0x31
 662 0076 13       		.uleb128 0x13
 663 0077 00       		.byte	0
 664 0078 00       		.byte	0
 665 0079 0A       		.uleb128 0xa
 666 007a 2E       		.uleb128 0x2e
 667 007b 01       		.byte	0x1
 668 007c 3F       		.uleb128 0x3f
 669 007d 19       		.uleb128 0x19
 670 007e 03       		.uleb128 0x3
 671 007f 0E       		.uleb128 0xe
 672 0080 3A       		.uleb128 0x3a
 673 0081 0B       		.uleb128 0xb
 674 0082 3B       		.uleb128 0x3b
 675 0083 0B       		.uleb128 0xb
 676 0084 27       		.uleb128 0x27
 677 0085 19       		.uleb128 0x19
 678 0086 11       		.uleb128 0x11
 679 0087 01       		.uleb128 0x1
 680 0088 12       		.uleb128 0x12
 681 0089 06       		.uleb128 0x6
 682 008a 40       		.uleb128 0x40
 683 008b 18       		.uleb128 0x18
 684 008c 9742     		.uleb128 0x2117
 685 008e 19       		.uleb128 0x19
 686 008f 01       		.uleb128 0x1
 687 0090 13       		.uleb128 0x13
 688 0091 00       		.byte	0
 689 0092 00       		.byte	0
 690 0093 0B       		.uleb128 0xb
 691 0094 05       		.uleb128 0x5
 692 0095 00       		.byte	0
ARM GAS  C:\Users\GCRIST~1\AppData\Local\Temp\ccnejcoD.s 			page 19


 693 0096 03       		.uleb128 0x3
 694 0097 0E       		.uleb128 0xe
 695 0098 3A       		.uleb128 0x3a
 696 0099 0B       		.uleb128 0xb
 697 009a 3B       		.uleb128 0x3b
 698 009b 0B       		.uleb128 0xb
 699 009c 49       		.uleb128 0x49
 700 009d 13       		.uleb128 0x13
 701 009e 02       		.uleb128 0x2
 702 009f 18       		.uleb128 0x18
 703 00a0 00       		.byte	0
 704 00a1 00       		.byte	0
 705 00a2 0C       		.uleb128 0xc
 706 00a3 34       		.uleb128 0x34
 707 00a4 00       		.byte	0
 708 00a5 03       		.uleb128 0x3
 709 00a6 0E       		.uleb128 0xe
 710 00a7 3A       		.uleb128 0x3a
 711 00a8 0B       		.uleb128 0xb
 712 00a9 3B       		.uleb128 0x3b
 713 00aa 0B       		.uleb128 0xb
 714 00ab 49       		.uleb128 0x49
 715 00ac 13       		.uleb128 0x13
 716 00ad 02       		.uleb128 0x2
 717 00ae 17       		.uleb128 0x17
 718 00af 00       		.byte	0
 719 00b0 00       		.byte	0
 720 00b1 0D       		.uleb128 0xd
 721 00b2 2E       		.uleb128 0x2e
 722 00b3 01       		.byte	0x1
 723 00b4 3F       		.uleb128 0x3f
 724 00b5 19       		.uleb128 0x19
 725 00b6 03       		.uleb128 0x3
 726 00b7 0E       		.uleb128 0xe
 727 00b8 3A       		.uleb128 0x3a
 728 00b9 0B       		.uleb128 0xb
 729 00ba 3B       		.uleb128 0x3b
 730 00bb 05       		.uleb128 0x5
 731 00bc 27       		.uleb128 0x27
 732 00bd 19       		.uleb128 0x19
 733 00be 11       		.uleb128 0x11
 734 00bf 01       		.uleb128 0x1
 735 00c0 12       		.uleb128 0x12
 736 00c1 06       		.uleb128 0x6
 737 00c2 40       		.uleb128 0x40
 738 00c3 18       		.uleb128 0x18
 739 00c4 9742     		.uleb128 0x2117
 740 00c6 19       		.uleb128 0x19
 741 00c7 01       		.uleb128 0x1
 742 00c8 13       		.uleb128 0x13
 743 00c9 00       		.byte	0
 744 00ca 00       		.byte	0
 745 00cb 0E       		.uleb128 0xe
 746 00cc 898201   		.uleb128 0x4109
 747 00cf 00       		.byte	0
 748 00d0 11       		.uleb128 0x11
 749 00d1 01       		.uleb128 0x1
ARM GAS  C:\Users\GCRIST~1\AppData\Local\Temp\ccnejcoD.s 			page 20


 750 00d2 31       		.uleb128 0x31
 751 00d3 13       		.uleb128 0x13
 752 00d4 00       		.byte	0
 753 00d5 00       		.byte	0
 754 00d6 0F       		.uleb128 0xf
 755 00d7 2E       		.uleb128 0x2e
 756 00d8 00       		.byte	0
 757 00d9 3F       		.uleb128 0x3f
 758 00da 19       		.uleb128 0x19
 759 00db 3C       		.uleb128 0x3c
 760 00dc 19       		.uleb128 0x19
 761 00dd 6E       		.uleb128 0x6e
 762 00de 0E       		.uleb128 0xe
 763 00df 03       		.uleb128 0x3
 764 00e0 0E       		.uleb128 0xe
 765 00e1 3A       		.uleb128 0x3a
 766 00e2 0B       		.uleb128 0xb
 767 00e3 3B       		.uleb128 0x3b
 768 00e4 0B       		.uleb128 0xb
 769 00e5 00       		.byte	0
 770 00e6 00       		.byte	0
 771 00e7 00       		.byte	0
 772              		.section	.debug_loc,"",%progbits
 773              	.Ldebug_loc0:
 774              	.LLST0:
 775 0000 04000000 		.4byte	.LVL5
 776 0004 12000000 		.4byte	.LVL7
 777 0008 0100     		.2byte	0x1
 778 000a 53       		.byte	0x53
 779 000b 14000000 		.4byte	.LVL8
 780 000f 20000000 		.4byte	.LFE6
 781 0013 0100     		.2byte	0x1
 782 0015 53       		.byte	0x53
 783 0016 00000000 		.4byte	0
 784 001a 00000000 		.4byte	0
 785              		.section	.debug_aranges,"",%progbits
 786 0000 34000000 		.4byte	0x34
 787 0004 0200     		.2byte	0x2
 788 0006 00000000 		.4byte	.Ldebug_info0
 789 000a 04       		.byte	0x4
 790 000b 00       		.byte	0
 791 000c 0000     		.2byte	0
 792 000e 0000     		.2byte	0
 793 0010 00000000 		.4byte	.LFB4
 794 0014 94000000 		.4byte	.LFE4-.LFB4
 795 0018 00000000 		.4byte	.LFB6
 796 001c 20000000 		.4byte	.LFE6-.LFB6
 797 0020 00000000 		.4byte	.LFB5
 798 0024 68000000 		.4byte	.LFE5-.LFB5
 799 0028 94000000 		.4byte	.LFB7
 800 002c 78000000 		.4byte	.LFE7-.LFB7
 801 0030 00000000 		.4byte	0
 802 0034 00000000 		.4byte	0
 803              		.section	.debug_ranges,"",%progbits
 804              	.Ldebug_ranges0:
 805 0000 00000000 		.4byte	.LFB4
 806 0004 94000000 		.4byte	.LFE4
ARM GAS  C:\Users\GCRIST~1\AppData\Local\Temp\ccnejcoD.s 			page 21


 807 0008 00000000 		.4byte	.LFB6
 808 000c 20000000 		.4byte	.LFE6
 809 0010 00000000 		.4byte	.LFB5
 810 0014 68000000 		.4byte	.LFE5
 811 0018 94000000 		.4byte	.LFB7
 812 001c 0C010000 		.4byte	.LFE7
 813 0020 00000000 		.4byte	0
 814 0024 00000000 		.4byte	0
 815              		.section	.debug_line,"",%progbits
 816              	.Ldebug_line0:
 817 0000 CB000000 		.section	.debug_str,"MS",%progbits,1
 817      02006100 
 817      00000201 
 817      FB0E0D00 
 817      01010101 
 818              	.LASF16:
 819 0000 72656733 		.ascii	"reg32\000"
 819      3200
 820              	.LASF27:
 821 0006 433A5C55 		.ascii	"C:\\Users\\gcristini\\OneDrive - Datalogic S.p.a\\D"
 821      73657273 
 821      5C676372 
 821      69737469 
 821      6E695C4F 
 822 0035 6174615C 		.ascii	"ata\\PhytonWorkspace\\SkorpioTemperatureTest\\PSOC-"
 822      50687974 
 822      6F6E576F 
 822      726B7370 
 822      6163655C 
 823 0065 4669726D 		.ascii	"Firmware\\SerialTemperatureSensor.cydsn\000"
 823      77617265 
 823      5C536572 
 823      69616C54 
 823      656D7065 
 824              	.LASF18:
 825 008c 416E616C 		.ascii	"AnalogSetDefault\000"
 825      6F675365 
 825      74446566 
 825      61756C74 
 825      00
 826              	.LASF24:
 827 009d 43795379 		.ascii	"CySysClkSetTimerSource\000"
 827      73436C6B 
 827      53657454 
 827      696D6572 
 827      536F7572 
 828              	.LASF22:
 829 00b4 4379496E 		.ascii	"CyIntSetVector\000"
 829      74536574 
 829      56656374 
 829      6F7200
 830              	.LASF17:
 831 00c3 436C6F63 		.ascii	"ClockSetup\000"
 831      6B536574 
 831      757000
 832              	.LASF6:
 833 00ce 73686F72 		.ascii	"short unsigned int\000"
ARM GAS  C:\Users\GCRIST~1\AppData\Local\Temp\ccnejcoD.s 			page 22


 833      7420756E 
 833      7369676E 
 833      65642069 
 833      6E7400
 834              	.LASF14:
 835 00e1 666C6F61 		.ascii	"float\000"
 835      7400
 836              	.LASF4:
 837 00e7 756E7369 		.ascii	"unsigned char\000"
 837      676E6564 
 837      20636861 
 837      7200
 838              	.LASF8:
 839 00f5 6C6F6E67 		.ascii	"long unsigned int\000"
 839      20756E73 
 839      69676E65 
 839      6420696E 
 839      7400
 840              	.LASF12:
 841 0107 75696E74 		.ascii	"uint8\000"
 841      3800
 842              	.LASF20:
 843 010d 63796669 		.ascii	"cyfitter_cfg\000"
 843      74746572 
 843      5F636667 
 843      00
 844              	.LASF19:
 845 011a 53657441 		.ascii	"SetAnalogRoutingPumps\000"
 845      6E616C6F 
 845      67526F75 
 845      74696E67 
 845      50756D70 
 846              	.LASF15:
 847 0130 646F7562 		.ascii	"double\000"
 847      6C6500
 848              	.LASF23:
 849 0137 4379496E 		.ascii	"CyIntEnable\000"
 849      74456E61 
 849      626C6500 
 850              	.LASF13:
 851 0143 75696E74 		.ascii	"uint32\000"
 851      333200
 852              	.LASF0:
 853 014a 756E7369 		.ascii	"unsigned int\000"
 853      676E6564 
 853      20696E74 
 853      00
 854              	.LASF9:
 855 0157 6C6F6E67 		.ascii	"long long unsigned int\000"
 855      206C6F6E 
 855      6720756E 
 855      7369676E 
 855      65642069 
 856              	.LASF10:
 857 016e 73697A65 		.ascii	"sizetype\000"
 857      74797065 
 857      00
ARM GAS  C:\Users\GCRIST~1\AppData\Local\Temp\ccnejcoD.s 			page 23


 858              	.LASF1:
 859 0177 6C6F6E67 		.ascii	"long long int\000"
 859      206C6F6E 
 859      6720696E 
 859      7400
 860              	.LASF11:
 861 0185 63686172 		.ascii	"char\000"
 861      00
 862              	.LASF28:
 863 018a 656E6162 		.ascii	"enabled\000"
 863      6C656400 
 864              	.LASF5:
 865 0192 73686F72 		.ascii	"short int\000"
 865      7420696E 
 865      7400
 866              	.LASF21:
 867 019c 43795379 		.ascii	"CySysClkWriteImoFreq\000"
 867      73436C6B 
 867      57726974 
 867      65496D6F 
 867      46726571 
 868              	.LASF7:
 869 01b1 6C6F6E67 		.ascii	"long int\000"
 869      20696E74 
 869      00
 870              	.LASF2:
 871 01ba 6C6F6E67 		.ascii	"long double\000"
 871      20646F75 
 871      626C6500 
 872              	.LASF25:
 873 01c6 474E5520 		.ascii	"GNU C11 5.4.1 20160609 (release) [ARM/embedded-5-br"
 873      43313120 
 873      352E342E 
 873      31203230 
 873      31363036 
 874 01f9 616E6368 		.ascii	"anch revision 237715] -mcpu=cortex-m0plus -mthumb -"
 874      20726576 
 874      6973696F 
 874      6E203233 
 874      37373135 
 875 022c 67202D4F 		.ascii	"g -Og -ffunction-sections -ffat-lto-objects\000"
 875      67202D66 
 875      66756E63 
 875      74696F6E 
 875      2D736563 
 876              	.LASF3:
 877 0258 7369676E 		.ascii	"signed char\000"
 877      65642063 
 877      68617200 
 878              	.LASF26:
 879 0264 47656E65 		.ascii	"Generated_Source\\PSoC4\\cyfitter_cfg.c\000"
 879      72617465 
 879      645F536F 
 879      75726365 
 879      5C50536F 
 880              	.LASF29:
 881 028a 72656756 		.ascii	"regValue\000"
ARM GAS  C:\Users\GCRIST~1\AppData\Local\Temp\ccnejcoD.s 			page 24


 881      616C7565 
 881      00
 882              		.ident	"GCC: (GNU Tools for ARM Embedded Processors) 5.4.1 20160609 (release) [ARM/embedded-5-bran
