ARM GAS  C:\Users\GCRIST~1\AppData\Local\Temp\ccMvksgK.s 			page 1


   1              		.syntax unified
   2              		.cpu cortex-m0plus
   3              		.fpu softvfp
   4              		.eabi_attribute 20, 1
   5              		.eabi_attribute 21, 1
   6              		.eabi_attribute 23, 3
   7              		.eabi_attribute 24, 1
   8              		.eabi_attribute 25, 1
   9              		.eabi_attribute 26, 1
  10              		.eabi_attribute 30, 1
  11              		.eabi_attribute 34, 0
  12              		.eabi_attribute 18, 4
  13              		.thumb
  14              		.syntax unified
  15              		.file	"PGA.c"
  16              		.text
  17              	.Ltext0:
  18              		.cfi_sections	.debug_frame
  19              		.section	.text.PGA_Enable,"ax",%progbits
  20              		.align	2
  21              		.global	PGA_Enable
  22              		.code	16
  23              		.thumb_func
  24              		.type	PGA_Enable, %function
  25              	PGA_Enable:
  26              	.LFB1:
  27              		.file 1 "Generated_Source\\PSoC4\\PGA.c"
   1:Generated_Source\PSoC4/PGA.c **** /***************************************************************************//**
   2:Generated_Source\PSoC4/PGA.c **** * \file     PGA.c
   3:Generated_Source\PSoC4/PGA.c **** * \version  1.10
   4:Generated_Source\PSoC4/PGA.c **** *
   5:Generated_Source\PSoC4/PGA.c **** * \brief
   6:Generated_Source\PSoC4/PGA.c **** *  This file provides the source code to the API for the PGA_P4 Component
   7:Generated_Source\PSoC4/PGA.c **** *
   8:Generated_Source\PSoC4/PGA.c **** ********************************************************************************
   9:Generated_Source\PSoC4/PGA.c **** * \copyright
  10:Generated_Source\PSoC4/PGA.c **** * Copyright 2016, Cypress Semiconductor Corporation.  All rights reserved.
  11:Generated_Source\PSoC4/PGA.c **** * You may use this file only in accordance with the license, terms, conditions,
  12:Generated_Source\PSoC4/PGA.c **** * disclaimers, and limitations in the end user license agreement accompanying
  13:Generated_Source\PSoC4/PGA.c **** * the software package with which this file was provided.
  14:Generated_Source\PSoC4/PGA.c **** *******************************************************************************/
  15:Generated_Source\PSoC4/PGA.c **** 
  16:Generated_Source\PSoC4/PGA.c **** #include "PGA_PVT.h"
  17:Generated_Source\PSoC4/PGA.c **** 
  18:Generated_Source\PSoC4/PGA.c **** 
  19:Generated_Source\PSoC4/PGA.c **** uint8 PGA_initVar = 0u; /**< Describes the init state of the component */
  20:Generated_Source\PSoC4/PGA.c **** 
  21:Generated_Source\PSoC4/PGA.c **** uint32 PGA_internalGainPower = 0u; /**< Stores component Gain, Power and Enable values */
  22:Generated_Source\PSoC4/PGA.c **** 
  23:Generated_Source\PSoC4/PGA.c **** /***************************************************************************//**
  24:Generated_Source\PSoC4/PGA.c **** * Compensation table 
  25:Generated_Source\PSoC4/PGA.c **** *
  26:Generated_Source\PSoC4/PGA.c **** * There is a feedback compensation capacitor recomended setting (for certain 
  27:Generated_Source\PSoC4/PGA.c **** * gain and power setting) under the mask 0x0F000000u
  28:Generated_Source\PSoC4/PGA.c **** * or (PGA_C_FB_MASK)
  29:Generated_Source\PSoC4/PGA.c **** *
  30:Generated_Source\PSoC4/PGA.c **** * Also there is an OpAmp compensation recomended setting (for certain 
ARM GAS  C:\Users\GCRIST~1\AppData\Local\Temp\ccMvksgK.s 			page 2


  31:Generated_Source\PSoC4/PGA.c **** * gain and power setting) under the mask 0x00000003u
  32:Generated_Source\PSoC4/PGA.c **** * or (PGA_GET_OA_COMP_TRIM)
  33:Generated_Source\PSoC4/PGA.c **** *
  34:Generated_Source\PSoC4/PGA.c **** * There is only 6 values for whole gain range because the recommended 
  35:Generated_Source\PSoC4/PGA.c **** * values are for each pair of adjacent gain values, e.g.:
  36:Generated_Source\PSoC4/PGA.c **** * the first (index = 0) value is for gain = 1 and 1.4,
  37:Generated_Source\PSoC4/PGA.c **** * the second (index = 1) value is for gain = 2 and 2.8,and so on,
  38:Generated_Source\PSoC4/PGA.c **** * and the sixth (index = 5) value is for gain = 32 only.
  39:Generated_Source\PSoC4/PGA.c **** *******************************************************************************/
  40:Generated_Source\PSoC4/PGA.c **** const uint32 PGA_compTab[PGA_COMP_TAB_HEIGHT][PGA_COMP_TAB_WIDTH] =
  41:Generated_Source\PSoC4/PGA.c **** {
  42:Generated_Source\PSoC4/PGA.c **** #if (PGA_CHECK_OUTPUT_MODE) /* Class AB */
  43:Generated_Source\PSoC4/PGA.c ****     {0x0F000002u, 0x0F000002u, 0x0F000002u},
  44:Generated_Source\PSoC4/PGA.c ****     {0x07000002u, 0x09000002u, 0x09000002u},
  45:Generated_Source\PSoC4/PGA.c ****     {0x04000002u, 0x04000002u, 0x04000002u},
  46:Generated_Source\PSoC4/PGA.c ****     {0x03000001u, 0x02000002u, 0x03000002u},
  47:Generated_Source\PSoC4/PGA.c ****     {0x01000001u, 0x00000002u, 0x00000002u},
  48:Generated_Source\PSoC4/PGA.c ****     {0x01000001u, 0x01000001u, 0x02000001u}
  49:Generated_Source\PSoC4/PGA.c **** #else /* Class A */
  50:Generated_Source\PSoC4/PGA.c ****     {0x0F000002u, 0x0F000002u, 0x0F000002u},
  51:Generated_Source\PSoC4/PGA.c ****     {0x08000002u, 0x09000002u, 0x09000002u},
  52:Generated_Source\PSoC4/PGA.c ****     {0x03000001u, 0x05000002u, 0x04000002u},
  53:Generated_Source\PSoC4/PGA.c ****     {0x00000001u, 0x02000002u, 0x03000002u},
  54:Generated_Source\PSoC4/PGA.c ****     {0x00000001u, 0x00000002u, 0x01000002u},
  55:Generated_Source\PSoC4/PGA.c ****     {0x00000001u, 0x00000001u, 0x00000001u}
  56:Generated_Source\PSoC4/PGA.c **** #endif /* PGA_OUTPUT_MODE */
  57:Generated_Source\PSoC4/PGA.c **** };
  58:Generated_Source\PSoC4/PGA.c **** 
  59:Generated_Source\PSoC4/PGA.c **** 
  60:Generated_Source\PSoC4/PGA.c **** /*******************************************************************************   
  61:Generated_Source\PSoC4/PGA.c **** * Function Name: PGA_Init
  62:Generated_Source\PSoC4/PGA.c **** ****************************************************************************//**
  63:Generated_Source\PSoC4/PGA.c **** *
  64:Generated_Source\PSoC4/PGA.c **** *  Initializes component's parameters to the values set by user in the 
  65:Generated_Source\PSoC4/PGA.c **** *  customizer of the component placed onto schematic. Usually it is called in 
  66:Generated_Source\PSoC4/PGA.c **** *  PGA_Start().
  67:Generated_Source\PSoC4/PGA.c **** *
  68:Generated_Source\PSoC4/PGA.c **** *******************************************************************************/
  69:Generated_Source\PSoC4/PGA.c **** void PGA_Init(void)
  70:Generated_Source\PSoC4/PGA.c **** {
  71:Generated_Source\PSoC4/PGA.c ****     /* Set default internal variable value */
  72:Generated_Source\PSoC4/PGA.c ****     PGA_internalGainPower = PGA_DEFAULT_GAIN_POWER;
  73:Generated_Source\PSoC4/PGA.c ****     
  74:Generated_Source\PSoC4/PGA.c ****     /* Set default register values */
  75:Generated_Source\PSoC4/PGA.c ****     PGA_CTB_CTRL_REG |= PGA_DEFAULT_CTB_CTRL;
  76:Generated_Source\PSoC4/PGA.c ****     PGA_OA_RES_CTRL_REG &= (uint32) ~PGA_DEFAULT_OA_RES_CTRL_MASK;
  77:Generated_Source\PSoC4/PGA.c ****     PGA_OA_RES_CTRL_REG |= PGA_DEFAULT_OA_RES_CTRL;
  78:Generated_Source\PSoC4/PGA.c ****     
  79:Generated_Source\PSoC4/PGA.c ****     /* Check if component has been enabled */
  80:Generated_Source\PSoC4/PGA.c ****     if((PGA_OA_RES_CTRL_REG & PGA_OA_PWR_MODE_MASK) != 0u)
  81:Generated_Source\PSoC4/PGA.c ****     {
  82:Generated_Source\PSoC4/PGA.c ****         /* Set the default power level */
  83:Generated_Source\PSoC4/PGA.c ****         PGA_Enable();
  84:Generated_Source\PSoC4/PGA.c ****     }
  85:Generated_Source\PSoC4/PGA.c ****     
  86:Generated_Source\PSoC4/PGA.c ****     /* Set default gain and correspondent Cfb and OA_trim values */
  87:Generated_Source\PSoC4/PGA.c ****     PGA_SetGain(PGA_GAIN);
ARM GAS  C:\Users\GCRIST~1\AppData\Local\Temp\ccMvksgK.s 			page 3


  88:Generated_Source\PSoC4/PGA.c **** }
  89:Generated_Source\PSoC4/PGA.c **** 
  90:Generated_Source\PSoC4/PGA.c **** 
  91:Generated_Source\PSoC4/PGA.c **** /*******************************************************************************   
  92:Generated_Source\PSoC4/PGA.c **** * Function Name: PGA_Enable
  93:Generated_Source\PSoC4/PGA.c **** ****************************************************************************//**
  94:Generated_Source\PSoC4/PGA.c **** *
  95:Generated_Source\PSoC4/PGA.c **** *  Powers up amplifier (to default power level or restored after 
  96:Generated_Source\PSoC4/PGA.c **** *  previous PGA_Stop() call).
  97:Generated_Source\PSoC4/PGA.c **** *  Usually it is called in PGA_Start().
  98:Generated_Source\PSoC4/PGA.c **** *  
  99:Generated_Source\PSoC4/PGA.c **** *******************************************************************************/
 100:Generated_Source\PSoC4/PGA.c **** void PGA_Enable(void)
 101:Generated_Source\PSoC4/PGA.c **** {
  28              		.loc 1 101 0
  29              		.cfi_startproc
  30              		@ args = 0, pretend = 0, frame = 0
  31              		@ frame_needed = 0, uses_anonymous_args = 0
  32              		@ link register save eliminated.
 102:Generated_Source\PSoC4/PGA.c ****     PGA_OA_RES_CTRL_REG |= PGA_GET_POWER;
  33              		.loc 1 102 0
  34 0000 0449     		ldr	r1, .L2
  35 0002 0868     		ldr	r0, [r1]
  36 0004 044B     		ldr	r3, .L2+4
  37 0006 1B68     		ldr	r3, [r3]
  38 0008 0322     		movs	r2, #3
  39 000a 1340     		ands	r3, r2
  40 000c 0343     		orrs	r3, r0
  41 000e 0B60     		str	r3, [r1]
 103:Generated_Source\PSoC4/PGA.c **** }
  42              		.loc 1 103 0
  43              		@ sp needed
  44 0010 7047     		bx	lr
  45              	.L3:
  46 0012 C046     		.align	2
  47              	.L2:
  48 0014 04003040 		.word	1076887556
  49 0018 00000000 		.word	.LANCHOR0
  50              		.cfi_endproc
  51              	.LFE1:
  52              		.size	PGA_Enable, .-PGA_Enable
  53              		.section	.text.PGA_Stop,"ax",%progbits
  54              		.align	2
  55              		.global	PGA_Stop
  56              		.code	16
  57              		.thumb_func
  58              		.type	PGA_Stop, %function
  59              	PGA_Stop:
  60              	.LFB3:
 104:Generated_Source\PSoC4/PGA.c **** 
 105:Generated_Source\PSoC4/PGA.c **** 
 106:Generated_Source\PSoC4/PGA.c **** /*******************************************************************************
 107:Generated_Source\PSoC4/PGA.c **** * Function Name: PGA_Start
 108:Generated_Source\PSoC4/PGA.c **** ****************************************************************************//**
 109:Generated_Source\PSoC4/PGA.c **** *
 110:Generated_Source\PSoC4/PGA.c **** *  Enables the amplifier operation (calls PGA_Enable).
 111:Generated_Source\PSoC4/PGA.c **** *  Also on the first call (after the system reset) initializes all the component
ARM GAS  C:\Users\GCRIST~1\AppData\Local\Temp\ccMvksgK.s 			page 4


 112:Generated_Source\PSoC4/PGA.c **** *  related registers with default values (calls PGA_Init).
 113:Generated_Source\PSoC4/PGA.c **** *
 114:Generated_Source\PSoC4/PGA.c **** *  \globalvars
 115:Generated_Source\PSoC4/PGA.c **** *   The PGA_initVar variable is used to indicate initial
 116:Generated_Source\PSoC4/PGA.c **** *   configuration of this component. The variable is initialized to zero (0u)
 117:Generated_Source\PSoC4/PGA.c **** *   and set to one (1u) at the first time PGA_Start() is called.
 118:Generated_Source\PSoC4/PGA.c **** *   This allows to enable the component without re-initialization in all
 119:Generated_Source\PSoC4/PGA.c **** *   subsequent calls of the PGA_Start() routine.
 120:Generated_Source\PSoC4/PGA.c **** *
 121:Generated_Source\PSoC4/PGA.c **** *******************************************************************************/
 122:Generated_Source\PSoC4/PGA.c **** void PGA_Start(void)
 123:Generated_Source\PSoC4/PGA.c **** {
 124:Generated_Source\PSoC4/PGA.c ****     if(PGA_initVar == 0u)
 125:Generated_Source\PSoC4/PGA.c ****     {
 126:Generated_Source\PSoC4/PGA.c ****         PGA_Init();
 127:Generated_Source\PSoC4/PGA.c ****         PGA_initVar = 1u;
 128:Generated_Source\PSoC4/PGA.c ****     }
 129:Generated_Source\PSoC4/PGA.c **** 
 130:Generated_Source\PSoC4/PGA.c ****     PGA_Enable();
 131:Generated_Source\PSoC4/PGA.c **** }
 132:Generated_Source\PSoC4/PGA.c **** 
 133:Generated_Source\PSoC4/PGA.c **** 
 134:Generated_Source\PSoC4/PGA.c **** /*******************************************************************************
 135:Generated_Source\PSoC4/PGA.c **** * Function Name: PGA_Stop
 136:Generated_Source\PSoC4/PGA.c **** ****************************************************************************//**
 137:Generated_Source\PSoC4/PGA.c **** *
 138:Generated_Source\PSoC4/PGA.c **** *  Powers down the amplifier.
 139:Generated_Source\PSoC4/PGA.c **** *
 140:Generated_Source\PSoC4/PGA.c **** *******************************************************************************/
 141:Generated_Source\PSoC4/PGA.c **** void PGA_Stop(void)
 142:Generated_Source\PSoC4/PGA.c **** { 
  61              		.loc 1 142 0
  62              		.cfi_startproc
  63              		@ args = 0, pretend = 0, frame = 0
  64              		@ frame_needed = 0, uses_anonymous_args = 0
  65              		@ link register save eliminated.
 143:Generated_Source\PSoC4/PGA.c ****     PGA_OA_RES_CTRL_REG &= (uint32)~PGA_OA_PWR_MODE_MASK;
  66              		.loc 1 143 0
  67 0000 024A     		ldr	r2, .L5
  68 0002 1368     		ldr	r3, [r2]
  69 0004 0321     		movs	r1, #3
  70 0006 8B43     		bics	r3, r1
  71 0008 1360     		str	r3, [r2]
 144:Generated_Source\PSoC4/PGA.c **** }
  72              		.loc 1 144 0
  73              		@ sp needed
  74 000a 7047     		bx	lr
  75              	.L6:
  76              		.align	2
  77              	.L5:
  78 000c 04003040 		.word	1076887556
  79              		.cfi_endproc
  80              	.LFE3:
  81              		.size	PGA_Stop, .-PGA_Stop
  82              		.section	.text.PGA_SetPower,"ax",%progbits
  83              		.align	2
  84              		.global	PGA_SetPower
ARM GAS  C:\Users\GCRIST~1\AppData\Local\Temp\ccMvksgK.s 			page 5


  85              		.code	16
  86              		.thumb_func
  87              		.type	PGA_SetPower, %function
  88              	PGA_SetPower:
  89              	.LFB4:
 145:Generated_Source\PSoC4/PGA.c **** 
 146:Generated_Source\PSoC4/PGA.c **** 
 147:Generated_Source\PSoC4/PGA.c **** /*******************************************************************************
 148:Generated_Source\PSoC4/PGA.c **** * Function Name: PGA_SetPower
 149:Generated_Source\PSoC4/PGA.c **** ****************************************************************************//**
 150:Generated_Source\PSoC4/PGA.c **** *
 151:Generated_Source\PSoC4/PGA.c **** *  Sets the power level of amplifier.
 152:Generated_Source\PSoC4/PGA.c **** *
 153:Generated_Source\PSoC4/PGA.c **** * \param powerLevel
 154:Generated_Source\PSoC4/PGA.c **** *  The power level setting of amplifier. Possible values:
 155:Generated_Source\PSoC4/PGA.c **** *   * PGA_LOW - The lowest power consumption.
 156:Generated_Source\PSoC4/PGA.c **** *   * PGA_MED - The middle setting.
 157:Generated_Source\PSoC4/PGA.c **** *   * PGA_HIGH - The highest amplifier bandwidth.
 158:Generated_Source\PSoC4/PGA.c **** *
 159:Generated_Source\PSoC4/PGA.c **** *  \internal
 160:Generated_Source\PSoC4/PGA.c **** *   The PGA_internalGainPower variable is used to store the
 161:Generated_Source\PSoC4/PGA.c **** *   current gain and power level to set appropriate compensation settings.
 162:Generated_Source\PSoC4/PGA.c **** *
 163:Generated_Source\PSoC4/PGA.c **** *******************************************************************************/
 164:Generated_Source\PSoC4/PGA.c **** void PGA_SetPower(uint32 powerLevel)
 165:Generated_Source\PSoC4/PGA.c **** {
  90              		.loc 1 165 0
  91              		.cfi_startproc
  92              		@ args = 0, pretend = 0, frame = 0
  93              		@ frame_needed = 0, uses_anonymous_args = 0
  94              	.LVL0:
  95 0000 F0B5     		push	{r4, r5, r6, r7, lr}
  96              		.cfi_def_cfa_offset 20
  97              		.cfi_offset 4, -20
  98              		.cfi_offset 5, -16
  99              		.cfi_offset 6, -12
 100              		.cfi_offset 7, -8
 101              		.cfi_offset 14, -4
 102 0002 4746     		mov	r7, r8
 103 0004 80B4     		push	{r7}
 104              		.cfi_def_cfa_offset 24
 105              		.cfi_offset 8, -24
 166:Generated_Source\PSoC4/PGA.c ****     uint32 locTmp;
 167:Generated_Source\PSoC4/PGA.c ****     
 168:Generated_Source\PSoC4/PGA.c ****     /* Save the powerLevel */
 169:Generated_Source\PSoC4/PGA.c ****     PGA_internalGainPower &= (uint32) ~PGA_OA_PWR_MODE_MASK;
 106              		.loc 1 169 0
 107 0006 184D     		ldr	r5, .L8
 108 0008 0321     		movs	r1, #3
 109 000a 2B68     		ldr	r3, [r5]
 110 000c 8B43     		bics	r3, r1
 170:Generated_Source\PSoC4/PGA.c ****     PGA_internalGainPower |= powerLevel & PGA_OA_PWR_MODE_MASK;
 111              		.loc 1 170 0
 112 000e 0840     		ands	r0, r1
 113              	.LVL1:
 114 0010 1843     		orrs	r0, r3
 115 0012 2860     		str	r0, [r5]
ARM GAS  C:\Users\GCRIST~1\AppData\Local\Temp\ccMvksgK.s 			page 6


 171:Generated_Source\PSoC4/PGA.c ****     
 172:Generated_Source\PSoC4/PGA.c ****     /* Save the rest of register bitfields */
 173:Generated_Source\PSoC4/PGA.c ****     locTmp = PGA_OA_RES_CTRL_REG &
 116              		.loc 1 173 0
 117 0014 154B     		ldr	r3, .L8+4
 118 0016 9846     		mov	r8, r3
 119 0018 1C68     		ldr	r4, [r3]
 120 001a 154A     		ldr	r2, .L8+8
 121 001c 1440     		ands	r4, r2
 122              	.LVL2:
 174:Generated_Source\PSoC4/PGA.c ****         (uint32)~(PGA_OA_PWR_MODE_MASK | PGA_C_FB_MASK);
 175:Generated_Source\PSoC4/PGA.c ****            
 176:Generated_Source\PSoC4/PGA.c ****     /* Set the power and the feedback capacitor values into the control register */
 177:Generated_Source\PSoC4/PGA.c ****     PGA_OA_RES_CTRL_REG  = locTmp | PGA_GET_POWER | PGA_GET_C_FB;
 123              		.loc 1 177 0
 124 001e 0A00     		movs	r2, r1
 125 0020 0240     		ands	r2, r0
 126 0022 1443     		orrs	r4, r2
 127              	.LVL3:
 128 0024 400C     		lsrs	r0, r0, #17
 129 0026 0727     		movs	r7, #7
 130 0028 3840     		ands	r0, r7
 131 002a 013A     		subs	r2, r2, #1
 132 002c 114E     		ldr	r6, .L8+12
 133 002e 4300     		lsls	r3, r0, #1
 134 0030 9C46     		mov	ip, r3
 135 0032 6044     		add	r0, r0, ip
 136 0034 8018     		adds	r0, r0, r2
 137 0036 8000     		lsls	r0, r0, #2
 138 0038 8059     		ldr	r0, [r0, r6]
 139 003a F022     		movs	r2, #240
 140 003c 1205     		lsls	r2, r2, #20
 141 003e 0240     		ands	r2, r0
 142 0040 1443     		orrs	r4, r2
 143 0042 4346     		mov	r3, r8
 144 0044 1C60     		str	r4, [r3]
 178:Generated_Source\PSoC4/PGA.c ****     
 179:Generated_Source\PSoC4/PGA.c ****     /* Set the OA compensation capacitor value */
 180:Generated_Source\PSoC4/PGA.c ****     PGA_OA_COMP_TRIM_REG = PGA_GET_OA_COMP_TRIM;
 145              		.loc 1 180 0
 146 0046 2B68     		ldr	r3, [r5]
 147 0048 5A0C     		lsrs	r2, r3, #17
 148 004a 1740     		ands	r7, r2
 149 004c 0B40     		ands	r3, r1
 150 004e 5A1E     		subs	r2, r3, #1
 151 0050 7B00     		lsls	r3, r7, #1
 152 0052 DB19     		adds	r3, r3, r7
 153 0054 9B18     		adds	r3, r3, r2
 154 0056 9B00     		lsls	r3, r3, #2
 155 0058 9B59     		ldr	r3, [r3, r6]
 156 005a 1940     		ands	r1, r3
 157 005c 064B     		ldr	r3, .L8+16
 158 005e 1960     		str	r1, [r3]
 181:Generated_Source\PSoC4/PGA.c **** }
 159              		.loc 1 181 0
 160              		@ sp needed
 161 0060 04BC     		pop	{r2}
ARM GAS  C:\Users\GCRIST~1\AppData\Local\Temp\ccMvksgK.s 			page 7


 162 0062 9046     		mov	r8, r2
 163 0064 F0BD     		pop	{r4, r5, r6, r7, pc}
 164              	.L9:
 165 0066 C046     		.align	2
 166              	.L8:
 167 0068 00000000 		.word	.LANCHOR0
 168 006c 04003040 		.word	1076887556
 169 0070 FCFFFFF0 		.word	-251658244
 170 0074 00000000 		.word	.LANCHOR1
 171 0078 080F3040 		.word	1076891400
 172              		.cfi_endproc
 173              	.LFE4:
 174              		.size	PGA_SetPower, .-PGA_SetPower
 175              		.section	.text.PGA_SetGain,"ax",%progbits
 176              		.align	2
 177              		.global	PGA_SetGain
 178              		.code	16
 179              		.thumb_func
 180              		.type	PGA_SetGain, %function
 181              	PGA_SetGain:
 182              	.LFB5:
 182:Generated_Source\PSoC4/PGA.c **** 
 183:Generated_Source\PSoC4/PGA.c **** 
 184:Generated_Source\PSoC4/PGA.c **** /*******************************************************************************
 185:Generated_Source\PSoC4/PGA.c **** * Function Name: PGA_SetGain
 186:Generated_Source\PSoC4/PGA.c **** ****************************************************************************//**
 187:Generated_Source\PSoC4/PGA.c **** *
 188:Generated_Source\PSoC4/PGA.c **** *  Sets values of the input and feedback resistors to set a 
 189:Generated_Source\PSoC4/PGA.c **** *  specific gain of the amplifier.
 190:Generated_Source\PSoC4/PGA.c **** *
 191:Generated_Source\PSoC4/PGA.c **** * \param gainLevel
 192:Generated_Source\PSoC4/PGA.c **** *  The gain setting of amplifier. Possible values:
 193:Generated_Source\PSoC4/PGA.c **** *   * PGA_GAIN_1_00 - gain 1.00.
 194:Generated_Source\PSoC4/PGA.c **** *   * PGA_GAIN_1_42 - gain 1.42.
 195:Generated_Source\PSoC4/PGA.c **** *   * PGA_GAIN_2_00 - gain 2.00.
 196:Generated_Source\PSoC4/PGA.c **** *   * PGA_GAIN_2_78 - gain 2.78.
 197:Generated_Source\PSoC4/PGA.c **** *   * PGA_GAIN_4_00 - gain 4.00.
 198:Generated_Source\PSoC4/PGA.c **** *   * PGA_GAIN_5_82 - gain 5.82.
 199:Generated_Source\PSoC4/PGA.c **** *   * PGA_GAIN_8_00 - gain 8.00.
 200:Generated_Source\PSoC4/PGA.c **** *   * PGA_GAIN_10_7 - gain 10.7.
 201:Generated_Source\PSoC4/PGA.c **** *   * PGA_GAIN_16_0 - gain 16.0.
 202:Generated_Source\PSoC4/PGA.c **** *   * PGA_GAIN_21_3 - gain 21.3.
 203:Generated_Source\PSoC4/PGA.c **** *   * PGA_GAIN_32_0 - gain 32.0.
 204:Generated_Source\PSoC4/PGA.c **** *
 205:Generated_Source\PSoC4/PGA.c **** *  \internal
 206:Generated_Source\PSoC4/PGA.c **** *   The PGA_internalGainPower variable is used to store the
 207:Generated_Source\PSoC4/PGA.c **** *   current gain and power level to set appropriate compensation settings.
 208:Generated_Source\PSoC4/PGA.c **** *
 209:Generated_Source\PSoC4/PGA.c **** *******************************************************************************/
 210:Generated_Source\PSoC4/PGA.c **** void PGA_SetGain(uint32 gainLevel)
 211:Generated_Source\PSoC4/PGA.c **** {
 183              		.loc 1 211 0
 184              		.cfi_startproc
 185              		@ args = 0, pretend = 0, frame = 0
 186              		@ frame_needed = 0, uses_anonymous_args = 0
 187              	.LVL4:
 188 0000 30B5     		push	{r4, r5, lr}
ARM GAS  C:\Users\GCRIST~1\AppData\Local\Temp\ccMvksgK.s 			page 8


 189              		.cfi_def_cfa_offset 12
 190              		.cfi_offset 4, -12
 191              		.cfi_offset 5, -8
 192              		.cfi_offset 14, -4
 212:Generated_Source\PSoC4/PGA.c ****     uint32 locTmp;
 213:Generated_Source\PSoC4/PGA.c ****     
 214:Generated_Source\PSoC4/PGA.c ****     /* Save the gainLevel */
 215:Generated_Source\PSoC4/PGA.c ****     PGA_internalGainPower &= (uint32) ~PGA_RES_TAP_MASK;
 193              		.loc 1 215 0
 194 0002 204C     		ldr	r4, .L13
 195 0004 204B     		ldr	r3, .L13+4
 196 0006 2168     		ldr	r1, [r4]
 197 0008 1940     		ands	r1, r3
 216:Generated_Source\PSoC4/PGA.c ****     PGA_internalGainPower |= ((uint32)(gainLevel << PGA_RES_TAP_SHIFT)) &
 198              		.loc 1 216 0
 199 000a 0304     		lsls	r3, r0, #16
 200 000c F022     		movs	r2, #240
 201 000e 1203     		lsls	r2, r2, #12
 202 0010 1340     		ands	r3, r2
 203 0012 0B43     		orrs	r3, r1
 204 0014 2360     		str	r3, [r4]
 217:Generated_Source\PSoC4/PGA.c ****                                                                  PGA_RES_TAP_MASK;
 218:Generated_Source\PSoC4/PGA.c ****     /* Save the rest of register bitfields */
 219:Generated_Source\PSoC4/PGA.c ****     locTmp = PGA_OA_RES_CTRL_REG &
 205              		.loc 1 219 0
 206 0016 1D4C     		ldr	r4, .L13+8
 207 0018 2568     		ldr	r5, [r4]
 208 001a 1D49     		ldr	r1, .L13+12
 209 001c 2940     		ands	r1, r5
 210              	.LVL5:
 220:Generated_Source\PSoC4/PGA.c ****         (uint32)~(PGA_RES_TAP_MASK | PGA_C_FB_MASK);
 221:Generated_Source\PSoC4/PGA.c ****     
 222:Generated_Source\PSoC4/PGA.c ****     /* Set the gain and the feedback capacitor values into the control register */
 223:Generated_Source\PSoC4/PGA.c ****     PGA_OA_RES_CTRL_REG = locTmp | (PGA_internalGainPower &
 211              		.loc 1 223 0
 212 001e 1A40     		ands	r2, r3
 213 0020 1143     		orrs	r1, r2
 214              	.LVL6:
 215 0022 0D00     		movs	r5, r1
 216              	.LVL7:
 224:Generated_Source\PSoC4/PGA.c ****         PGA_RES_TAP_MASK) | PGA_GET_C_FB;
 217              		.loc 1 224 0
 218 0024 5A0C     		lsrs	r2, r3, #17
 219 0026 0721     		movs	r1, #7
 220 0028 1140     		ands	r1, r2
 221 002a 0322     		movs	r2, #3
 222 002c 1340     		ands	r3, r2
 223 002e 5A1E     		subs	r2, r3, #1
 224 0030 4B00     		lsls	r3, r1, #1
 225 0032 5B18     		adds	r3, r3, r1
 226 0034 9B18     		adds	r3, r3, r2
 227 0036 9B00     		lsls	r3, r3, #2
 228 0038 164A     		ldr	r2, .L13+16
 229 003a 9B58     		ldr	r3, [r3, r2]
 230 003c F022     		movs	r2, #240
 231 003e 1205     		lsls	r2, r2, #20
 232 0040 1A40     		ands	r2, r3
ARM GAS  C:\Users\GCRIST~1\AppData\Local\Temp\ccMvksgK.s 			page 9


 233 0042 2B00     		movs	r3, r5
 234 0044 1343     		orrs	r3, r2
 223:Generated_Source\PSoC4/PGA.c ****         PGA_RES_TAP_MASK) | PGA_GET_C_FB;
 235              		.loc 1 223 0
 236 0046 2360     		str	r3, [r4]
 225:Generated_Source\PSoC4/PGA.c ****     
 226:Generated_Source\PSoC4/PGA.c **** #if (PGA_VREF_MODE == PGA_VREF_INTERNAL)
 227:Generated_Source\PSoC4/PGA.c ****     if(PGA_GAIN_1_00 == gainLevel)
 237              		.loc 1 227 0
 238 0048 0028     		cmp	r0, #0
 239 004a 04D1     		bne	.L11
 228:Generated_Source\PSoC4/PGA.c ****     {
 229:Generated_Source\PSoC4/PGA.c ****         /* Disconnect the resistor matrix bottom from the internal Vss */
 230:Generated_Source\PSoC4/PGA.c ****         PGA_OA_SW_CLEAR_REG = PGA_RBOT_TO_VSSA;
 240              		.loc 1 230 0
 241 004c 8022     		movs	r2, #128
 242 004e 5205     		lsls	r2, r2, #21
 243 0050 114B     		ldr	r3, .L13+20
 244 0052 1A60     		str	r2, [r3]
 245 0054 03E0     		b	.L12
 246              	.L11:
 231:Generated_Source\PSoC4/PGA.c ****     }
 232:Generated_Source\PSoC4/PGA.c ****     else
 233:Generated_Source\PSoC4/PGA.c ****     {
 234:Generated_Source\PSoC4/PGA.c ****         /* Connect the resistor matrix bottom to the internal Vss */
 235:Generated_Source\PSoC4/PGA.c ****         PGA_OA_SW_REG = PGA_RBOT_TO_VSSA;
 247              		.loc 1 235 0
 248 0056 8022     		movs	r2, #128
 249 0058 5205     		lsls	r2, r2, #21
 250 005a 104B     		ldr	r3, .L13+24
 251 005c 1A60     		str	r2, [r3]
 252              	.L12:
 236:Generated_Source\PSoC4/PGA.c ****     }
 237:Generated_Source\PSoC4/PGA.c **** #endif /* Vref Internal */
 238:Generated_Source\PSoC4/PGA.c ****     
 239:Generated_Source\PSoC4/PGA.c ****     /* Set the OA compensation capacitor value */
 240:Generated_Source\PSoC4/PGA.c ****     PGA_OA_COMP_TRIM_REG = PGA_GET_OA_COMP_TRIM;
 253              		.loc 1 240 0
 254 005e 094B     		ldr	r3, .L13
 255 0060 1B68     		ldr	r3, [r3]
 256 0062 5A0C     		lsrs	r2, r3, #17
 257 0064 0721     		movs	r1, #7
 258 0066 1140     		ands	r1, r2
 259 0068 0320     		movs	r0, #3
 260              	.LVL8:
 261 006a 0340     		ands	r3, r0
 262 006c 5A1E     		subs	r2, r3, #1
 263 006e 4B00     		lsls	r3, r1, #1
 264 0070 5B18     		adds	r3, r3, r1
 265 0072 9B18     		adds	r3, r3, r2
 266 0074 9B00     		lsls	r3, r3, #2
 267 0076 074A     		ldr	r2, .L13+16
 268 0078 9B58     		ldr	r3, [r3, r2]
 269 007a 0340     		ands	r3, r0
 270 007c 084A     		ldr	r2, .L13+28
 271 007e 1360     		str	r3, [r2]
 241:Generated_Source\PSoC4/PGA.c **** }
ARM GAS  C:\Users\GCRIST~1\AppData\Local\Temp\ccMvksgK.s 			page 10


 272              		.loc 1 241 0
 273              		@ sp needed
 274 0080 30BD     		pop	{r4, r5, pc}
 275              	.L14:
 276 0082 C046     		.align	2
 277              	.L13:
 278 0084 00000000 		.word	.LANCHOR0
 279 0088 FFFFF0FF 		.word	-983041
 280 008c 04003040 		.word	1076887556
 281 0090 FFFFF0F0 		.word	-252641281
 282 0094 00000000 		.word	.LANCHOR1
 283 0098 84003040 		.word	1076887684
 284 009c 80003040 		.word	1076887680
 285 00a0 080F3040 		.word	1076891400
 286              		.cfi_endproc
 287              	.LFE5:
 288              		.size	PGA_SetGain, .-PGA_SetGain
 289              		.section	.text.PGA_Init,"ax",%progbits
 290              		.align	2
 291              		.global	PGA_Init
 292              		.code	16
 293              		.thumb_func
 294              		.type	PGA_Init, %function
 295              	PGA_Init:
 296              	.LFB0:
  70:Generated_Source\PSoC4/PGA.c ****     /* Set default internal variable value */
 297              		.loc 1 70 0
 298              		.cfi_startproc
 299              		@ args = 0, pretend = 0, frame = 0
 300              		@ frame_needed = 0, uses_anonymous_args = 0
 301 0000 10B5     		push	{r4, lr}
 302              		.cfi_def_cfa_offset 8
 303              		.cfi_offset 4, -8
 304              		.cfi_offset 14, -4
  72:Generated_Source\PSoC4/PGA.c ****     
 305              		.loc 1 72 0
 306 0002 0E4A     		ldr	r2, .L17
 307 0004 0E4B     		ldr	r3, .L17+4
 308 0006 1A60     		str	r2, [r3]
  75:Generated_Source\PSoC4/PGA.c ****     PGA_OA_RES_CTRL_REG &= (uint32) ~PGA_DEFAULT_OA_RES_CTRL_MASK;
 309              		.loc 1 75 0
 310 0008 0E4A     		ldr	r2, .L17+8
 311 000a 1368     		ldr	r3, [r2]
 312 000c 8021     		movs	r1, #128
 313 000e 0906     		lsls	r1, r1, #24
 314 0010 0B43     		orrs	r3, r1
 315 0012 1360     		str	r3, [r2]
  76:Generated_Source\PSoC4/PGA.c ****     PGA_OA_RES_CTRL_REG |= PGA_DEFAULT_OA_RES_CTRL;
 316              		.loc 1 76 0
 317 0014 0C4B     		ldr	r3, .L17+12
 318 0016 1968     		ldr	r1, [r3]
 319 0018 0C4A     		ldr	r2, .L17+16
 320 001a 0A40     		ands	r2, r1
 321 001c 1A60     		str	r2, [r3]
  77:Generated_Source\PSoC4/PGA.c ****     
 322              		.loc 1 77 0
 323 001e 1A68     		ldr	r2, [r3]
ARM GAS  C:\Users\GCRIST~1\AppData\Local\Temp\ccMvksgK.s 			page 11


 324 0020 8021     		movs	r1, #128
 325 0022 0901     		lsls	r1, r1, #4
 326 0024 0A43     		orrs	r2, r1
 327 0026 1A60     		str	r2, [r3]
  80:Generated_Source\PSoC4/PGA.c ****     {
 328              		.loc 1 80 0
 329 0028 1B68     		ldr	r3, [r3]
 330 002a 9B07     		lsls	r3, r3, #30
 331 002c 01D0     		beq	.L16
  83:Generated_Source\PSoC4/PGA.c ****     }
 332              		.loc 1 83 0
 333 002e FFF7FEFF 		bl	PGA_Enable
 334              	.LVL9:
 335              	.L16:
  87:Generated_Source\PSoC4/PGA.c **** }
 336              		.loc 1 87 0
 337 0032 0A20     		movs	r0, #10
 338 0034 FFF7FEFF 		bl	PGA_SetGain
 339              	.LVL10:
  88:Generated_Source\PSoC4/PGA.c **** 
 340              		.loc 1 88 0
 341              		@ sp needed
 342 0038 10BD     		pop	{r4, pc}
 343              	.L18:
 344 003a C046     		.align	2
 345              	.L17:
 346 003c 03000A00 		.word	655363
 347 0040 00000000 		.word	.LANCHOR0
 348 0044 00003040 		.word	1076887552
 349 0048 04003040 		.word	1076887556
 350 004c FBF7FFFF 		.word	-2053
 351              		.cfi_endproc
 352              	.LFE0:
 353              		.size	PGA_Init, .-PGA_Init
 354              		.section	.text.PGA_Start,"ax",%progbits
 355              		.align	2
 356              		.global	PGA_Start
 357              		.code	16
 358              		.thumb_func
 359              		.type	PGA_Start, %function
 360              	PGA_Start:
 361              	.LFB2:
 123:Generated_Source\PSoC4/PGA.c ****     if(PGA_initVar == 0u)
 362              		.loc 1 123 0
 363              		.cfi_startproc
 364              		@ args = 0, pretend = 0, frame = 0
 365              		@ frame_needed = 0, uses_anonymous_args = 0
 366 0000 10B5     		push	{r4, lr}
 367              		.cfi_def_cfa_offset 8
 368              		.cfi_offset 4, -8
 369              		.cfi_offset 14, -4
 124:Generated_Source\PSoC4/PGA.c ****     {
 370              		.loc 1 124 0
 371 0002 064B     		ldr	r3, .L21
 372 0004 1B79     		ldrb	r3, [r3, #4]
 373 0006 002B     		cmp	r3, #0
 374 0008 04D1     		bne	.L20
ARM GAS  C:\Users\GCRIST~1\AppData\Local\Temp\ccMvksgK.s 			page 12


 126:Generated_Source\PSoC4/PGA.c ****         PGA_initVar = 1u;
 375              		.loc 1 126 0
 376 000a FFF7FEFF 		bl	PGA_Init
 377              	.LVL11:
 127:Generated_Source\PSoC4/PGA.c ****     }
 378              		.loc 1 127 0
 379 000e 0122     		movs	r2, #1
 380 0010 024B     		ldr	r3, .L21
 381 0012 1A71     		strb	r2, [r3, #4]
 382              	.L20:
 130:Generated_Source\PSoC4/PGA.c **** }
 383              		.loc 1 130 0
 384 0014 FFF7FEFF 		bl	PGA_Enable
 385              	.LVL12:
 131:Generated_Source\PSoC4/PGA.c **** 
 386              		.loc 1 131 0
 387              		@ sp needed
 388 0018 10BD     		pop	{r4, pc}
 389              	.L22:
 390 001a C046     		.align	2
 391              	.L21:
 392 001c 00000000 		.word	.LANCHOR0
 393              		.cfi_endproc
 394              	.LFE2:
 395              		.size	PGA_Start, .-PGA_Start
 396              		.section	.text.PGA_PumpControl,"ax",%progbits
 397              		.align	2
 398              		.global	PGA_PumpControl
 399              		.code	16
 400              		.thumb_func
 401              		.type	PGA_PumpControl, %function
 402              	PGA_PumpControl:
 403              	.LFB6:
 242:Generated_Source\PSoC4/PGA.c **** 
 243:Generated_Source\PSoC4/PGA.c **** 
 244:Generated_Source\PSoC4/PGA.c **** /*******************************************************************************
 245:Generated_Source\PSoC4/PGA.c **** * Function Name: PGA_PumpControl
 246:Generated_Source\PSoC4/PGA.c **** ****************************************************************************//**
 247:Generated_Source\PSoC4/PGA.c **** *
 248:Generated_Source\PSoC4/PGA.c **** *  Allows the user to turn the amplifier's boost pump on or off.
 249:Generated_Source\PSoC4/PGA.c **** *  By Default the PGA_Init() function turns the pump on.
 250:Generated_Source\PSoC4/PGA.c **** *  Charge-pump must be turned on to provide
 251:Generated_Source\PSoC4/PGA.c **** *  rail-rail input common mode. Each op amp has a charge pump that can be
 252:Generated_Source\PSoC4/PGA.c **** *  controlled individually. The pump can be turned off for low input range
 253:Generated_Source\PSoC4/PGA.c **** *  levels. When the pump is turned off, the pump supply will be shorted to vdda.
 254:Generated_Source\PSoC4/PGA.c **** *  Shutting down the charge pump allows the op-amp to achieve low power modes.
 255:Generated_Source\PSoC4/PGA.c **** *  
 256:Generated_Source\PSoC4/PGA.c **** * \param onOff
 257:Generated_Source\PSoC4/PGA.c **** *  The boost pump setting. Possible values:
 258:Generated_Source\PSoC4/PGA.c **** *   * PGA_BOOST_OFF - Turn off the pump.
 259:Generated_Source\PSoC4/PGA.c **** *   * PGA_BOOST_ON  - Turn on the pump.
 260:Generated_Source\PSoC4/PGA.c **** *
 261:Generated_Source\PSoC4/PGA.c **** **********************************************************************************/
 262:Generated_Source\PSoC4/PGA.c **** void PGA_PumpControl(uint32 onOff)
 263:Generated_Source\PSoC4/PGA.c **** {
 404              		.loc 1 263 0
 405              		.cfi_startproc
ARM GAS  C:\Users\GCRIST~1\AppData\Local\Temp\ccMvksgK.s 			page 13


 406              		@ args = 0, pretend = 0, frame = 0
 407              		@ frame_needed = 0, uses_anonymous_args = 0
 408              		@ link register save eliminated.
 409              	.LVL13:
 264:Generated_Source\PSoC4/PGA.c ****     if(onOff == PGA_BOOST_ON)
 410              		.loc 1 264 0
 411 0000 0128     		cmp	r0, #1
 412 0002 06D1     		bne	.L24
 265:Generated_Source\PSoC4/PGA.c ****     {
 266:Generated_Source\PSoC4/PGA.c ****         PGA_OA_RES_CTRL_REG |= PGA_OA_PUMP_EN;
 413              		.loc 1 266 0
 414 0004 064A     		ldr	r2, .L26
 415 0006 1368     		ldr	r3, [r2]
 416 0008 8021     		movs	r1, #128
 417 000a 0901     		lsls	r1, r1, #4
 418 000c 0B43     		orrs	r3, r1
 419 000e 1360     		str	r3, [r2]
 420 0010 04E0     		b	.L23
 421              	.L24:
 267:Generated_Source\PSoC4/PGA.c ****     }
 268:Generated_Source\PSoC4/PGA.c ****     else
 269:Generated_Source\PSoC4/PGA.c ****     {
 270:Generated_Source\PSoC4/PGA.c ****         PGA_OA_RES_CTRL_REG &= (uint32)~PGA_OA_PUMP_EN;
 422              		.loc 1 270 0
 423 0012 034A     		ldr	r2, .L26
 424 0014 1168     		ldr	r1, [r2]
 425 0016 034B     		ldr	r3, .L26+4
 426 0018 0B40     		ands	r3, r1
 427 001a 1360     		str	r3, [r2]
 428              	.L23:
 271:Generated_Source\PSoC4/PGA.c ****     }
 272:Generated_Source\PSoC4/PGA.c **** }
 429              		.loc 1 272 0
 430              		@ sp needed
 431 001c 7047     		bx	lr
 432              	.L27:
 433 001e C046     		.align	2
 434              	.L26:
 435 0020 04003040 		.word	1076887556
 436 0024 FFF7FFFF 		.word	-2049
 437              		.cfi_endproc
 438              	.LFE6:
 439              		.size	PGA_PumpControl, .-PGA_PumpControl
 440              		.global	PGA_compTab
 441              		.global	PGA_internalGainPower
 442              		.global	PGA_initVar
 443              		.section	.rodata
 444              		.align	2
 445              		.set	.LANCHOR1,. + 0
 446              		.type	PGA_compTab, %object
 447              		.size	PGA_compTab, 72
 448              	PGA_compTab:
 449 0000 0200000F 		.word	251658242
 450 0004 0200000F 		.word	251658242
 451 0008 0200000F 		.word	251658242
 452 000c 02000008 		.word	134217730
 453 0010 02000009 		.word	150994946
ARM GAS  C:\Users\GCRIST~1\AppData\Local\Temp\ccMvksgK.s 			page 14


 454 0014 02000009 		.word	150994946
 455 0018 01000003 		.word	50331649
 456 001c 02000005 		.word	83886082
 457 0020 02000004 		.word	67108866
 458 0024 01000000 		.word	1
 459 0028 02000002 		.word	33554434
 460 002c 02000003 		.word	50331650
 461 0030 01000000 		.word	1
 462 0034 02000000 		.word	2
 463 0038 02000001 		.word	16777218
 464 003c 01000000 		.word	1
 465 0040 01000000 		.word	1
 466 0044 01000000 		.word	1
 467              		.bss
 468              		.align	2
 469              		.set	.LANCHOR0,. + 0
 470              		.type	PGA_internalGainPower, %object
 471              		.size	PGA_internalGainPower, 4
 472              	PGA_internalGainPower:
 473 0000 00000000 		.space	4
 474              		.type	PGA_initVar, %object
 475              		.size	PGA_initVar, 1
 476              	PGA_initVar:
 477 0004 00       		.space	1
 478              		.text
 479              	.Letext0:
 480              		.file 2 "Generated_Source\\PSoC4\\cytypes.h"
 481              		.section	.debug_info,"",%progbits
 482              	.Ldebug_info0:
 483 0000 05020000 		.4byte	0x205
 484 0004 0400     		.2byte	0x4
 485 0006 00000000 		.4byte	.Ldebug_abbrev0
 486 000a 04       		.byte	0x4
 487 000b 01       		.uleb128 0x1
 488 000c DE010000 		.4byte	.LASF30
 489 0010 0C       		.byte	0xc
 490 0011 D7000000 		.4byte	.LASF31
 491 0015 06000000 		.4byte	.LASF32
 492 0019 00000000 		.4byte	.Ldebug_ranges0+0
 493 001d 00000000 		.4byte	0
 494 0021 00000000 		.4byte	.Ldebug_line0
 495 0025 02       		.uleb128 0x2
 496 0026 01       		.byte	0x1
 497 0027 06       		.byte	0x6
 498 0028 70020000 		.4byte	.LASF0
 499 002c 02       		.uleb128 0x2
 500 002d 01       		.byte	0x1
 501 002e 08       		.byte	0x8
 502 002f B3000000 		.4byte	.LASF1
 503 0033 02       		.uleb128 0x2
 504 0034 02       		.byte	0x2
 505 0035 05       		.byte	0x5
 506 0036 A7010000 		.4byte	.LASF2
 507 003a 02       		.uleb128 0x2
 508 003b 02       		.byte	0x2
 509 003c 07       		.byte	0x7
 510 003d 1D010000 		.4byte	.LASF3
ARM GAS  C:\Users\GCRIST~1\AppData\Local\Temp\ccMvksgK.s 			page 15


 511 0041 02       		.uleb128 0x2
 512 0042 04       		.byte	0x4
 513 0043 05       		.byte	0x5
 514 0044 CB010000 		.4byte	.LASF4
 515 0048 02       		.uleb128 0x2
 516 0049 04       		.byte	0x4
 517 004a 07       		.byte	0x7
 518 004b 0B010000 		.4byte	.LASF5
 519 004f 02       		.uleb128 0x2
 520 0050 08       		.byte	0x8
 521 0051 05       		.byte	0x5
 522 0052 94010000 		.4byte	.LASF6
 523 0056 02       		.uleb128 0x2
 524 0057 08       		.byte	0x8
 525 0058 07       		.byte	0x7
 526 0059 74010000 		.4byte	.LASF7
 527 005d 03       		.uleb128 0x3
 528 005e 04       		.byte	0x4
 529 005f 05       		.byte	0x5
 530 0060 696E7400 		.ascii	"int\000"
 531 0064 02       		.uleb128 0x2
 532 0065 04       		.byte	0x4
 533 0066 07       		.byte	0x7
 534 0067 67010000 		.4byte	.LASF8
 535 006b 04       		.uleb128 0x4
 536 006c B1010000 		.4byte	.LASF9
 537 0070 02       		.byte	0x2
 538 0071 F701     		.2byte	0x1f7
 539 0073 2C000000 		.4byte	0x2c
 540 0077 04       		.uleb128 0x4
 541 0078 60010000 		.4byte	.LASF10
 542 007c 02       		.byte	0x2
 543 007d F901     		.2byte	0x1f9
 544 007f 48000000 		.4byte	0x48
 545 0083 02       		.uleb128 0x2
 546 0084 04       		.byte	0x4
 547 0085 04       		.byte	0x4
 548 0086 A1000000 		.4byte	.LASF11
 549 008a 02       		.uleb128 0x2
 550 008b 08       		.byte	0x8
 551 008c 04       		.byte	0x4
 552 008d 3A010000 		.4byte	.LASF12
 553 0091 02       		.uleb128 0x2
 554 0092 01       		.byte	0x1
 555 0093 08       		.byte	0x8
 556 0094 A2010000 		.4byte	.LASF13
 557 0098 04       		.uleb128 0x4
 558 0099 00000000 		.4byte	.LASF14
 559 009d 02       		.byte	0x2
 560 009e A302     		.2byte	0x2a3
 561 00a0 A4000000 		.4byte	0xa4
 562 00a4 05       		.uleb128 0x5
 563 00a5 77000000 		.4byte	0x77
 564 00a9 06       		.uleb128 0x6
 565 00aa 7C020000 		.4byte	.LASF15
 566 00ae 01       		.byte	0x1
 567 00af 64       		.byte	0x64
ARM GAS  C:\Users\GCRIST~1\AppData\Local\Temp\ccMvksgK.s 			page 16


 568 00b0 00000000 		.4byte	.LFB1
 569 00b4 1C000000 		.4byte	.LFE1-.LFB1
 570 00b8 01       		.uleb128 0x1
 571 00b9 9C       		.byte	0x9c
 572 00ba 06       		.uleb128 0x6
 573 00bb 8C000000 		.4byte	.LASF16
 574 00bf 01       		.byte	0x1
 575 00c0 8D       		.byte	0x8d
 576 00c1 00000000 		.4byte	.LFB3
 577 00c5 10000000 		.4byte	.LFE3-.LFB3
 578 00c9 01       		.uleb128 0x1
 579 00ca 9C       		.byte	0x9c
 580 00cb 07       		.uleb128 0x7
 581 00cc BE010000 		.4byte	.LASF17
 582 00d0 01       		.byte	0x1
 583 00d1 A4       		.byte	0xa4
 584 00d2 00000000 		.4byte	.LFB4
 585 00d6 7C000000 		.4byte	.LFE4-.LFB4
 586 00da 01       		.uleb128 0x1
 587 00db 9C       		.byte	0x9c
 588 00dc FF000000 		.4byte	0xff
 589 00e0 08       		.uleb128 0x8
 590 00e1 F4000000 		.4byte	.LASF19
 591 00e5 01       		.byte	0x1
 592 00e6 A4       		.byte	0xa4
 593 00e7 77000000 		.4byte	0x77
 594 00eb 00000000 		.4byte	.LLST0
 595 00ef 09       		.uleb128 0x9
 596 00f0 B7010000 		.4byte	.LASF21
 597 00f4 01       		.byte	0x1
 598 00f5 A6       		.byte	0xa6
 599 00f6 77000000 		.4byte	0x77
 600 00fa 21000000 		.4byte	.LLST1
 601 00fe 00       		.byte	0
 602 00ff 07       		.uleb128 0x7
 603 0100 FF000000 		.4byte	.LASF18
 604 0104 01       		.byte	0x1
 605 0105 D2       		.byte	0xd2
 606 0106 00000000 		.4byte	.LFB5
 607 010a A4000000 		.4byte	.LFE5-.LFB5
 608 010e 01       		.uleb128 0x1
 609 010f 9C       		.byte	0x9c
 610 0110 33010000 		.4byte	0x133
 611 0114 08       		.uleb128 0x8
 612 0115 30010000 		.4byte	.LASF20
 613 0119 01       		.byte	0x1
 614 011a D2       		.byte	0xd2
 615 011b 77000000 		.4byte	0x77
 616 011f 34000000 		.4byte	.LLST2
 617 0123 09       		.uleb128 0x9
 618 0124 B7010000 		.4byte	.LASF21
 619 0128 01       		.byte	0x1
 620 0129 D4       		.byte	0xd4
 621 012a 77000000 		.4byte	0x77
 622 012e 55000000 		.4byte	.LLST3
 623 0132 00       		.byte	0
 624 0133 07       		.uleb128 0x7
ARM GAS  C:\Users\GCRIST~1\AppData\Local\Temp\ccMvksgK.s 			page 17


 625 0134 47010000 		.4byte	.LASF22
 626 0138 01       		.byte	0x1
 627 0139 45       		.byte	0x45
 628 013a 00000000 		.4byte	.LFB0
 629 013e 50000000 		.4byte	.LFE0-.LFB0
 630 0142 01       		.uleb128 0x1
 631 0143 9C       		.byte	0x9c
 632 0144 61010000 		.4byte	0x161
 633 0148 0A       		.uleb128 0xa
 634 0149 32000000 		.4byte	.LVL9
 635 014d A9000000 		.4byte	0xa9
 636 0151 0B       		.uleb128 0xb
 637 0152 38000000 		.4byte	.LVL10
 638 0156 FF000000 		.4byte	0xff
 639 015a 0C       		.uleb128 0xc
 640 015b 01       		.uleb128 0x1
 641 015c 50       		.byte	0x50
 642 015d 01       		.uleb128 0x1
 643 015e 3A       		.byte	0x3a
 644 015f 00       		.byte	0
 645 0160 00       		.byte	0
 646 0161 07       		.uleb128 0x7
 647 0162 D4010000 		.4byte	.LASF23
 648 0166 01       		.byte	0x1
 649 0167 7A       		.byte	0x7a
 650 0168 00000000 		.4byte	.LFB2
 651 016c 20000000 		.4byte	.LFE2-.LFB2
 652 0170 01       		.uleb128 0x1
 653 0171 9C       		.byte	0x9c
 654 0172 89010000 		.4byte	0x189
 655 0176 0A       		.uleb128 0xa
 656 0177 0E000000 		.4byte	.LVL11
 657 017b 33010000 		.4byte	0x133
 658 017f 0A       		.uleb128 0xa
 659 0180 18000000 		.4byte	.LVL12
 660 0184 A9000000 		.4byte	0xa9
 661 0188 00       		.byte	0
 662 0189 0D       		.uleb128 0xd
 663 018a 50010000 		.4byte	.LASF24
 664 018e 01       		.byte	0x1
 665 018f 0601     		.2byte	0x106
 666 0191 00000000 		.4byte	.LFB6
 667 0195 28000000 		.4byte	.LFE6-.LFB6
 668 0199 01       		.uleb128 0x1
 669 019a 9C       		.byte	0x9c
 670 019b AE010000 		.4byte	0x1ae
 671 019f 0E       		.uleb128 0xe
 672 01a0 41010000 		.4byte	.LASF25
 673 01a4 01       		.byte	0x1
 674 01a5 0601     		.2byte	0x106
 675 01a7 77000000 		.4byte	0x77
 676 01ab 01       		.uleb128 0x1
 677 01ac 50       		.byte	0x50
 678 01ad 00       		.byte	0
 679 01ae 0F       		.uleb128 0xf
 680 01af 95000000 		.4byte	.LASF26
 681 01b3 01       		.byte	0x1
ARM GAS  C:\Users\GCRIST~1\AppData\Local\Temp\ccMvksgK.s 			page 18


 682 01b4 13       		.byte	0x13
 683 01b5 6B000000 		.4byte	0x6b
 684 01b9 05       		.uleb128 0x5
 685 01ba 03       		.byte	0x3
 686 01bb 00000000 		.4byte	PGA_initVar
 687 01bf 0F       		.uleb128 0xf
 688 01c0 C1000000 		.4byte	.LASF27
 689 01c4 01       		.byte	0x1
 690 01c5 15       		.byte	0x15
 691 01c6 77000000 		.4byte	0x77
 692 01ca 05       		.uleb128 0x5
 693 01cb 03       		.byte	0x3
 694 01cc 00000000 		.4byte	PGA_internalGainPower
 695 01d0 10       		.uleb128 0x10
 696 01d1 ED010000 		.4byte	0x1ed
 697 01d5 E6010000 		.4byte	0x1e6
 698 01d9 11       		.uleb128 0x11
 699 01da E6010000 		.4byte	0x1e6
 700 01de 05       		.byte	0x5
 701 01df 11       		.uleb128 0x11
 702 01e0 E6010000 		.4byte	0x1e6
 703 01e4 02       		.byte	0x2
 704 01e5 00       		.byte	0
 705 01e6 02       		.uleb128 0x2
 706 01e7 04       		.byte	0x4
 707 01e8 07       		.byte	0x7
 708 01e9 8B010000 		.4byte	.LASF28
 709 01ed 12       		.uleb128 0x12
 710 01ee 77000000 		.4byte	0x77
 711 01f2 0F       		.uleb128 0xf
 712 01f3 A7000000 		.4byte	.LASF29
 713 01f7 01       		.byte	0x1
 714 01f8 28       		.byte	0x28
 715 01f9 03020000 		.4byte	0x203
 716 01fd 05       		.uleb128 0x5
 717 01fe 03       		.byte	0x3
 718 01ff 00000000 		.4byte	PGA_compTab
 719 0203 12       		.uleb128 0x12
 720 0204 D0010000 		.4byte	0x1d0
 721 0208 00       		.byte	0
 722              		.section	.debug_abbrev,"",%progbits
 723              	.Ldebug_abbrev0:
 724 0000 01       		.uleb128 0x1
 725 0001 11       		.uleb128 0x11
 726 0002 01       		.byte	0x1
 727 0003 25       		.uleb128 0x25
 728 0004 0E       		.uleb128 0xe
 729 0005 13       		.uleb128 0x13
 730 0006 0B       		.uleb128 0xb
 731 0007 03       		.uleb128 0x3
 732 0008 0E       		.uleb128 0xe
 733 0009 1B       		.uleb128 0x1b
 734 000a 0E       		.uleb128 0xe
 735 000b 55       		.uleb128 0x55
 736 000c 17       		.uleb128 0x17
 737 000d 11       		.uleb128 0x11
 738 000e 01       		.uleb128 0x1
ARM GAS  C:\Users\GCRIST~1\AppData\Local\Temp\ccMvksgK.s 			page 19


 739 000f 10       		.uleb128 0x10
 740 0010 17       		.uleb128 0x17
 741 0011 00       		.byte	0
 742 0012 00       		.byte	0
 743 0013 02       		.uleb128 0x2
 744 0014 24       		.uleb128 0x24
 745 0015 00       		.byte	0
 746 0016 0B       		.uleb128 0xb
 747 0017 0B       		.uleb128 0xb
 748 0018 3E       		.uleb128 0x3e
 749 0019 0B       		.uleb128 0xb
 750 001a 03       		.uleb128 0x3
 751 001b 0E       		.uleb128 0xe
 752 001c 00       		.byte	0
 753 001d 00       		.byte	0
 754 001e 03       		.uleb128 0x3
 755 001f 24       		.uleb128 0x24
 756 0020 00       		.byte	0
 757 0021 0B       		.uleb128 0xb
 758 0022 0B       		.uleb128 0xb
 759 0023 3E       		.uleb128 0x3e
 760 0024 0B       		.uleb128 0xb
 761 0025 03       		.uleb128 0x3
 762 0026 08       		.uleb128 0x8
 763 0027 00       		.byte	0
 764 0028 00       		.byte	0
 765 0029 04       		.uleb128 0x4
 766 002a 16       		.uleb128 0x16
 767 002b 00       		.byte	0
 768 002c 03       		.uleb128 0x3
 769 002d 0E       		.uleb128 0xe
 770 002e 3A       		.uleb128 0x3a
 771 002f 0B       		.uleb128 0xb
 772 0030 3B       		.uleb128 0x3b
 773 0031 05       		.uleb128 0x5
 774 0032 49       		.uleb128 0x49
 775 0033 13       		.uleb128 0x13
 776 0034 00       		.byte	0
 777 0035 00       		.byte	0
 778 0036 05       		.uleb128 0x5
 779 0037 35       		.uleb128 0x35
 780 0038 00       		.byte	0
 781 0039 49       		.uleb128 0x49
 782 003a 13       		.uleb128 0x13
 783 003b 00       		.byte	0
 784 003c 00       		.byte	0
 785 003d 06       		.uleb128 0x6
 786 003e 2E       		.uleb128 0x2e
 787 003f 00       		.byte	0
 788 0040 3F       		.uleb128 0x3f
 789 0041 19       		.uleb128 0x19
 790 0042 03       		.uleb128 0x3
 791 0043 0E       		.uleb128 0xe
 792 0044 3A       		.uleb128 0x3a
 793 0045 0B       		.uleb128 0xb
 794 0046 3B       		.uleb128 0x3b
 795 0047 0B       		.uleb128 0xb
ARM GAS  C:\Users\GCRIST~1\AppData\Local\Temp\ccMvksgK.s 			page 20


 796 0048 27       		.uleb128 0x27
 797 0049 19       		.uleb128 0x19
 798 004a 11       		.uleb128 0x11
 799 004b 01       		.uleb128 0x1
 800 004c 12       		.uleb128 0x12
 801 004d 06       		.uleb128 0x6
 802 004e 40       		.uleb128 0x40
 803 004f 18       		.uleb128 0x18
 804 0050 9742     		.uleb128 0x2117
 805 0052 19       		.uleb128 0x19
 806 0053 00       		.byte	0
 807 0054 00       		.byte	0
 808 0055 07       		.uleb128 0x7
 809 0056 2E       		.uleb128 0x2e
 810 0057 01       		.byte	0x1
 811 0058 3F       		.uleb128 0x3f
 812 0059 19       		.uleb128 0x19
 813 005a 03       		.uleb128 0x3
 814 005b 0E       		.uleb128 0xe
 815 005c 3A       		.uleb128 0x3a
 816 005d 0B       		.uleb128 0xb
 817 005e 3B       		.uleb128 0x3b
 818 005f 0B       		.uleb128 0xb
 819 0060 27       		.uleb128 0x27
 820 0061 19       		.uleb128 0x19
 821 0062 11       		.uleb128 0x11
 822 0063 01       		.uleb128 0x1
 823 0064 12       		.uleb128 0x12
 824 0065 06       		.uleb128 0x6
 825 0066 40       		.uleb128 0x40
 826 0067 18       		.uleb128 0x18
 827 0068 9742     		.uleb128 0x2117
 828 006a 19       		.uleb128 0x19
 829 006b 01       		.uleb128 0x1
 830 006c 13       		.uleb128 0x13
 831 006d 00       		.byte	0
 832 006e 00       		.byte	0
 833 006f 08       		.uleb128 0x8
 834 0070 05       		.uleb128 0x5
 835 0071 00       		.byte	0
 836 0072 03       		.uleb128 0x3
 837 0073 0E       		.uleb128 0xe
 838 0074 3A       		.uleb128 0x3a
 839 0075 0B       		.uleb128 0xb
 840 0076 3B       		.uleb128 0x3b
 841 0077 0B       		.uleb128 0xb
 842 0078 49       		.uleb128 0x49
 843 0079 13       		.uleb128 0x13
 844 007a 02       		.uleb128 0x2
 845 007b 17       		.uleb128 0x17
 846 007c 00       		.byte	0
 847 007d 00       		.byte	0
 848 007e 09       		.uleb128 0x9
 849 007f 34       		.uleb128 0x34
 850 0080 00       		.byte	0
 851 0081 03       		.uleb128 0x3
 852 0082 0E       		.uleb128 0xe
ARM GAS  C:\Users\GCRIST~1\AppData\Local\Temp\ccMvksgK.s 			page 21


 853 0083 3A       		.uleb128 0x3a
 854 0084 0B       		.uleb128 0xb
 855 0085 3B       		.uleb128 0x3b
 856 0086 0B       		.uleb128 0xb
 857 0087 49       		.uleb128 0x49
 858 0088 13       		.uleb128 0x13
 859 0089 02       		.uleb128 0x2
 860 008a 17       		.uleb128 0x17
 861 008b 00       		.byte	0
 862 008c 00       		.byte	0
 863 008d 0A       		.uleb128 0xa
 864 008e 898201   		.uleb128 0x4109
 865 0091 00       		.byte	0
 866 0092 11       		.uleb128 0x11
 867 0093 01       		.uleb128 0x1
 868 0094 31       		.uleb128 0x31
 869 0095 13       		.uleb128 0x13
 870 0096 00       		.byte	0
 871 0097 00       		.byte	0
 872 0098 0B       		.uleb128 0xb
 873 0099 898201   		.uleb128 0x4109
 874 009c 01       		.byte	0x1
 875 009d 11       		.uleb128 0x11
 876 009e 01       		.uleb128 0x1
 877 009f 31       		.uleb128 0x31
 878 00a0 13       		.uleb128 0x13
 879 00a1 00       		.byte	0
 880 00a2 00       		.byte	0
 881 00a3 0C       		.uleb128 0xc
 882 00a4 8A8201   		.uleb128 0x410a
 883 00a7 00       		.byte	0
 884 00a8 02       		.uleb128 0x2
 885 00a9 18       		.uleb128 0x18
 886 00aa 9142     		.uleb128 0x2111
 887 00ac 18       		.uleb128 0x18
 888 00ad 00       		.byte	0
 889 00ae 00       		.byte	0
 890 00af 0D       		.uleb128 0xd
 891 00b0 2E       		.uleb128 0x2e
 892 00b1 01       		.byte	0x1
 893 00b2 3F       		.uleb128 0x3f
 894 00b3 19       		.uleb128 0x19
 895 00b4 03       		.uleb128 0x3
 896 00b5 0E       		.uleb128 0xe
 897 00b6 3A       		.uleb128 0x3a
 898 00b7 0B       		.uleb128 0xb
 899 00b8 3B       		.uleb128 0x3b
 900 00b9 05       		.uleb128 0x5
 901 00ba 27       		.uleb128 0x27
 902 00bb 19       		.uleb128 0x19
 903 00bc 11       		.uleb128 0x11
 904 00bd 01       		.uleb128 0x1
 905 00be 12       		.uleb128 0x12
 906 00bf 06       		.uleb128 0x6
 907 00c0 40       		.uleb128 0x40
 908 00c1 18       		.uleb128 0x18
 909 00c2 9742     		.uleb128 0x2117
ARM GAS  C:\Users\GCRIST~1\AppData\Local\Temp\ccMvksgK.s 			page 22


 910 00c4 19       		.uleb128 0x19
 911 00c5 01       		.uleb128 0x1
 912 00c6 13       		.uleb128 0x13
 913 00c7 00       		.byte	0
 914 00c8 00       		.byte	0
 915 00c9 0E       		.uleb128 0xe
 916 00ca 05       		.uleb128 0x5
 917 00cb 00       		.byte	0
 918 00cc 03       		.uleb128 0x3
 919 00cd 0E       		.uleb128 0xe
 920 00ce 3A       		.uleb128 0x3a
 921 00cf 0B       		.uleb128 0xb
 922 00d0 3B       		.uleb128 0x3b
 923 00d1 05       		.uleb128 0x5
 924 00d2 49       		.uleb128 0x49
 925 00d3 13       		.uleb128 0x13
 926 00d4 02       		.uleb128 0x2
 927 00d5 18       		.uleb128 0x18
 928 00d6 00       		.byte	0
 929 00d7 00       		.byte	0
 930 00d8 0F       		.uleb128 0xf
 931 00d9 34       		.uleb128 0x34
 932 00da 00       		.byte	0
 933 00db 03       		.uleb128 0x3
 934 00dc 0E       		.uleb128 0xe
 935 00dd 3A       		.uleb128 0x3a
 936 00de 0B       		.uleb128 0xb
 937 00df 3B       		.uleb128 0x3b
 938 00e0 0B       		.uleb128 0xb
 939 00e1 49       		.uleb128 0x49
 940 00e2 13       		.uleb128 0x13
 941 00e3 3F       		.uleb128 0x3f
 942 00e4 19       		.uleb128 0x19
 943 00e5 02       		.uleb128 0x2
 944 00e6 18       		.uleb128 0x18
 945 00e7 00       		.byte	0
 946 00e8 00       		.byte	0
 947 00e9 10       		.uleb128 0x10
 948 00ea 01       		.uleb128 0x1
 949 00eb 01       		.byte	0x1
 950 00ec 49       		.uleb128 0x49
 951 00ed 13       		.uleb128 0x13
 952 00ee 01       		.uleb128 0x1
 953 00ef 13       		.uleb128 0x13
 954 00f0 00       		.byte	0
 955 00f1 00       		.byte	0
 956 00f2 11       		.uleb128 0x11
 957 00f3 21       		.uleb128 0x21
 958 00f4 00       		.byte	0
 959 00f5 49       		.uleb128 0x49
 960 00f6 13       		.uleb128 0x13
 961 00f7 2F       		.uleb128 0x2f
 962 00f8 0B       		.uleb128 0xb
 963 00f9 00       		.byte	0
 964 00fa 00       		.byte	0
 965 00fb 12       		.uleb128 0x12
 966 00fc 26       		.uleb128 0x26
ARM GAS  C:\Users\GCRIST~1\AppData\Local\Temp\ccMvksgK.s 			page 23


 967 00fd 00       		.byte	0
 968 00fe 49       		.uleb128 0x49
 969 00ff 13       		.uleb128 0x13
 970 0100 00       		.byte	0
 971 0101 00       		.byte	0
 972 0102 00       		.byte	0
 973              		.section	.debug_loc,"",%progbits
 974              	.Ldebug_loc0:
 975              	.LLST0:
 976 0000 00000000 		.4byte	.LVL0
 977 0004 10000000 		.4byte	.LVL1
 978 0008 0100     		.2byte	0x1
 979 000a 50       		.byte	0x50
 980 000b 10000000 		.4byte	.LVL1
 981 000f 7C000000 		.4byte	.LFE4
 982 0013 0400     		.2byte	0x4
 983 0015 F3       		.byte	0xf3
 984 0016 01       		.uleb128 0x1
 985 0017 50       		.byte	0x50
 986 0018 9F       		.byte	0x9f
 987 0019 00000000 		.4byte	0
 988 001d 00000000 		.4byte	0
 989              	.LLST1:
 990 0021 1E000000 		.4byte	.LVL2
 991 0025 24000000 		.4byte	.LVL3
 992 0029 0100     		.2byte	0x1
 993 002b 54       		.byte	0x54
 994 002c 00000000 		.4byte	0
 995 0030 00000000 		.4byte	0
 996              	.LLST2:
 997 0034 00000000 		.4byte	.LVL4
 998 0038 6A000000 		.4byte	.LVL8
 999 003c 0100     		.2byte	0x1
 1000 003e 50       		.byte	0x50
 1001 003f 6A000000 		.4byte	.LVL8
 1002 0043 A4000000 		.4byte	.LFE5
 1003 0047 0400     		.2byte	0x4
 1004 0049 F3       		.byte	0xf3
 1005 004a 01       		.uleb128 0x1
 1006 004b 50       		.byte	0x50
 1007 004c 9F       		.byte	0x9f
 1008 004d 00000000 		.4byte	0
 1009 0051 00000000 		.4byte	0
 1010              	.LLST3:
 1011 0055 1E000000 		.4byte	.LVL5
 1012 0059 22000000 		.4byte	.LVL6
 1013 005d 0100     		.2byte	0x1
 1014 005f 51       		.byte	0x51
 1015 0060 22000000 		.4byte	.LVL6
 1016 0064 24000000 		.4byte	.LVL7
 1017 0068 0A00     		.2byte	0xa
 1018 006a 75       		.byte	0x75
 1019 006b 00       		.sleb128 0
 1020 006c 11       		.byte	0x11
 1021 006d FFFFC387 		.sleb128 -252641281
 1021      7F
 1022 0072 1A       		.byte	0x1a
ARM GAS  C:\Users\GCRIST~1\AppData\Local\Temp\ccMvksgK.s 			page 24


 1023 0073 9F       		.byte	0x9f
 1024 0074 00000000 		.4byte	0
 1025 0078 00000000 		.4byte	0
 1026              		.section	.debug_aranges,"",%progbits
 1027 0000 4C000000 		.4byte	0x4c
 1028 0004 0200     		.2byte	0x2
 1029 0006 00000000 		.4byte	.Ldebug_info0
 1030 000a 04       		.byte	0x4
 1031 000b 00       		.byte	0
 1032 000c 0000     		.2byte	0
 1033 000e 0000     		.2byte	0
 1034 0010 00000000 		.4byte	.LFB1
 1035 0014 1C000000 		.4byte	.LFE1-.LFB1
 1036 0018 00000000 		.4byte	.LFB3
 1037 001c 10000000 		.4byte	.LFE3-.LFB3
 1038 0020 00000000 		.4byte	.LFB4
 1039 0024 7C000000 		.4byte	.LFE4-.LFB4
 1040 0028 00000000 		.4byte	.LFB5
 1041 002c A4000000 		.4byte	.LFE5-.LFB5
 1042 0030 00000000 		.4byte	.LFB0
 1043 0034 50000000 		.4byte	.LFE0-.LFB0
 1044 0038 00000000 		.4byte	.LFB2
 1045 003c 20000000 		.4byte	.LFE2-.LFB2
 1046 0040 00000000 		.4byte	.LFB6
 1047 0044 28000000 		.4byte	.LFE6-.LFB6
 1048 0048 00000000 		.4byte	0
 1049 004c 00000000 		.4byte	0
 1050              		.section	.debug_ranges,"",%progbits
 1051              	.Ldebug_ranges0:
 1052 0000 00000000 		.4byte	.LFB1
 1053 0004 1C000000 		.4byte	.LFE1
 1054 0008 00000000 		.4byte	.LFB3
 1055 000c 10000000 		.4byte	.LFE3
 1056 0010 00000000 		.4byte	.LFB4
 1057 0014 7C000000 		.4byte	.LFE4
 1058 0018 00000000 		.4byte	.LFB5
 1059 001c A4000000 		.4byte	.LFE5
 1060 0020 00000000 		.4byte	.LFB0
 1061 0024 50000000 		.4byte	.LFE0
 1062 0028 00000000 		.4byte	.LFB2
 1063 002c 20000000 		.4byte	.LFE2
 1064 0030 00000000 		.4byte	.LFB6
 1065 0034 28000000 		.4byte	.LFE6
 1066 0038 00000000 		.4byte	0
 1067 003c 00000000 		.4byte	0
 1068              		.section	.debug_line,"",%progbits
 1069              	.Ldebug_line0:
 1070 0000 DE000000 		.section	.debug_str,"MS",%progbits,1
 1070      02004000 
 1070      00000201 
 1070      FB0E0D00 
 1070      01010101 
 1071              	.LASF14:
 1072 0000 72656733 		.ascii	"reg32\000"
 1072      3200
 1073              	.LASF32:
 1074 0006 433A5C55 		.ascii	"C:\\Users\\gcristini\\OneDrive - Datalogic S.p.a\\D"
ARM GAS  C:\Users\GCRIST~1\AppData\Local\Temp\ccMvksgK.s 			page 25


 1074      73657273 
 1074      5C676372 
 1074      69737469 
 1074      6E695C4F 
 1075 0035 6174615C 		.ascii	"ata\\PhytonWorkspace\\SkorpioTemperatureTest\\PSOC-"
 1075      50687974 
 1075      6F6E576F 
 1075      726B7370 
 1075      6163655C 
 1076 0065 4669726D 		.ascii	"Firmware\\SerialTemperatureSensor.cydsn\000"
 1076      77617265 
 1076      5C536572 
 1076      69616C54 
 1076      656D7065 
 1077              	.LASF16:
 1078 008c 5047415F 		.ascii	"PGA_Stop\000"
 1078      53746F70 
 1078      00
 1079              	.LASF26:
 1080 0095 5047415F 		.ascii	"PGA_initVar\000"
 1080      696E6974 
 1080      56617200 
 1081              	.LASF11:
 1082 00a1 666C6F61 		.ascii	"float\000"
 1082      7400
 1083              	.LASF29:
 1084 00a7 5047415F 		.ascii	"PGA_compTab\000"
 1084      636F6D70 
 1084      54616200 
 1085              	.LASF1:
 1086 00b3 756E7369 		.ascii	"unsigned char\000"
 1086      676E6564 
 1086      20636861 
 1086      7200
 1087              	.LASF27:
 1088 00c1 5047415F 		.ascii	"PGA_internalGainPower\000"
 1088      696E7465 
 1088      726E616C 
 1088      4761696E 
 1088      506F7765 
 1089              	.LASF31:
 1090 00d7 47656E65 		.ascii	"Generated_Source\\PSoC4\\PGA.c\000"
 1090      72617465 
 1090      645F536F 
 1090      75726365 
 1090      5C50536F 
 1091              	.LASF19:
 1092 00f4 706F7765 		.ascii	"powerLevel\000"
 1092      724C6576 
 1092      656C00
 1093              	.LASF18:
 1094 00ff 5047415F 		.ascii	"PGA_SetGain\000"
 1094      53657447 
 1094      61696E00 
 1095              	.LASF5:
 1096 010b 6C6F6E67 		.ascii	"long unsigned int\000"
 1096      20756E73 
ARM GAS  C:\Users\GCRIST~1\AppData\Local\Temp\ccMvksgK.s 			page 26


 1096      69676E65 
 1096      6420696E 
 1096      7400
 1097              	.LASF3:
 1098 011d 73686F72 		.ascii	"short unsigned int\000"
 1098      7420756E 
 1098      7369676E 
 1098      65642069 
 1098      6E7400
 1099              	.LASF20:
 1100 0130 6761696E 		.ascii	"gainLevel\000"
 1100      4C657665 
 1100      6C00
 1101              	.LASF12:
 1102 013a 646F7562 		.ascii	"double\000"
 1102      6C6500
 1103              	.LASF25:
 1104 0141 6F6E4F66 		.ascii	"onOff\000"
 1104      6600
 1105              	.LASF22:
 1106 0147 5047415F 		.ascii	"PGA_Init\000"
 1106      496E6974 
 1106      00
 1107              	.LASF24:
 1108 0150 5047415F 		.ascii	"PGA_PumpControl\000"
 1108      50756D70 
 1108      436F6E74 
 1108      726F6C00 
 1109              	.LASF10:
 1110 0160 75696E74 		.ascii	"uint32\000"
 1110      333200
 1111              	.LASF8:
 1112 0167 756E7369 		.ascii	"unsigned int\000"
 1112      676E6564 
 1112      20696E74 
 1112      00
 1113              	.LASF7:
 1114 0174 6C6F6E67 		.ascii	"long long unsigned int\000"
 1114      206C6F6E 
 1114      6720756E 
 1114      7369676E 
 1114      65642069 
 1115              	.LASF28:
 1116 018b 73697A65 		.ascii	"sizetype\000"
 1116      74797065 
 1116      00
 1117              	.LASF6:
 1118 0194 6C6F6E67 		.ascii	"long long int\000"
 1118      206C6F6E 
 1118      6720696E 
 1118      7400
 1119              	.LASF13:
 1120 01a2 63686172 		.ascii	"char\000"
 1120      00
 1121              	.LASF2:
 1122 01a7 73686F72 		.ascii	"short int\000"
 1122      7420696E 
ARM GAS  C:\Users\GCRIST~1\AppData\Local\Temp\ccMvksgK.s 			page 27


 1122      7400
 1123              	.LASF9:
 1124 01b1 75696E74 		.ascii	"uint8\000"
 1124      3800
 1125              	.LASF21:
 1126 01b7 6C6F6354 		.ascii	"locTmp\000"
 1126      6D7000
 1127              	.LASF17:
 1128 01be 5047415F 		.ascii	"PGA_SetPower\000"
 1128      53657450 
 1128      6F776572 
 1128      00
 1129              	.LASF4:
 1130 01cb 6C6F6E67 		.ascii	"long int\000"
 1130      20696E74 
 1130      00
 1131              	.LASF23:
 1132 01d4 5047415F 		.ascii	"PGA_Start\000"
 1132      53746172 
 1132      7400
 1133              	.LASF30:
 1134 01de 474E5520 		.ascii	"GNU C11 5.4.1 20160609 (release) [ARM/embedded-5-br"
 1134      43313120 
 1134      352E342E 
 1134      31203230 
 1134      31363036 
 1135 0211 616E6368 		.ascii	"anch revision 237715] -mcpu=cortex-m0plus -mthumb -"
 1135      20726576 
 1135      6973696F 
 1135      6E203233 
 1135      37373135 
 1136 0244 67202D4F 		.ascii	"g -Og -ffunction-sections -ffat-lto-objects\000"
 1136      67202D66 
 1136      66756E63 
 1136      74696F6E 
 1136      2D736563 
 1137              	.LASF0:
 1138 0270 7369676E 		.ascii	"signed char\000"
 1138      65642063 
 1138      68617200 
 1139              	.LASF15:
 1140 027c 5047415F 		.ascii	"PGA_Enable\000"
 1140      456E6162 
 1140      6C6500
 1141              		.ident	"GCC: (GNU Tools for ARM Embedded Processors) 5.4.1 20160609 (release) [ARM/embedded-5-bran
