ARM GAS  C:\Users\GCRIST~1\AppData\Local\Temp\ccEjIM8R.s 			page 1


   1              		.syntax unified
   2              		.cpu cortex-m0plus
   3              		.fpu softvfp
   4              		.eabi_attribute 20, 1
   5              		.eabi_attribute 21, 1
   6              		.eabi_attribute 23, 3
   7              		.eabi_attribute 24, 1
   8              		.eabi_attribute 25, 1
   9              		.eabi_attribute 26, 1
  10              		.eabi_attribute 30, 1
  11              		.eabi_attribute 34, 0
  12              		.eabi_attribute 18, 4
  13              		.thumb
  14              		.syntax unified
  15              		.file	"PGA_PM.c"
  16              		.text
  17              	.Ltext0:
  18              		.cfi_sections	.debug_frame
  19              		.section	.text.PGA_SaveConfig,"ax",%progbits
  20              		.align	2
  21              		.global	PGA_SaveConfig
  22              		.code	16
  23              		.thumb_func
  24              		.type	PGA_SaveConfig, %function
  25              	PGA_SaveConfig:
  26              	.LFB0:
  27              		.file 1 "Generated_Source\\PSoC4\\PGA_PM.c"
   1:Generated_Source\PSoC4/PGA_PM.c **** /***************************************************************************//**
   2:Generated_Source\PSoC4/PGA_PM.c **** * \file     PGA_PM.c  
   3:Generated_Source\PSoC4/PGA_PM.c **** * \version  1.10
   4:Generated_Source\PSoC4/PGA_PM.c **** *
   5:Generated_Source\PSoC4/PGA_PM.c **** * \brief
   6:Generated_Source\PSoC4/PGA_PM.c **** *  This file provides the power management source code to the API for PGA_P4 
   7:Generated_Source\PSoC4/PGA_PM.c **** *  Component.
   8:Generated_Source\PSoC4/PGA_PM.c **** *
   9:Generated_Source\PSoC4/PGA_PM.c **** ********************************************************************************
  10:Generated_Source\PSoC4/PGA_PM.c **** * \copyright
  11:Generated_Source\PSoC4/PGA_PM.c **** * Copyright 2016, Cypress Semiconductor Corporation.  All rights reserved.
  12:Generated_Source\PSoC4/PGA_PM.c **** * You may use this file only in accordance with the license, terms, conditions,
  13:Generated_Source\PSoC4/PGA_PM.c **** * disclaimers, and limitations in the end user license agreement accompanying
  14:Generated_Source\PSoC4/PGA_PM.c **** * the software package with which this file was provided.
  15:Generated_Source\PSoC4/PGA_PM.c **** *******************************************************************************/
  16:Generated_Source\PSoC4/PGA_PM.c **** 
  17:Generated_Source\PSoC4/PGA_PM.c **** #include "PGA_PVT.h"
  18:Generated_Source\PSoC4/PGA_PM.c **** 
  19:Generated_Source\PSoC4/PGA_PM.c **** 
  20:Generated_Source\PSoC4/PGA_PM.c **** /*******************************************************************************
  21:Generated_Source\PSoC4/PGA_PM.c **** * Function Name: PGA_SaveConfig
  22:Generated_Source\PSoC4/PGA_PM.c **** ****************************************************************************//**
  23:Generated_Source\PSoC4/PGA_PM.c **** *
  24:Generated_Source\PSoC4/PGA_PM.c **** *  Empty function. Included for consistency with other components.
  25:Generated_Source\PSoC4/PGA_PM.c **** *
  26:Generated_Source\PSoC4/PGA_PM.c **** *******************************************************************************/
  27:Generated_Source\PSoC4/PGA_PM.c **** void PGA_SaveConfig(void)
  28:Generated_Source\PSoC4/PGA_PM.c **** {
  28              		.loc 1 28 0
  29              		.cfi_startproc
ARM GAS  C:\Users\GCRIST~1\AppData\Local\Temp\ccEjIM8R.s 			page 2


  30              		@ args = 0, pretend = 0, frame = 0
  31              		@ frame_needed = 0, uses_anonymous_args = 0
  32              		@ link register save eliminated.
  29:Generated_Source\PSoC4/PGA_PM.c ****     /* Nothing to save as registers are System reset on retention flops */
  30:Generated_Source\PSoC4/PGA_PM.c **** }
  33              		.loc 1 30 0
  34              		@ sp needed
  35 0000 7047     		bx	lr
  36              		.cfi_endproc
  37              	.LFE0:
  38              		.size	PGA_SaveConfig, .-PGA_SaveConfig
  39 0002 C046     		.section	.text.PGA_RestoreConfig,"ax",%progbits
  40              		.align	2
  41              		.global	PGA_RestoreConfig
  42              		.code	16
  43              		.thumb_func
  44              		.type	PGA_RestoreConfig, %function
  45              	PGA_RestoreConfig:
  46              	.LFB1:
  31:Generated_Source\PSoC4/PGA_PM.c **** 
  32:Generated_Source\PSoC4/PGA_PM.c **** 
  33:Generated_Source\PSoC4/PGA_PM.c **** /*******************************************************************************  
  34:Generated_Source\PSoC4/PGA_PM.c **** * Function Name: PGA_RestoreConfig
  35:Generated_Source\PSoC4/PGA_PM.c **** ****************************************************************************//**
  36:Generated_Source\PSoC4/PGA_PM.c **** *
  37:Generated_Source\PSoC4/PGA_PM.c **** *  Empty function. Included for consistency with other components.
  38:Generated_Source\PSoC4/PGA_PM.c **** *
  39:Generated_Source\PSoC4/PGA_PM.c **** *******************************************************************************/
  40:Generated_Source\PSoC4/PGA_PM.c **** void PGA_RestoreConfig(void)
  41:Generated_Source\PSoC4/PGA_PM.c **** {
  47              		.loc 1 41 0
  48              		.cfi_startproc
  49              		@ args = 0, pretend = 0, frame = 0
  50              		@ frame_needed = 0, uses_anonymous_args = 0
  51              		@ link register save eliminated.
  42:Generated_Source\PSoC4/PGA_PM.c ****     /* Nothing to restore */
  43:Generated_Source\PSoC4/PGA_PM.c **** }
  52              		.loc 1 43 0
  53              		@ sp needed
  54 0000 7047     		bx	lr
  55              		.cfi_endproc
  56              	.LFE1:
  57              		.size	PGA_RestoreConfig, .-PGA_RestoreConfig
  58 0002 C046     		.section	.text.PGA_Sleep,"ax",%progbits
  59              		.align	2
  60              		.global	PGA_Sleep
  61              		.code	16
  62              		.thumb_func
  63              		.type	PGA_Sleep, %function
  64              	PGA_Sleep:
  65              	.LFB2:
  44:Generated_Source\PSoC4/PGA_PM.c **** 
  45:Generated_Source\PSoC4/PGA_PM.c **** 
  46:Generated_Source\PSoC4/PGA_PM.c **** /*******************************************************************************   
  47:Generated_Source\PSoC4/PGA_PM.c **** * Function Name: PGA_Sleep
  48:Generated_Source\PSoC4/PGA_PM.c **** ****************************************************************************//**
  49:Generated_Source\PSoC4/PGA_PM.c **** *
ARM GAS  C:\Users\GCRIST~1\AppData\Local\Temp\ccEjIM8R.s 			page 3


  50:Generated_Source\PSoC4/PGA_PM.c **** *  When the "Deep sleep operation" is disabled then the function disables 
  51:Generated_Source\PSoC4/PGA_PM.c **** *  component's operation and saves its configuration. Should be called 
  52:Generated_Source\PSoC4/PGA_PM.c **** *  just prior to entering sleep.
  53:Generated_Source\PSoC4/PGA_PM.c **** *  When the "Deep sleep operation" is enabled then the function does nothing
  54:Generated_Source\PSoC4/PGA_PM.c **** *  and the component continues to operate during Deep Sleep state.
  55:Generated_Source\PSoC4/PGA_PM.c **** *
  56:Generated_Source\PSoC4/PGA_PM.c **** *  \internal
  57:Generated_Source\PSoC4/PGA_PM.c **** *   The PGA_backup.enableState is modified 
  58:Generated_Source\PSoC4/PGA_PM.c **** *   depending on the enable state of the block before entering to sleep mode.
  59:Generated_Source\PSoC4/PGA_PM.c **** *
  60:Generated_Source\PSoC4/PGA_PM.c **** *******************************************************************************/
  61:Generated_Source\PSoC4/PGA_PM.c **** void PGA_Sleep(void)
  62:Generated_Source\PSoC4/PGA_PM.c **** {
  66              		.loc 1 62 0
  67              		.cfi_startproc
  68              		@ args = 0, pretend = 0, frame = 0
  69              		@ frame_needed = 0, uses_anonymous_args = 0
  70 0000 10B5     		push	{r4, lr}
  71              		.cfi_def_cfa_offset 8
  72              		.cfi_offset 4, -8
  73              		.cfi_offset 14, -4
  63:Generated_Source\PSoC4/PGA_PM.c ****     #if(!PGA_CHECK_DEEPSLEEP_SUPPORT)
  64:Generated_Source\PSoC4/PGA_PM.c ****         if((PGA_OA_RES_CTRL_REG & PGA_OA_PWR_MODE_MASK) != 0u)
  74              		.loc 1 64 0
  75 0002 094B     		ldr	r3, .L6
  76 0004 1B68     		ldr	r3, [r3]
  77 0006 9B07     		lsls	r3, r3, #30
  78 0008 08D0     		beq	.L4
  65:Generated_Source\PSoC4/PGA_PM.c ****         {
  66:Generated_Source\PSoC4/PGA_PM.c ****             PGA_internalGainPower |= PGA_ENABLED;
  79              		.loc 1 66 0
  80 000a 084A     		ldr	r2, .L6+4
  81 000c 8023     		movs	r3, #128
  82 000e 1B06     		lsls	r3, r3, #24
  83 0010 1168     		ldr	r1, [r2]
  84 0012 0B43     		orrs	r3, r1
  85 0014 1360     		str	r3, [r2]
  67:Generated_Source\PSoC4/PGA_PM.c ****             PGA_Stop();
  86              		.loc 1 67 0
  87 0016 FFF7FEFF 		bl	PGA_Stop
  88              	.LVL0:
  89 001a 04E0     		b	.L3
  90              	.L4:
  68:Generated_Source\PSoC4/PGA_PM.c ****         }
  69:Generated_Source\PSoC4/PGA_PM.c ****         else /* The component is disabled */
  70:Generated_Source\PSoC4/PGA_PM.c ****         {
  71:Generated_Source\PSoC4/PGA_PM.c ****             PGA_internalGainPower &= (uint32) ~PGA_ENABLED;
  91              		.loc 1 71 0
  92 001c 034A     		ldr	r2, .L6+4
  93 001e 1368     		ldr	r3, [r2]
  94 0020 5B00     		lsls	r3, r3, #1
  95 0022 5B08     		lsrs	r3, r3, #1
  96 0024 1360     		str	r3, [r2]
  97              	.L3:
  72:Generated_Source\PSoC4/PGA_PM.c ****         }
  73:Generated_Source\PSoC4/PGA_PM.c ****         /* Save the configuration */
  74:Generated_Source\PSoC4/PGA_PM.c ****         PGA_SaveConfig();
ARM GAS  C:\Users\GCRIST~1\AppData\Local\Temp\ccEjIM8R.s 			page 4


  75:Generated_Source\PSoC4/PGA_PM.c ****     #endif /* (PGA_CHECK_DEEPSLEEP_SUPPORT) */
  76:Generated_Source\PSoC4/PGA_PM.c **** }
  98              		.loc 1 76 0
  99              		@ sp needed
 100 0026 10BD     		pop	{r4, pc}
 101              	.L7:
 102              		.align	2
 103              	.L6:
 104 0028 04003040 		.word	1076887556
 105 002c 00000000 		.word	PGA_internalGainPower
 106              		.cfi_endproc
 107              	.LFE2:
 108              		.size	PGA_Sleep, .-PGA_Sleep
 109              		.section	.text.PGA_Wakeup,"ax",%progbits
 110              		.align	2
 111              		.global	PGA_Wakeup
 112              		.code	16
 113              		.thumb_func
 114              		.type	PGA_Wakeup, %function
 115              	PGA_Wakeup:
 116              	.LFB3:
  77:Generated_Source\PSoC4/PGA_PM.c **** 
  78:Generated_Source\PSoC4/PGA_PM.c **** 
  79:Generated_Source\PSoC4/PGA_PM.c **** /*******************************************************************************
  80:Generated_Source\PSoC4/PGA_PM.c **** * Function Name: PGA_Wakeup
  81:Generated_Source\PSoC4/PGA_PM.c **** ****************************************************************************//**
  82:Generated_Source\PSoC4/PGA_PM.c **** *
  83:Generated_Source\PSoC4/PGA_PM.c **** *  When the "Deep sleep operation" is disabled then the function enables
  84:Generated_Source\PSoC4/PGA_PM.c **** *  block's operation and restores its configuration. Should be called
  85:Generated_Source\PSoC4/PGA_PM.c **** *  just after awaking from sleep.
  86:Generated_Source\PSoC4/PGA_PM.c **** *  When the "Deep sleep operation" is enabled then the function does nothing
  87:Generated_Source\PSoC4/PGA_PM.c **** *  and the component continues to operate during Active state.
  88:Generated_Source\PSoC4/PGA_PM.c **** *
  89:Generated_Source\PSoC4/PGA_PM.c **** *  \internal
  90:Generated_Source\PSoC4/PGA_PM.c **** *   The PGA_backup.enableState is used to 
  91:Generated_Source\PSoC4/PGA_PM.c **** *   restore the enable state of block after wakeup from sleep mode.
  92:Generated_Source\PSoC4/PGA_PM.c **** * 
  93:Generated_Source\PSoC4/PGA_PM.c **** *******************************************************************************/
  94:Generated_Source\PSoC4/PGA_PM.c **** void PGA_Wakeup(void)
  95:Generated_Source\PSoC4/PGA_PM.c **** {
 117              		.loc 1 95 0
 118              		.cfi_startproc
 119              		@ args = 0, pretend = 0, frame = 0
 120              		@ frame_needed = 0, uses_anonymous_args = 0
 121 0000 10B5     		push	{r4, lr}
 122              		.cfi_def_cfa_offset 8
 123              		.cfi_offset 4, -8
 124              		.cfi_offset 14, -4
  96:Generated_Source\PSoC4/PGA_PM.c ****     #if(!PGA_CHECK_DEEPSLEEP_SUPPORT)
  97:Generated_Source\PSoC4/PGA_PM.c ****         /* Restore the configurations */
  98:Generated_Source\PSoC4/PGA_PM.c ****         PGA_RestoreConfig();
  99:Generated_Source\PSoC4/PGA_PM.c ****         /* Enables the component operation */
 100:Generated_Source\PSoC4/PGA_PM.c ****         if((PGA_internalGainPower & PGA_ENABLED) != 0u)
 125              		.loc 1 100 0
 126 0002 034B     		ldr	r3, .L10
 127 0004 1B68     		ldr	r3, [r3]
 128 0006 002B     		cmp	r3, #0
ARM GAS  C:\Users\GCRIST~1\AppData\Local\Temp\ccEjIM8R.s 			page 5


 129 0008 01DA     		bge	.L8
 101:Generated_Source\PSoC4/PGA_PM.c ****         {
 102:Generated_Source\PSoC4/PGA_PM.c ****             PGA_Enable();
 130              		.loc 1 102 0
 131 000a FFF7FEFF 		bl	PGA_Enable
 132              	.LVL1:
 133              	.L8:
 103:Generated_Source\PSoC4/PGA_PM.c ****         } /* Do nothing if component was disabled before */
 104:Generated_Source\PSoC4/PGA_PM.c ****     #endif /* (PGA_CHECK_DEEPSLEEP_SUPPORT) */
 105:Generated_Source\PSoC4/PGA_PM.c **** }
 134              		.loc 1 105 0
 135              		@ sp needed
 136 000e 10BD     		pop	{r4, pc}
 137              	.L11:
 138              		.align	2
 139              	.L10:
 140 0010 00000000 		.word	PGA_internalGainPower
 141              		.cfi_endproc
 142              	.LFE3:
 143              		.size	PGA_Wakeup, .-PGA_Wakeup
 144              		.text
 145              	.Letext0:
 146              		.file 2 "Generated_Source\\PSoC4\\cytypes.h"
 147              		.file 3 "Generated_Source\\PSoC4\\PGA.h"
 148              		.file 4 "Generated_Source\\PSoC4\\PGA_PVT.h"
 149              		.section	.debug_info,"",%progbits
 150              	.Ldebug_info0:
 151 0000 1B010000 		.4byte	0x11b
 152 0004 0400     		.2byte	0x4
 153 0006 00000000 		.4byte	.Ldebug_abbrev0
 154 000a 04       		.byte	0x4
 155 000b 01       		.uleb128 0x1
 156 000c 72010000 		.4byte	.LASF20
 157 0010 0C       		.byte	0xc
 158 0011 10020000 		.4byte	.LASF21
 159 0015 06000000 		.4byte	.LASF22
 160 0019 00000000 		.4byte	.Ldebug_ranges0+0
 161 001d 00000000 		.4byte	0
 162 0021 00000000 		.4byte	.Ldebug_line0
 163 0025 02       		.uleb128 0x2
 164 0026 01       		.byte	0x1
 165 0027 06       		.byte	0x6
 166 0028 04020000 		.4byte	.LASF0
 167 002c 02       		.uleb128 0x2
 168 002d 01       		.byte	0x1
 169 002e 08       		.byte	0x8
 170 002f B8000000 		.4byte	.LASF1
 171 0033 02       		.uleb128 0x2
 172 0034 02       		.byte	0x2
 173 0035 05       		.byte	0x5
 174 0036 5F010000 		.4byte	.LASF2
 175 003a 02       		.uleb128 0x2
 176 003b 02       		.byte	0x2
 177 003c 07       		.byte	0x7
 178 003d EE000000 		.4byte	.LASF3
 179 0041 02       		.uleb128 0x2
 180 0042 04       		.byte	0x4
ARM GAS  C:\Users\GCRIST~1\AppData\Local\Temp\ccEjIM8R.s 			page 6


 181 0043 05       		.byte	0x5
 182 0044 69010000 		.4byte	.LASF4
 183 0048 02       		.uleb128 0x2
 184 0049 04       		.byte	0x4
 185 004a 07       		.byte	0x7
 186 004b DC000000 		.4byte	.LASF5
 187 004f 02       		.uleb128 0x2
 188 0050 08       		.byte	0x8
 189 0051 05       		.byte	0x5
 190 0052 4C010000 		.4byte	.LASF6
 191 0056 02       		.uleb128 0x2
 192 0057 08       		.byte	0x8
 193 0058 07       		.byte	0x7
 194 0059 35010000 		.4byte	.LASF7
 195 005d 03       		.uleb128 0x3
 196 005e 04       		.byte	0x4
 197 005f 05       		.byte	0x5
 198 0060 696E7400 		.ascii	"int\000"
 199 0064 02       		.uleb128 0x2
 200 0065 04       		.byte	0x4
 201 0066 07       		.byte	0x7
 202 0067 28010000 		.4byte	.LASF8
 203 006b 04       		.uleb128 0x4
 204 006c 21010000 		.4byte	.LASF12
 205 0070 02       		.byte	0x2
 206 0071 F901     		.2byte	0x1f9
 207 0073 48000000 		.4byte	0x48
 208 0077 02       		.uleb128 0x2
 209 0078 04       		.byte	0x4
 210 0079 04       		.byte	0x4
 211 007a B2000000 		.4byte	.LASF9
 212 007e 02       		.uleb128 0x2
 213 007f 08       		.byte	0x8
 214 0080 04       		.byte	0x4
 215 0081 10010000 		.4byte	.LASF10
 216 0085 02       		.uleb128 0x2
 217 0086 01       		.byte	0x1
 218 0087 08       		.byte	0x8
 219 0088 5A010000 		.4byte	.LASF11
 220 008c 04       		.uleb128 0x4
 221 008d 00000000 		.4byte	.LASF13
 222 0091 02       		.byte	0x2
 223 0092 A302     		.2byte	0x2a3
 224 0094 98000000 		.4byte	0x98
 225 0098 05       		.uleb128 0x5
 226 0099 6B000000 		.4byte	0x6b
 227 009d 06       		.uleb128 0x6
 228 009e 01010000 		.4byte	.LASF14
 229 00a2 01       		.byte	0x1
 230 00a3 1B       		.byte	0x1b
 231 00a4 00000000 		.4byte	.LFB0
 232 00a8 02000000 		.4byte	.LFE0-.LFB0
 233 00ac 01       		.uleb128 0x1
 234 00ad 9C       		.byte	0x9c
 235 00ae 06       		.uleb128 0x6
 236 00af A0000000 		.4byte	.LASF15
 237 00b3 01       		.byte	0x1
ARM GAS  C:\Users\GCRIST~1\AppData\Local\Temp\ccEjIM8R.s 			page 7


 238 00b4 28       		.byte	0x28
 239 00b5 00000000 		.4byte	.LFB1
 240 00b9 02000000 		.4byte	.LFE1-.LFB1
 241 00bd 01       		.uleb128 0x1
 242 00be 9C       		.byte	0x9c
 243 00bf 07       		.uleb128 0x7
 244 00c0 17010000 		.4byte	.LASF16
 245 00c4 01       		.byte	0x1
 246 00c5 3D       		.byte	0x3d
 247 00c6 00000000 		.4byte	.LFB2
 248 00ca 30000000 		.4byte	.LFE2-.LFB2
 249 00ce 01       		.uleb128 0x1
 250 00cf 9C       		.byte	0x9c
 251 00d0 DE000000 		.4byte	0xde
 252 00d4 08       		.uleb128 0x8
 253 00d5 1A000000 		.4byte	.LVL0
 254 00d9 08010000 		.4byte	0x108
 255 00dd 00       		.byte	0
 256 00de 07       		.uleb128 0x7
 257 00df 8C000000 		.4byte	.LASF17
 258 00e3 01       		.byte	0x1
 259 00e4 5E       		.byte	0x5e
 260 00e5 00000000 		.4byte	.LFB3
 261 00e9 14000000 		.4byte	.LFE3-.LFB3
 262 00ed 01       		.uleb128 0x1
 263 00ee 9C       		.byte	0x9c
 264 00ef FD000000 		.4byte	0xfd
 265 00f3 08       		.uleb128 0x8
 266 00f4 0E000000 		.4byte	.LVL1
 267 00f8 13010000 		.4byte	0x113
 268 00fc 00       		.byte	0
 269 00fd 09       		.uleb128 0x9
 270 00fe C6000000 		.4byte	.LASF23
 271 0102 04       		.byte	0x4
 272 0103 32       		.byte	0x32
 273 0104 6B000000 		.4byte	0x6b
 274 0108 0A       		.uleb128 0xa
 275 0109 97000000 		.4byte	.LASF18
 276 010d 97000000 		.4byte	.LASF18
 277 0111 03       		.byte	0x3
 278 0112 38       		.byte	0x38
 279 0113 0A       		.uleb128 0xa
 280 0114 30020000 		.4byte	.LASF19
 281 0118 30020000 		.4byte	.LASF19
 282 011c 03       		.byte	0x3
 283 011d 36       		.byte	0x36
 284 011e 00       		.byte	0
 285              		.section	.debug_abbrev,"",%progbits
 286              	.Ldebug_abbrev0:
 287 0000 01       		.uleb128 0x1
 288 0001 11       		.uleb128 0x11
 289 0002 01       		.byte	0x1
 290 0003 25       		.uleb128 0x25
 291 0004 0E       		.uleb128 0xe
 292 0005 13       		.uleb128 0x13
 293 0006 0B       		.uleb128 0xb
 294 0007 03       		.uleb128 0x3
ARM GAS  C:\Users\GCRIST~1\AppData\Local\Temp\ccEjIM8R.s 			page 8


 295 0008 0E       		.uleb128 0xe
 296 0009 1B       		.uleb128 0x1b
 297 000a 0E       		.uleb128 0xe
 298 000b 55       		.uleb128 0x55
 299 000c 17       		.uleb128 0x17
 300 000d 11       		.uleb128 0x11
 301 000e 01       		.uleb128 0x1
 302 000f 10       		.uleb128 0x10
 303 0010 17       		.uleb128 0x17
 304 0011 00       		.byte	0
 305 0012 00       		.byte	0
 306 0013 02       		.uleb128 0x2
 307 0014 24       		.uleb128 0x24
 308 0015 00       		.byte	0
 309 0016 0B       		.uleb128 0xb
 310 0017 0B       		.uleb128 0xb
 311 0018 3E       		.uleb128 0x3e
 312 0019 0B       		.uleb128 0xb
 313 001a 03       		.uleb128 0x3
 314 001b 0E       		.uleb128 0xe
 315 001c 00       		.byte	0
 316 001d 00       		.byte	0
 317 001e 03       		.uleb128 0x3
 318 001f 24       		.uleb128 0x24
 319 0020 00       		.byte	0
 320 0021 0B       		.uleb128 0xb
 321 0022 0B       		.uleb128 0xb
 322 0023 3E       		.uleb128 0x3e
 323 0024 0B       		.uleb128 0xb
 324 0025 03       		.uleb128 0x3
 325 0026 08       		.uleb128 0x8
 326 0027 00       		.byte	0
 327 0028 00       		.byte	0
 328 0029 04       		.uleb128 0x4
 329 002a 16       		.uleb128 0x16
 330 002b 00       		.byte	0
 331 002c 03       		.uleb128 0x3
 332 002d 0E       		.uleb128 0xe
 333 002e 3A       		.uleb128 0x3a
 334 002f 0B       		.uleb128 0xb
 335 0030 3B       		.uleb128 0x3b
 336 0031 05       		.uleb128 0x5
 337 0032 49       		.uleb128 0x49
 338 0033 13       		.uleb128 0x13
 339 0034 00       		.byte	0
 340 0035 00       		.byte	0
 341 0036 05       		.uleb128 0x5
 342 0037 35       		.uleb128 0x35
 343 0038 00       		.byte	0
 344 0039 49       		.uleb128 0x49
 345 003a 13       		.uleb128 0x13
 346 003b 00       		.byte	0
 347 003c 00       		.byte	0
 348 003d 06       		.uleb128 0x6
 349 003e 2E       		.uleb128 0x2e
 350 003f 00       		.byte	0
 351 0040 3F       		.uleb128 0x3f
ARM GAS  C:\Users\GCRIST~1\AppData\Local\Temp\ccEjIM8R.s 			page 9


 352 0041 19       		.uleb128 0x19
 353 0042 03       		.uleb128 0x3
 354 0043 0E       		.uleb128 0xe
 355 0044 3A       		.uleb128 0x3a
 356 0045 0B       		.uleb128 0xb
 357 0046 3B       		.uleb128 0x3b
 358 0047 0B       		.uleb128 0xb
 359 0048 27       		.uleb128 0x27
 360 0049 19       		.uleb128 0x19
 361 004a 11       		.uleb128 0x11
 362 004b 01       		.uleb128 0x1
 363 004c 12       		.uleb128 0x12
 364 004d 06       		.uleb128 0x6
 365 004e 40       		.uleb128 0x40
 366 004f 18       		.uleb128 0x18
 367 0050 9742     		.uleb128 0x2117
 368 0052 19       		.uleb128 0x19
 369 0053 00       		.byte	0
 370 0054 00       		.byte	0
 371 0055 07       		.uleb128 0x7
 372 0056 2E       		.uleb128 0x2e
 373 0057 01       		.byte	0x1
 374 0058 3F       		.uleb128 0x3f
 375 0059 19       		.uleb128 0x19
 376 005a 03       		.uleb128 0x3
 377 005b 0E       		.uleb128 0xe
 378 005c 3A       		.uleb128 0x3a
 379 005d 0B       		.uleb128 0xb
 380 005e 3B       		.uleb128 0x3b
 381 005f 0B       		.uleb128 0xb
 382 0060 27       		.uleb128 0x27
 383 0061 19       		.uleb128 0x19
 384 0062 11       		.uleb128 0x11
 385 0063 01       		.uleb128 0x1
 386 0064 12       		.uleb128 0x12
 387 0065 06       		.uleb128 0x6
 388 0066 40       		.uleb128 0x40
 389 0067 18       		.uleb128 0x18
 390 0068 9742     		.uleb128 0x2117
 391 006a 19       		.uleb128 0x19
 392 006b 01       		.uleb128 0x1
 393 006c 13       		.uleb128 0x13
 394 006d 00       		.byte	0
 395 006e 00       		.byte	0
 396 006f 08       		.uleb128 0x8
 397 0070 898201   		.uleb128 0x4109
 398 0073 00       		.byte	0
 399 0074 11       		.uleb128 0x11
 400 0075 01       		.uleb128 0x1
 401 0076 31       		.uleb128 0x31
 402 0077 13       		.uleb128 0x13
 403 0078 00       		.byte	0
 404 0079 00       		.byte	0
 405 007a 09       		.uleb128 0x9
 406 007b 34       		.uleb128 0x34
 407 007c 00       		.byte	0
 408 007d 03       		.uleb128 0x3
ARM GAS  C:\Users\GCRIST~1\AppData\Local\Temp\ccEjIM8R.s 			page 10


 409 007e 0E       		.uleb128 0xe
 410 007f 3A       		.uleb128 0x3a
 411 0080 0B       		.uleb128 0xb
 412 0081 3B       		.uleb128 0x3b
 413 0082 0B       		.uleb128 0xb
 414 0083 49       		.uleb128 0x49
 415 0084 13       		.uleb128 0x13
 416 0085 3F       		.uleb128 0x3f
 417 0086 19       		.uleb128 0x19
 418 0087 3C       		.uleb128 0x3c
 419 0088 19       		.uleb128 0x19
 420 0089 00       		.byte	0
 421 008a 00       		.byte	0
 422 008b 0A       		.uleb128 0xa
 423 008c 2E       		.uleb128 0x2e
 424 008d 00       		.byte	0
 425 008e 3F       		.uleb128 0x3f
 426 008f 19       		.uleb128 0x19
 427 0090 3C       		.uleb128 0x3c
 428 0091 19       		.uleb128 0x19
 429 0092 6E       		.uleb128 0x6e
 430 0093 0E       		.uleb128 0xe
 431 0094 03       		.uleb128 0x3
 432 0095 0E       		.uleb128 0xe
 433 0096 3A       		.uleb128 0x3a
 434 0097 0B       		.uleb128 0xb
 435 0098 3B       		.uleb128 0x3b
 436 0099 0B       		.uleb128 0xb
 437 009a 00       		.byte	0
 438 009b 00       		.byte	0
 439 009c 00       		.byte	0
 440              		.section	.debug_aranges,"",%progbits
 441 0000 34000000 		.4byte	0x34
 442 0004 0200     		.2byte	0x2
 443 0006 00000000 		.4byte	.Ldebug_info0
 444 000a 04       		.byte	0x4
 445 000b 00       		.byte	0
 446 000c 0000     		.2byte	0
 447 000e 0000     		.2byte	0
 448 0010 00000000 		.4byte	.LFB0
 449 0014 02000000 		.4byte	.LFE0-.LFB0
 450 0018 00000000 		.4byte	.LFB1
 451 001c 02000000 		.4byte	.LFE1-.LFB1
 452 0020 00000000 		.4byte	.LFB2
 453 0024 30000000 		.4byte	.LFE2-.LFB2
 454 0028 00000000 		.4byte	.LFB3
 455 002c 14000000 		.4byte	.LFE3-.LFB3
 456 0030 00000000 		.4byte	0
 457 0034 00000000 		.4byte	0
 458              		.section	.debug_ranges,"",%progbits
 459              	.Ldebug_ranges0:
 460 0000 00000000 		.4byte	.LFB0
 461 0004 02000000 		.4byte	.LFE0
 462 0008 00000000 		.4byte	.LFB1
 463 000c 02000000 		.4byte	.LFE1
 464 0010 00000000 		.4byte	.LFB2
 465 0014 30000000 		.4byte	.LFE2
ARM GAS  C:\Users\GCRIST~1\AppData\Local\Temp\ccEjIM8R.s 			page 11


 466 0018 00000000 		.4byte	.LFB3
 467 001c 14000000 		.4byte	.LFE3
 468 0020 00000000 		.4byte	0
 469 0024 00000000 		.4byte	0
 470              		.section	.debug_line,"",%progbits
 471              	.Ldebug_line0:
 472 0000 A6000000 		.section	.debug_str,"MS",%progbits,1
 472      02005900 
 472      00000201 
 472      FB0E0D00 
 472      01010101 
 473              	.LASF13:
 474 0000 72656733 		.ascii	"reg32\000"
 474      3200
 475              	.LASF22:
 476 0006 433A5C55 		.ascii	"C:\\Users\\gcristini\\OneDrive - Datalogic S.p.a\\D"
 476      73657273 
 476      5C676372 
 476      69737469 
 476      6E695C4F 
 477 0035 6174615C 		.ascii	"ata\\PhytonWorkspace\\SkorpioTemperatureTest\\PSOC-"
 477      50687974 
 477      6F6E576F 
 477      726B7370 
 477      6163655C 
 478 0065 4669726D 		.ascii	"Firmware\\SerialTemperatureSensor.cydsn\000"
 478      77617265 
 478      5C536572 
 478      69616C54 
 478      656D7065 
 479              	.LASF17:
 480 008c 5047415F 		.ascii	"PGA_Wakeup\000"
 480      57616B65 
 480      757000
 481              	.LASF18:
 482 0097 5047415F 		.ascii	"PGA_Stop\000"
 482      53746F70 
 482      00
 483              	.LASF15:
 484 00a0 5047415F 		.ascii	"PGA_RestoreConfig\000"
 484      52657374 
 484      6F726543 
 484      6F6E6669 
 484      6700
 485              	.LASF9:
 486 00b2 666C6F61 		.ascii	"float\000"
 486      7400
 487              	.LASF1:
 488 00b8 756E7369 		.ascii	"unsigned char\000"
 488      676E6564 
 488      20636861 
 488      7200
 489              	.LASF23:
 490 00c6 5047415F 		.ascii	"PGA_internalGainPower\000"
 490      696E7465 
 490      726E616C 
 490      4761696E 
ARM GAS  C:\Users\GCRIST~1\AppData\Local\Temp\ccEjIM8R.s 			page 12


 490      506F7765 
 491              	.LASF5:
 492 00dc 6C6F6E67 		.ascii	"long unsigned int\000"
 492      20756E73 
 492      69676E65 
 492      6420696E 
 492      7400
 493              	.LASF3:
 494 00ee 73686F72 		.ascii	"short unsigned int\000"
 494      7420756E 
 494      7369676E 
 494      65642069 
 494      6E7400
 495              	.LASF14:
 496 0101 5047415F 		.ascii	"PGA_SaveConfig\000"
 496      53617665 
 496      436F6E66 
 496      696700
 497              	.LASF10:
 498 0110 646F7562 		.ascii	"double\000"
 498      6C6500
 499              	.LASF16:
 500 0117 5047415F 		.ascii	"PGA_Sleep\000"
 500      536C6565 
 500      7000
 501              	.LASF12:
 502 0121 75696E74 		.ascii	"uint32\000"
 502      333200
 503              	.LASF8:
 504 0128 756E7369 		.ascii	"unsigned int\000"
 504      676E6564 
 504      20696E74 
 504      00
 505              	.LASF7:
 506 0135 6C6F6E67 		.ascii	"long long unsigned int\000"
 506      206C6F6E 
 506      6720756E 
 506      7369676E 
 506      65642069 
 507              	.LASF6:
 508 014c 6C6F6E67 		.ascii	"long long int\000"
 508      206C6F6E 
 508      6720696E 
 508      7400
 509              	.LASF11:
 510 015a 63686172 		.ascii	"char\000"
 510      00
 511              	.LASF2:
 512 015f 73686F72 		.ascii	"short int\000"
 512      7420696E 
 512      7400
 513              	.LASF4:
 514 0169 6C6F6E67 		.ascii	"long int\000"
 514      20696E74 
 514      00
 515              	.LASF20:
 516 0172 474E5520 		.ascii	"GNU C11 5.4.1 20160609 (release) [ARM/embedded-5-br"
ARM GAS  C:\Users\GCRIST~1\AppData\Local\Temp\ccEjIM8R.s 			page 13


 516      43313120 
 516      352E342E 
 516      31203230 
 516      31363036 
 517 01a5 616E6368 		.ascii	"anch revision 237715] -mcpu=cortex-m0plus -mthumb -"
 517      20726576 
 517      6973696F 
 517      6E203233 
 517      37373135 
 518 01d8 67202D4F 		.ascii	"g -Og -ffunction-sections -ffat-lto-objects\000"
 518      67202D66 
 518      66756E63 
 518      74696F6E 
 518      2D736563 
 519              	.LASF0:
 520 0204 7369676E 		.ascii	"signed char\000"
 520      65642063 
 520      68617200 
 521              	.LASF21:
 522 0210 47656E65 		.ascii	"Generated_Source\\PSoC4\\PGA_PM.c\000"
 522      72617465 
 522      645F536F 
 522      75726365 
 522      5C50536F 
 523              	.LASF19:
 524 0230 5047415F 		.ascii	"PGA_Enable\000"
 524      456E6162 
 524      6C6500
 525              		.ident	"GCC: (GNU Tools for ARM Embedded Processors) 5.4.1 20160609 (release) [ARM/embedded-5-bran
